Archive member included to satisfy reference by file (symbol)

/home/hjh/RISC-V/riscv64-unknown-elf-gcc-8.3.0-2020.04.0-x86_64-linux-ubuntu14/bin/../lib/gcc/riscv64-unknown-elf/8.3.0/../../../../riscv64-unknown-elf/lib/rv32imac/ilp32/libc_nano.a(lib_a-exit.o)
                              /tmp/ccO8Ayoo.o (exit)
/home/hjh/RISC-V/riscv64-unknown-elf-gcc-8.3.0-2020.04.0-x86_64-linux-ubuntu14/bin/../lib/gcc/riscv64-unknown-elf/8.3.0/../../../../riscv64-unknown-elf/lib/rv32imac/ilp32/libc_nano.a(lib_a-impure.o)
                              /home/hjh/RISC-V/riscv64-unknown-elf-gcc-8.3.0-2020.04.0-x86_64-linux-ubuntu14/bin/../lib/gcc/riscv64-unknown-elf/8.3.0/../../../../riscv64-unknown-elf/lib/rv32imac/ilp32/libc_nano.a(lib_a-exit.o) (_global_impure_ptr)
/home/hjh/RISC-V/riscv64-unknown-elf-gcc-8.3.0-2020.04.0-x86_64-linux-ubuntu14/bin/../lib/gcc/riscv64-unknown-elf/8.3.0/../../../../riscv64-unknown-elf/lib/rv32imac/ilp32/libc_nano.a(lib_a-malloc.o)
                              /tmp/ccO8Ayoo.o (malloc)
/home/hjh/RISC-V/riscv64-unknown-elf-gcc-8.3.0-2020.04.0-x86_64-linux-ubuntu14/bin/../lib/gcc/riscv64-unknown-elf/8.3.0/../../../../riscv64-unknown-elf/lib/rv32imac/ilp32/libc_nano.a(lib_a-memcpy-asm.o)
                              /tmp/ccO8Ayoo.o (memcpy)
/home/hjh/RISC-V/riscv64-unknown-elf-gcc-8.3.0-2020.04.0-x86_64-linux-ubuntu14/bin/../lib/gcc/riscv64-unknown-elf/8.3.0/../../../../riscv64-unknown-elf/lib/rv32imac/ilp32/libc_nano.a(lib_a-memset.o)
                              /tmp/ccO8Ayoo.o (memset)
/home/hjh/RISC-V/riscv64-unknown-elf-gcc-8.3.0-2020.04.0-x86_64-linux-ubuntu14/bin/../lib/gcc/riscv64-unknown-elf/8.3.0/../../../../riscv64-unknown-elf/lib/rv32imac/ilp32/libc_nano.a(lib_a-nano-freer.o)
                              /home/hjh/RISC-V/riscv64-unknown-elf-gcc-8.3.0-2020.04.0-x86_64-linux-ubuntu14/bin/../lib/gcc/riscv64-unknown-elf/8.3.0/../../../../riscv64-unknown-elf/lib/rv32imac/ilp32/libc_nano.a(lib_a-malloc.o) (_free_r)
/home/hjh/RISC-V/riscv64-unknown-elf-gcc-8.3.0-2020.04.0-x86_64-linux-ubuntu14/bin/../lib/gcc/riscv64-unknown-elf/8.3.0/../../../../riscv64-unknown-elf/lib/rv32imac/ilp32/libc_nano.a(lib_a-nano-mallocr.o)
                              /home/hjh/RISC-V/riscv64-unknown-elf-gcc-8.3.0-2020.04.0-x86_64-linux-ubuntu14/bin/../lib/gcc/riscv64-unknown-elf/8.3.0/../../../../riscv64-unknown-elf/lib/rv32imac/ilp32/libc_nano.a(lib_a-malloc.o) (_malloc_r)
/home/hjh/RISC-V/riscv64-unknown-elf-gcc-8.3.0-2020.04.0-x86_64-linux-ubuntu14/bin/../lib/gcc/riscv64-unknown-elf/8.3.0/../../../../riscv64-unknown-elf/lib/rv32imac/ilp32/libc_nano.a(lib_a-printf.o)
                              /tmp/ccy1Nzyh.o (printf)
/home/hjh/RISC-V/riscv64-unknown-elf-gcc-8.3.0-2020.04.0-x86_64-linux-ubuntu14/bin/../lib/gcc/riscv64-unknown-elf/8.3.0/../../../../riscv64-unknown-elf/lib/rv32imac/ilp32/libc_nano.a(lib_a-puts.o)
                              /tmp/ccy1Nzyh.o (puts)
/home/hjh/RISC-V/riscv64-unknown-elf-gcc-8.3.0-2020.04.0-x86_64-linux-ubuntu14/bin/../lib/gcc/riscv64-unknown-elf/8.3.0/../../../../riscv64-unknown-elf/lib/rv32imac/ilp32/libc_nano.a(lib_a-sbrkr.o)
                              /home/hjh/RISC-V/riscv64-unknown-elf-gcc-8.3.0-2020.04.0-x86_64-linux-ubuntu14/bin/../lib/gcc/riscv64-unknown-elf/8.3.0/../../../../riscv64-unknown-elf/lib/rv32imac/ilp32/libc_nano.a(lib_a-nano-mallocr.o) (_sbrk_r)
/home/hjh/RISC-V/riscv64-unknown-elf-gcc-8.3.0-2020.04.0-x86_64-linux-ubuntu14/bin/../lib/gcc/riscv64-unknown-elf/8.3.0/../../../../riscv64-unknown-elf/lib/rv32imac/ilp32/libc_nano.a(lib_a-wbuf.o)
                              /home/hjh/RISC-V/riscv64-unknown-elf-gcc-8.3.0-2020.04.0-x86_64-linux-ubuntu14/bin/../lib/gcc/riscv64-unknown-elf/8.3.0/../../../../riscv64-unknown-elf/lib/rv32imac/ilp32/libc_nano.a(lib_a-puts.o) (__swbuf_r)
/home/hjh/RISC-V/riscv64-unknown-elf-gcc-8.3.0-2020.04.0-x86_64-linux-ubuntu14/bin/../lib/gcc/riscv64-unknown-elf/8.3.0/../../../../riscv64-unknown-elf/lib/rv32imac/ilp32/libc_nano.a(lib_a-wsetup.o)
                              /home/hjh/RISC-V/riscv64-unknown-elf-gcc-8.3.0-2020.04.0-x86_64-linux-ubuntu14/bin/../lib/gcc/riscv64-unknown-elf/8.3.0/../../../../riscv64-unknown-elf/lib/rv32imac/ilp32/libc_nano.a(lib_a-puts.o) (__swsetup_r)
/home/hjh/RISC-V/riscv64-unknown-elf-gcc-8.3.0-2020.04.0-x86_64-linux-ubuntu14/bin/../lib/gcc/riscv64-unknown-elf/8.3.0/../../../../riscv64-unknown-elf/lib/rv32imac/ilp32/libc_nano.a(lib_a-fflush.o)
                              /home/hjh/RISC-V/riscv64-unknown-elf-gcc-8.3.0-2020.04.0-x86_64-linux-ubuntu14/bin/../lib/gcc/riscv64-unknown-elf/8.3.0/../../../../riscv64-unknown-elf/lib/rv32imac/ilp32/libc_nano.a(lib_a-wbuf.o) (_fflush_r)
/home/hjh/RISC-V/riscv64-unknown-elf-gcc-8.3.0-2020.04.0-x86_64-linux-ubuntu14/bin/../lib/gcc/riscv64-unknown-elf/8.3.0/../../../../riscv64-unknown-elf/lib/rv32imac/ilp32/libc_nano.a(lib_a-findfp.o)
[...]
Memory Configuration

Name             Origin             Length             Attributes
itim             0x0000000008000000 0x0000000000002000 axrwl
ram              0x0000000080000000 0x0000000000004000 arw !xl
rom              0x0000000020010000 0x000000000006a120 xrl !aw
*default*        0x0000000000000000 0xffffffffffffffff

Linker script and memory map

                0x0000000000002000                __stack_size = 0x2000
                0x0000000000000001                __heap_max = 0x1
LOAD /tmp/ccy1Nzyh.o
LOAD /tmp/ccO8Ayoo.o
LOAD /tmp/ccTHfeOb.o
LOAD /tmp/cc9V3NNE.o
LOAD /tmp/ccEmBcJV.o
LOAD /tmp/ccOIqH5w.o
LOAD /tmp/ccfp8AoY.o
LOAD /tmp/ccK1y2xp.o
LOAD /tmp/ccPrVvKK.o
LOAD /tmp/ccxV0imj.o
LOAD /tmp/ccQwclSJ.o
LOAD /tmp/ccSDK8kv.o
LOAD /tmp/ccB7s1uX.o
LOAD /tmp/cc0bLWlk.o
LOAD /tmp/ccLInkXM.o
LOAD /tmp/cculgFQI.o
LOAD /tmp/ccWW8bbP.o
LOAD /tmp/cciqOlKM.o
LOAD /tmp/ccv8gPxb.o
LOAD /tmp/ccrU3M6F.o
LOAD /tmp/cc8ATr1T.o
LOAD /tmp/ccTvmdPI.o
LOAD /tmp/ccBRAPfR.o
START GROUP
LOAD /home/hjh/RISC-V/riscv64-unknown-elf-gcc-8.3.0-2020.04.0-x86_64-linux-ubuntu14/bin/../lib/gcc/riscv64-unknown-elf/8.3.0/../../../../riscv64-unknown-elf/lib/rv32imac/ilp32/libc_nano.a
LOAD /home/hjh/RISC-V/riscv64-unknown-elf-gcc-8.3.0-2020.04.0-x86_64-linux-ubuntu14/bin/../lib/gcc/riscv64-unknown-elf/8.3.0/rv32imac/ilp32/libgcc.a
LOAD /home/hjh/RISC-V/riscv64-unknown-elf-gcc-8.3.0-2020.04.0-x86_64-linux-ubuntu14/bin/../lib/gcc/riscv64-unknown-elf/8.3.0/../../../../riscv64-unknown-elf/lib/rv32imac/ilp32/libm.a
LOAD /home/hjh/Documents/Kyber_RV_M3/RISC-V/common//libmetal.a
LOAD /home/hjh/Documents/Kyber_RV_M3/RISC-V/common//libmetal-gloss.a
END GROUP
                0x0000000000002000                __stack_size = DEFINED (__stack_size)?__stack_size:0x400
                [!provide]                        PROVIDE (__stack_size = __stack_size)
                0x0000000000000800                __heap_size = DEFINED (__heap_size)?__heap_size:0x800
                0x0000000000000000                PROVIDE (__metal_boot_hart = 0x0)
                0x0000000000000001                PROVIDE (__metal_chicken_bit = 0x1)
                0x0000000000000000                PROVIDE (__metal_eccscrub_bit = 0x0)
                [!provide]                        PROVIDE (metal_dtim_0_memory_start = 0x80000000)
                [!provide]                        PROVIDE (metal_dtim_0_memory_end = 0x80004000)
                [!provide]                        PROVIDE (metal_itim_0_memory_start = 0x8000000)
                [!provide]                        PROVIDE (metal_itim_0_memory_end = 0x8002000)

.init           0x0000000020010000      0x2e2
 *(.text.metal.init.enter)
 .text.metal.init.enter
                0x0000000020010000       0x98 /home/hjh/Documents/Kyber_RV_M3/RISC-V/common//libmetal.a(entry.o)
                0x0000000020010000                _enter
 *(.text.metal.init.*)
 .text.metal.init.__register_frame_info
                0x0000000020010098        0x2 /home/hjh/Documents/Kyber_RV_M3/RISC-V/common//libmetal.a(entry.o)
                0x0000000020010098                __register_frame_info
 .text.metal.init.scrub
                0x000000002001009a       0xaa /home/hjh/Documents/Kyber_RV_M3/RISC-V/common//libmetal.a(scrub.o)
                0x000000002001009a                metal_mem_scrub
                0x00000000200100de                __metal_before_start
 *fill*         0x0000000020010144        0x0 
 .text.metal.init.trapvec
                0x0000000020010144        0xe /home/hjh/Documents/Kyber_RV_M3/RISC-V/common//libmetal.a(trap.o)
                0x0000000020010144                early_trap_vector
 *(SORT_NONE(.init))
 .init          0x0000000020010152        0x2 /home/hjh/Documents/Kyber_RV_M3/RISC-V/common//libmetal.a(synchronize_harts.o)
                0x0000000020010152                __metal_synchronize_harts
 *(.text.libgloss.start)
 .text.libgloss.start
                0x0000000020010154      0x18e /home/hjh/Documents/Kyber_RV_M3/RISC-V/common//libmetal-gloss.a(crt0.o)
                0x0000000020010154                _start
                0x00000000200102c0                _init
                0x00000000200102c0                _fini
                0x00000000200102c2                secondary_main

.fini
 *(SORT_NONE(.fini))

.preinit_array  0x00000000200102e8        0x0
                0x00000000200102e8                PROVIDE (__preinit_array_start = .)
 *(.preinit_array)
                0x00000000200102e8                PROVIDE (__preinit_array_end = .)

.init_array     0x00000000200102e8        0xc
                0x00000000200102e8                PROVIDE (__init_array_start = .)
 *(SORT_BY_INIT_PRIORITY(.init_array.*) SORT_BY_INIT_PRIORITY(.ctors.*))
 *(.init_array EXCLUDE_FILE(*crtend?.o *crtend.o *crtbegin?.o *crtbegin.o) .ctors)
                0x00000000200102e8                PROVIDE (__init_array_end = .)
                0x00000000200102e8                PROVIDE (metal_constructors_start = .)
 *(SORT_BY_INIT_PRIORITY(.metal.init_array.*))
 .metal.init_array.5000
                0x00000000200102e8        0x4 /home/hjh/Documents/Kyber_RV_M3/RISC-V/common//libmetal.a(tty.o)
                0x00000000200102e8                _metal_tty_init_ptr
 .metal.init_array.5000
                0x00000000200102ec        0x8 /home/hjh/Documents/Kyber_RV_M3/RISC-V/common//libmetal.a(sifive_fe310-g000_pll.o)
                0x00000000200102ec                _use_hfxosc_ptr
                0x00000000200102f0                _metal_sifive_fe310_g000_pll_init_ptr
 *(.metal.init_array)
                0x00000000200102f4                PROVIDE (metal_constructors_end = .)

.fini_array     0x00000000200102f8        0x0
                0x00000000200102f8                PROVIDE (__fini_array_start = .)
 *(SORT_BY_INIT_PRIORITY(.fini_array.*) SORT_BY_INIT_PRIORITY(.dtors.*))
 *(.fini_array EXCLUDE_FILE(*crtend?.o *crtend.o *crtbegin?.o *crtbegin.o) .dtors)
                0x00000000200102f8                PROVIDE (__fini_array_end = .)
                0x00000000200102f8                PROVIDE (metal_destructors_start = .)
 *(SORT_BY_INIT_PRIORITY(.metal.fini_array.*))
 *(.metal.fini_array)
                0x00000000200102f8                PROVIDE (metal_destructors_end = .)

.ctors          0x00000000200102f4       0x70
 *crtbegin.o(.ctors)
 *crtbegin?.o(.ctors)
 *(EXCLUDE_FILE(*crtend?.o *crtend.o) .ctors)
 *(SORT_BY_NAME(.ctors.*))
 *(.ctors)
 *(.metal.ctors .metal.ctors.*)
 .metal.ctors   0x00000000200102f4       0x18 /home/hjh/Documents/Kyber_RV_M3/RISC-V/common//libmetal.a(tty.o)
                0x00000000200102f4                metal_tty_init
 .metal.ctors   0x000000002001030c       0x58 /home/hjh/Documents/Kyber_RV_M3/RISC-V/common//libmetal.a(sifive_fe310-g000_pll.o)
                0x000000002001030c                metal_sifive_fe310_g000_pll_init
                0x0000000020010318                use_hfxosc

.dtors
 *crtbegin.o(.dtors)
 *crtbegin?.o(.dtors)
 *(EXCLUDE_FILE(*crtend?.o *crtend.o) .dtors)
 *(SORT_BY_NAME(.dtors.*))
 *(.dtors)
 *(.metal.dtors .metal.dtors.*)

.rodata         0x0000000020010368     0x1010
 *(.rdata)
 *(.rodata .rodata.*)
 .rodata.main.str1.4
                0x0000000020010368       0x1e /tmp/ccy1Nzyh.o
 *fill*         0x0000000020010386        0x2 
 .rodata.speedKEM.str1.4
                0x0000000020010388       0x36 /tmp/ccy1Nzyh.o
 *fill*         0x00000000200103be        0x2 
 .rodata.speedNTT.str1.4
                0x00000000200103c0       0x82 /tmp/ccy1Nzyh.o
 *fill*         0x0000000020010442        0x2 
 .rodata.ullu.str1.4
                0x0000000020010444        0xb /tmp/ccy1Nzyh.o
 *fill*         0x000000002001044f        0x1 
 .rodata.KeccakF_RoundConstants
                0x0000000020010450       0xc0 /tmp/ccEmBcJV.o
 .rodata.seed   0x0000000020010510       0x80 /tmp/ccOIqH5w.o
 .rodata.__sf_fake_stderr
                0x0000000020010590       0x20 /home/hjh/RISC-V/riscv64-unknown-elf-gcc-8.3.0-2020.04.0-x86_64-linux-ubuntu14/bin/../lib/gcc/riscv64-unknown-elf/8.3.0/../../../../riscv64-unknown-elf/lib/rv32imac/ilp32/libc_nano.a(lib_a-findfp.o)
                0x0000000020010590                __sf_fake_stderr
 .rodata.__sf_fake_stdin
                0x00000000200105b0       0x20 /home/hjh/RISC-V/riscv64-unknown-elf-gcc-8.3.0-2020.04.0-x86_64-linux-ubuntu14/bin/../lib/gcc/riscv64-unknown-elf/8.3.0/../../../../riscv64-unknown-elf/lib/rv32imac/ilp32/libc_nano.a(lib_a-findfp.o)
                0x00000000200105b0                __sf_fake_stdin
 .rodata.__sf_fake_stdout
                0x00000000200105d0       0x20 /home/hjh/RISC-V/riscv64-unknown-elf-gcc-8.3.0-2020.04.0-x86_64-linux-ubuntu14/bin/../lib/gcc/riscv64-unknown-elf/8.3.0/../../../../riscv64-unknown-elf/lib/rv32imac/ilp32/libc_nano.a(lib_a-findfp.o)
                0x00000000200105d0                __sf_fake_stdout
 .rodata._vfprintf_r.str1.4
                0x00000000200105f0       0x13 /home/hjh/RISC-V/riscv64-unknown-elf-gcc-8.3.0-2020.04.0-x86_64-linux-ubuntu14/bin/../lib/gcc/riscv64-unknown-elf/8.3.0/../../../../riscv64-unknown-elf/lib/rv32imac/ilp32/libc_nano.a(lib_a-nano-vfprintf.o)
 *fill*         0x0000000020010603        0x1 
 .rodata._printf_i.str1.4
                0x0000000020010604       0x28 /home/hjh/RISC-V/riscv64-unknown-elf-gcc-8.3.0-2020.04.0-x86_64-linux-ubuntu14/bin/../lib/gcc/riscv64-unknown-elf/8.3.0/../../../../riscv64-unknown-elf/lib/rv32imac/ilp32/libc_nano.a(lib_a-nano-vfprintf_i.o)
                                         0x25 (size before relaxing)
 .rodata        0x000000002001062c      0x100 /home/hjh/RISC-V/riscv64-unknown-elf-gcc-8.3.0-2020.04.0-x86_64-linux-ubuntu14/bin/../lib/gcc/riscv64-unknown-elf/8.3.0/rv32imac/ilp32/libgcc.a(_clz.o)
                0x000000002001062c                __clz_tab
 .rodata.libgloss.start
                0x000000002001072c       0x11 /home/hjh/Documents/Kyber_RV_M3/RISC-V/common//libmetal-gloss.a(crt0.o)
 *fill*         0x000000002001073d        0x3 
 .rodata.__metal_driver_vtable_riscv_clint0
                0x0000000020010740       0x64 /home/hjh/Documents/Kyber_RV_M3/RISC-V/common//libmetal.a(riscv_clint0.o)
                0x0000000020010740                __metal_driver_vtable_riscv_clint0
 .rodata.__metal_driver_riscv_cpu_controller_interrupt_register
                0x00000000200107a4       0x74 /home/hjh/Documents/Kyber_RV_M3/RISC-V/common//libmetal.a(riscv_cpu.o)
 .rodata.__metal_driver_riscv_cpu_controller_interrupt_disable
                0x0000000020010818       0x80 /home/hjh/Documents/Kyber_RV_M3/RISC-V/common//libmetal.a(riscv_cpu.o)
 .rodata.__metal_driver_riscv_cpu_controller_interrupt_enable
                0x0000000020010898       0x80 /home/hjh/Documents/Kyber_RV_M3/RISC-V/common//libmetal.a(riscv_cpu.o)
 .rodata.CSWTCH.18
                0x0000000020010918        0xc /home/hjh/Documents/Kyber_RV_M3/RISC-V/common//libmetal.a(riscv_cpu.o)
 .rodata.__metal_driver_vtable_cpu
                0x0000000020010924       0x44 /home/hjh/Documents/Kyber_RV_M3/RISC-V/common//libmetal.a(riscv_cpu.o)
                0x0000000020010924                __metal_driver_vtable_cpu
 .rodata.__metal_driver_vtable_riscv_cpu_intc
                0x0000000020010968       0x64 /home/hjh/Documents/Kyber_RV_M3/RISC-V/common//libmetal.a(riscv_cpu.o)
                0x0000000020010968                __metal_driver_vtable_riscv_cpu_intc
 .rodata.__metal_driver_vtable_riscv_plic0
                0x00000000200109cc       0x64 /home/hjh/Documents/Kyber_RV_M3/RISC-V/common//libmetal.a(riscv_plic0.o)
                0x00000000200109cc                __metal_driver_vtable_riscv_plic0
 .rodata.__metal_driver_vtable_sifive_fe310_g000_pll
                0x0000000020010a30        0xc /home/hjh/Documents/Kyber_RV_M3/RISC-V/common//libmetal.a(sifive_fe310-g000_pll.o)
                0x0000000020010a30                __metal_driver_vtable_sifive_fe310_g000_pll
 .rodata.pll_configs
                0x0000000020010a3c      0x880 /home/hjh/Documents/Kyber_RV_M3/RISC-V/common//libmetal.a(sifive_fe310-g000_pll.o)
 .rodata.__metal_driver_sifive_gpio0_config_int
                0x00000000200112bc       0x20 /home/hjh/Documents/Kyber_RV_M3/RISC-V/common//libmetal.a(sifive_gpio0.o)
 .rodata.__metal_driver_sifive_gpio0_clear_int
                0x00000000200112dc       0x20 /home/hjh/Documents/Kyber_RV_M3/RISC-V/common//libmetal.a(sifive_gpio0.o)
 .rodata.__metal_driver_vtable_sifive_gpio0
                0x00000000200112fc       0x3c /home/hjh/Documents/Kyber_RV_M3/RISC-V/common//libmetal.a(sifive_gpio0.o)
                0x00000000200112fc                __metal_driver_vtable_sifive_gpio0
 .rodata.__metal_driver_vtable_sifive_uart0
                0x0000000020011338       0x40 /home/hjh/Documents/Kyber_RV_M3/RISC-V/common//libmetal.a(sifive_uart0.o)
                0x0000000020011338                __metal_driver_vtable_sifive_uart0
 *(.gnu.linkonce.r.*)
                0x0000000020011378                . = ALIGN (0x8)
 *(.srodata.cst16)
 *(.srodata.cst8)
 *(.srodata.cst4)
 *(.srodata.cst2)
 *(.srodata .srodata.*)

.itim           0x0000000008000000        0x0 load address 0x0000000020011378
 *(.itim .itim.*)
                0x0000000020011378                PROVIDE (metal_segment_itim_source_start = LOADADDR (.itim))
                0x0000000008000000                PROVIDE (metal_segment_itim_target_start = ADDR (.itim))
                0x0000000008000000                PROVIDE (metal_segment_itim_target_end = (ADDR (.itim) + SIZEOF (.itim)))

.lim            0x0000000080000000        0x0 load address 0x0000000020011378
 *(.lim .lim.*)
                0x0000000020011378                PROVIDE (metal_segment_lim_source_start = LOADADDR (.lim))
                0x0000000080000000                PROVIDE (metal_segment_lim_target_start = ADDR (.lim))
                0x0000000080000000                PROVIDE (metal_segment_lim_target_end = (ADDR (.lim) + SIZEOF (.lim)))

.text           0x0000000020011380     0x8a1c
 *(.text.unlikely .text.unlikely.*)
 *(.text.startup .text.startup.*)
 .text.startup.main
                0x0000000020011380       0x2c /tmp/ccy1Nzyh.o
                0x0000000020011380                main
 *(.text .text.*)
 .text.ullu     0x00000000200113ac       0x76 /tmp/ccy1Nzyh.o
 .text.speedKEM
                0x0000000020011422      0x152 /tmp/ccy1Nzyh.o
                0x0000000020011422                speedKEM
 .text.speedNTT
                0x0000000020011574      0x290 /tmp/ccy1Nzyh.o
                0x0000000020011574                speedNTT
 .text.keccak_absorb
                0x0000000020011804       0x90 /tmp/cc9V3NNE.o
                0x0000000020011804                keccak_absorb
 .text.keccak_squeezeblocks
                0x0000000020011894       0x38 /tmp/cc9V3NNE.o
                0x0000000020011894                keccak_squeezeblocks
 .text.shake128_absorb
                0x00000000200118cc       0x24 /tmp/cc9V3NNE.o
                0x00000000200118cc                shake128_absorb
 .text.shake128_squeezeblocks
                0x00000000200118f0        0x6 /tmp/cc9V3NNE.o
                0x00000000200118f0                shake128_squeezeblocks
 .text.shake256
                0x00000000200118f6       0xa0 /tmp/cc9V3NNE.o
                0x00000000200118f6                shake256
 .text.sha3_256
                0x0000000020011996       0x66 /tmp/cc9V3NNE.o
                0x0000000020011996                sha3_256
 .text.sha3_512
                0x00000000200119fc       0x66 /tmp/cc9V3NNE.o
                0x00000000200119fc                sha3_512
 .text.KeccakF1600_StateExtractBytes
                0x0000000020011a62       0x50 /tmp/ccEmBcJV.o
                0x0000000020011a62                KeccakF1600_StateExtractBytes
 .text.KeccakF1600_StateXORBytes
                0x0000000020011ab2       0x5a /tmp/ccEmBcJV.o
                0x0000000020011ab2                KeccakF1600_StateXORBytes
 .text.KeccakF1600_StatePermute
                0x0000000020011b0c     0x1060 /tmp/ccEmBcJV.o
                0x0000000020011b0c                KeccakF1600_StatePermute
 .text.randombytes
                0x0000000020012b6c      0x288 /tmp/ccOIqH5w.o
                0x0000000020012b6c                randombytes
 .text.cbd_eta1
                0x0000000020012df4       0x72 /tmp/ccfp8AoY.o
                0x0000000020012df4                cbd_eta1
 .text.cbd_eta2
                0x0000000020012e66       0x84 /tmp/ccfp8AoY.o
                0x0000000020012e66                cbd_eta2
 .text.indcpa_keypair
                0x0000000020012eea      0x132 /tmp/ccK1y2xp.o
                0x0000000020012eea                indcpa_keypair
 .text.indcpa_enc
                0x000000002001301c      0x190 /tmp/ccK1y2xp.o
                0x000000002001301c                indcpa_enc
 .text.indcpa_enc_cmp
                0x00000000200131ac      0x1a8 /tmp/ccK1y2xp.o
                0x00000000200131ac                indcpa_enc_cmp
 .text.indcpa_dec
                0x0000000020013354       0x90 /tmp/ccK1y2xp.o
                0x0000000020013354                indcpa_dec
 .text.crypto_kem_keypair
                0x00000000200133e4       0x50 /tmp/ccPrVvKK.o
                0x00000000200133e4                crypto_kem_keypair
 .text.crypto_kem_enc
                0x0000000020013434       0x72 /tmp/ccPrVvKK.o
                0x0000000020013434                crypto_kem_enc
 .text.crypto_kem_dec
                0x00000000200134a6       0x8a /tmp/ccPrVvKK.o
                0x00000000200134a6                crypto_kem_dec
 .text.matacc_cache_32
                0x0000000020013530      0x174 /tmp/ccxV0imj.o
                0x0000000020013530                matacc_cache_32
 .text.matacc_opt_32
                0x00000000200136a4      0x164 /tmp/ccxV0imj.o
                0x00000000200136a4                matacc_opt_32
 .text.matacc_cache32
                0x0000000020013808       0xd0 /tmp/ccxV0imj.o
                0x0000000020013808                matacc_cache32
 .text.matacc_opt32
                0x00000000200138d8       0xb4 /tmp/ccxV0imj.o
                0x00000000200138d8                matacc_opt32
 .text.ntt      0x000000002001398c        0xc /tmp/ccQwclSJ.o
                0x000000002001398c                ntt
 .text.invntt   0x0000000020013998        0xc /tmp/ccQwclSJ.o
                0x0000000020013998                invntt
 .text.poly_compress
                0x00000000200139a4       0x80 /tmp/ccSDK8kv.o
                0x00000000200139a4                poly_compress
 .text.poly_decompress
                0x0000000020013a24       0xa4 /tmp/ccSDK8kv.o
                0x0000000020013a24                poly_decompress
 .text.poly_packcompress
                0x0000000020013ac8       0x90 /tmp/ccSDK8kv.o
                0x0000000020013ac8                poly_packcompress
 .text.poly_unpackdecompress
                0x0000000020013b58       0x98 /tmp/ccSDK8kv.o
                0x0000000020013b58                poly_unpackdecompress
 .text.cmp_poly_compress
                0x0000000020013bf0       0x9c /tmp/ccSDK8kv.o
                0x0000000020013bf0                cmp_poly_compress
 .text.cmp_poly_packcompress
                0x0000000020013c8c       0xb4 /tmp/ccSDK8kv.o
                0x0000000020013c8c                cmp_poly_packcompress
 .text.poly_tobytes
                0x0000000020013d40       0x4a /tmp/ccSDK8kv.o
                0x0000000020013d40                poly_tobytes
 .text.poly_frombytes
                0x0000000020013d8a       0x3a /tmp/ccSDK8kv.o
                0x0000000020013d8a                poly_frombytes
 .text.poly_frombytes_mul
                0x0000000020013dc4       0x92 /tmp/ccSDK8kv.o
                0x0000000020013dc4                poly_frombytes_mul
 .text.poly_noise_eta1
                0x0000000020013e56       0x2c /tmp/ccSDK8kv.o
                0x0000000020013e56                poly_noise_eta1
 .text.poly_noise_eta2
                0x0000000020013e82       0x2c /tmp/ccSDK8kv.o
                0x0000000020013e82                poly_noise_eta2
 .text.poly_ntt
                0x0000000020013eae        0x4 /tmp/ccSDK8kv.o
                0x0000000020013eae                poly_ntt
 .text.poly_invntt
                0x0000000020013eb2        0x4 /tmp/ccSDK8kv.o
                0x0000000020013eb2                poly_invntt
 .text.poly_basemul_opt_16_32
                0x0000000020013eb6        0x2 /tmp/ccSDK8kv.o
                0x0000000020013eb6                poly_basemul_opt_16_32
 .text.poly_basemul_acc_opt_32_32
                0x0000000020013eb8        0x2 /tmp/ccSDK8kv.o
                0x0000000020013eb8                poly_basemul_acc_opt_32_32
 .text.poly_basemul_acc_opt_32_16
                0x0000000020013eba        0x2 /tmp/ccSDK8kv.o
                0x0000000020013eba                poly_basemul_acc_opt_32_16
 .text.poly_reduce
                0x0000000020013ebc        0x4 /tmp/ccSDK8kv.o
                0x0000000020013ebc                poly_reduce
 .text.poly_add
                0x0000000020013ec0        0x2 /tmp/ccSDK8kv.o
                0x0000000020013ec0                poly_add
 .text.poly_sub
                0x0000000020013ec2        0x2 /tmp/ccSDK8kv.o
                0x0000000020013ec2                poly_sub
 .text.poly_frommsg
                0x0000000020013ec4       0x32 /tmp/ccSDK8kv.o
                0x0000000020013ec4                poly_frommsg
 .text.poly_tomsg
                0x0000000020013ef6       0x46 /tmp/ccSDK8kv.o
                0x0000000020013ef6                poly_tomsg
 .text.polyvec_tobytes
                0x0000000020013f3c       0x20 /tmp/ccB7s1uX.o
                0x0000000020013f3c                polyvec_tobytes
 .text.polyvec_ntt
                0x0000000020013f5c       0x16 /tmp/ccB7s1uX.o
                0x0000000020013f5c                polyvec_ntt
 .text.kyber_shake128_absorb
                0x0000000020013f72       0x3a /tmp/cc0bLWlk.o
                0x0000000020013f72                kyber_shake128_absorb
 .text.kyber_shake128_squeezeblocks
                0x0000000020013fac        0x4 /tmp/cc0bLWlk.o
                0x0000000020013fac                kyber_shake128_squeezeblocks
 .text.shake256_prf
                0x0000000020013fb0       0x36 /tmp/cc0bLWlk.o
                0x0000000020013fb0                shake256_prf
 .text.cmov     0x0000000020013fe6       0x32 /tmp/ccLInkXM.o
                0x0000000020013fe6                cmov
 .text          0x0000000020014018       0x12 /tmp/cculgFQI.o
                0x0000000020014018                cpucycles
 *fill*         0x000000002001402a        0x2 
 .text          0x000000002001402c      0x33a /tmp/ccWW8bbP.o
                0x000000002001402c                pointwise_sub
                0x00000000200141dc                pointwise_add
 *fill*         0x0000000020014366        0x2 
 .text          0x0000000020014368      0x1da /tmp/cciqOlKM.o
                0x0000000020014368                basemul_asm_opt_16_32
                0x00000000200143e0                basemul_asm_acc_opt_32_32
                0x0000000020014470                basemul_asm_acc_opt_32_16
 *fill*         0x0000000020014542        0x2 
 .text          0x0000000020014544      0x66a /tmp/ccv8gPxb.o
                0x0000000020014544                invntt_fast
 *fill*         0x0000000020014bae        0x2 
 .text          0x0000000020014bb0      0x626 /tmp/ccrU3M6F.o
                0x0000000020014bb0                ntt_fast
 *fill*         0x00000000200151d6        0x2 
 .text          0x00000000200151d8      0x196 /tmp/cc8ATr1T.o
                0x00000000200151d8                doublebasemul_asm
                0x0000000020015298                doublebasemul_asm_acc
 *fill*         0x000000002001536e        0x2 
 .text          0x0000000020015370      0x3ae /tmp/ccTvmdPI.o
                0x0000000020015370                doublebasemul_asm_cache_16_32
                0x00000000200153f8                doublebasemul_asm_acc_cache_32_32
                0x0000000020015498                doublebasemul_asm_acc_cache_32_16
                0x0000000020015578                doublebasemul_asm_opt_16_32
                0x00000000200155e0                doublebasemul_asm_acc_opt_32_32
                0x0000000020015660                doublebasemul_asm_acc_opt_32_16
 *fill*         0x000000002001571e        0x2 
 .text          0x0000000020015720      0x34e /tmp/ccBRAPfR.o
                0x0000000020015720                asm_barrett_reduce
 .text.exit     0x0000000020015a6e       0x2e /home/hjh/RISC-V/riscv64-unknown-elf-gcc-8.3.0-2020.04.0-x86_64-linux-ubuntu14/bin/../lib/gcc/riscv64-unknown-elf/8.3.0/../../../../riscv64-unknown-elf/lib/rv32imac/ilp32/libc_nano.a(lib_a-exit.o)
                0x0000000020015a6e                exit
 .text          0x0000000020015a9c       0x16 /home/hjh/RISC-V/riscv64-unknown-elf-gcc-8.3.0-2020.04.0-x86_64-linux-ubuntu14/bin/../lib/gcc/riscv64-unknown-elf/8.3.0/../../../../riscv64-unknown-elf/lib/rv32imac/ilp32/libc_nano.a(lib_a-memcpy-asm.o)
                0x0000000020015a9c                memcpy
 .text          0x0000000020015ab2       0x10 /home/hjh/RISC-V/riscv64-unknown-elf-gcc-8.3.0-2020.04.0-x86_64-linux-ubuntu14/bin/../lib/gcc/riscv64-unknown-elf/8.3.0/../../../../riscv64-unknown-elf/lib/rv32imac/ilp32/libc_nano.a(lib_a-memset.o)
                0x0000000020015ab2                memset
 .text._free_r  0x0000000020015ac2       0xb0 /home/hjh/RISC-V/riscv64-unknown-elf-gcc-8.3.0-2020.04.0-x86_64-linux-ubuntu14/bin/../lib/gcc/riscv64-unknown-elf/8.3.0/../../../../riscv64-unknown-elf/lib/rv32imac/ilp32/libc_nano.a(lib_a-nano-freer.o)
                0x0000000020015ac2                _free_r
 .text._malloc_r
                0x0000000020015b72       0xe4 /home/hjh/RISC-V/riscv64-unknown-elf-gcc-8.3.0-2020.04.0-x86_64-linux-ubuntu14/bin/../lib/gcc/riscv64-unknown-elf/8.3.0/../../../../riscv64-unknown-elf/lib/rv32imac/ilp32/libc_nano.a(lib_a-nano-mallocr.o)
                0x0000000020015b72                _malloc_r
 .text.printf   0x0000000020015c56       0x44 /home/hjh/RISC-V/riscv64-unknown-elf-gcc-8.3.0-2020.04.0-x86_64-linux-ubuntu14/bin/../lib/gcc/riscv64-unknown-elf/8.3.0/../../../../riscv64-unknown-elf/lib/rv32imac/ilp32/libc_nano.a(lib_a-printf.o)
                0x0000000020015c56                printf
                0x0000000020015c56                iprintf
 .text._puts_r  0x0000000020015c9a       0xda /home/hjh/RISC-V/riscv64-unknown-elf-gcc-8.3.0-2020.04.0-x86_64-linux-ubuntu14/bin/../lib/gcc/riscv64-unknown-elf/8.3.0/../../../../riscv64-unknown-elf/lib/rv32imac/ilp32/libc_nano.a(lib_a-puts.o)
                0x0000000020015c9a                _puts_r
 .text.puts     0x0000000020015d74        0xe /home/hjh/RISC-V/riscv64-unknown-elf-gcc-8.3.0-2020.04.0-x86_64-linux-ubuntu14/bin/../lib/gcc/riscv64-unknown-elf/8.3.0/../../../../riscv64-unknown-elf/lib/rv32imac/ilp32/libc_nano.a(lib_a-puts.o)
                0x0000000020015d74                puts
 .text._sbrk_r  0x0000000020015d82       0x2a /home/hjh/RISC-V/riscv64-unknown-elf-gcc-8.3.0-2020.04.0-x86_64-linux-ubuntu14/bin/../lib/gcc/riscv64-unknown-elf/8.3.0/../../../../riscv64-unknown-elf/lib/rv32imac/ilp32/libc_nano.a(lib_a-sbrkr.o)
                0x0000000020015d82                _sbrk_r
 .text.__swbuf_r
                0x0000000020015dac       0xc0 /home/hjh/RISC-V/riscv64-unknown-elf-gcc-8.3.0-2020.04.0-x86_64-linux-ubuntu14/bin/../lib/gcc/riscv64-unknown-elf/8.3.0/../../../../riscv64-unknown-elf/lib/rv32imac/ilp32/libc_nano.a(lib_a-wbuf.o)
                0x0000000020015dac                __swbuf_r
 .text.__swsetup_r
                0x0000000020015e6c      0x112 /home/hjh/RISC-V/riscv64-unknown-elf-gcc-8.3.0-2020.04.0-x86_64-linux-ubuntu14/bin/../lib/gcc/riscv64-unknown-elf/8.3.0/../../../../riscv64-unknown-elf/lib/rv32imac/ilp32/libc_nano.a(lib_a-wsetup.o)
                0x0000000020015e6c                __swsetup_r
 .text.__sflush_r
                0x0000000020015f7e      0x14c /home/hjh/RISC-V/riscv64-unknown-elf-gcc-8.3.0-2020.04.0-x86_64-linux-ubuntu14/bin/../lib/gcc/riscv64-unknown-elf/8.3.0/../../../../riscv64-unknown-elf/lib/rv32imac/ilp32/libc_nano.a(lib_a-fflush.o)
                0x0000000020015f7e                __sflush_r
 .text._fflush_r
                0x00000000200160ca       0x64 /home/hjh/RISC-V/riscv64-unknown-elf-gcc-8.3.0-2020.04.0-x86_64-linux-ubuntu14/bin/../lib/gcc/riscv64-unknown-elf/8.3.0/../../../../riscv64-unknown-elf/lib/rv32imac/ilp32/libc_nano.a(lib_a-fflush.o)
                0x00000000200160ca                _fflush_r
 .text.std      0x000000002001612e       0x6a /home/hjh/RISC-V/riscv64-unknown-elf-gcc-8.3.0-2020.04.0-x86_64-linux-ubuntu14/bin/../lib/gcc/riscv64-unknown-elf/8.3.0/../../../../riscv64-unknown-elf/lib/rv32imac/ilp32/libc_nano.a(lib_a-findfp.o)
 .text._cleanup_r
                0x0000000020016198        0xa /home/hjh/RISC-V/riscv64-unknown-elf-gcc-8.3.0-2020.04.0-x86_64-linux-ubuntu14/bin/../lib/gcc/riscv64-unknown-elf/8.3.0/../../../../riscv64-unknown-elf/lib/rv32imac/ilp32/libc_nano.a(lib_a-findfp.o)
                0x0000000020016198                _cleanup_r
 .text.__sfmoreglue
                0x00000000200161a2       0x48 /home/hjh/RISC-V/riscv64-unknown-elf-gcc-8.3.0-2020.04.0-x86_64-linux-ubuntu14/bin/../lib/gcc/riscv64-unknown-elf/8.3.0/../../../../riscv64-unknown-elf/lib/rv32imac/ilp32/libc_nano.a(lib_a-findfp.o)
                0x00000000200161a2                __sfmoreglue
 .text.__sinit  0x00000000200161ea       0x6a /home/hjh/RISC-V/riscv64-unknown-elf-gcc-8.3.0-2020.04.0-x86_64-linux-ubuntu14/bin/../lib/gcc/riscv64-unknown-elf/8.3.0/../../../../riscv64-unknown-elf/lib/rv32imac/ilp32/libc_nano.a(lib_a-findfp.o)
                0x00000000200161ea                __sinit
 .text.__sfp    0x0000000020016254       0xa0 /home/hjh/RISC-V/riscv64-unknown-elf-gcc-8.3.0-2020.04.0-x86_64-linux-ubuntu14/bin/../lib/gcc/riscv64-unknown-elf/8.3.0/../../../../riscv64-unknown-elf/lib/rv32imac/ilp32/libc_nano.a(lib_a-findfp.o)
                0x0000000020016254                __sfp
 .text._fwalk_reent
                0x00000000200162f4       0x6c /home/hjh/RISC-V/riscv64-unknown-elf-gcc-8.3.0-2020.04.0-x86_64-linux-ubuntu14/bin/../lib/gcc/riscv64-unknown-elf/8.3.0/../../../../riscv64-unknown-elf/lib/rv32imac/ilp32/libc_nano.a(lib_a-fwalk.o)
                0x00000000200162f4                _fwalk_reent
 .text.__swhatbuf_r
                0x0000000020016360       0x58 /home/hjh/RISC-V/riscv64-unknown-elf-gcc-8.3.0-2020.04.0-x86_64-linux-ubuntu14/bin/../lib/gcc/riscv64-unknown-elf/8.3.0/../../../../riscv64-unknown-elf/lib/rv32imac/ilp32/libc_nano.a(lib_a-makebuf.o)
                0x0000000020016360                __swhatbuf_r
 .text.__smakebuf_r
                0x00000000200163b8       0x9e /home/hjh/RISC-V/riscv64-unknown-elf-gcc-8.3.0-2020.04.0-x86_64-linux-ubuntu14/bin/../lib/gcc/riscv64-unknown-elf/8.3.0/../../../../riscv64-unknown-elf/lib/rv32imac/ilp32/libc_nano.a(lib_a-makebuf.o)
                0x00000000200163b8                __smakebuf_r
 .text.__malloc_lock
                0x0000000020016456        0x2 /home/hjh/RISC-V/riscv64-unknown-elf-gcc-8.3.0-2020.04.0-x86_64-linux-ubuntu14/bin/../lib/gcc/riscv64-unknown-elf/8.3.0/../../../../riscv64-unknown-elf/lib/rv32imac/ilp32/libc_nano.a(lib_a-mlock.o)
                0x0000000020016456                __malloc_lock
 .text.__malloc_unlock
                0x0000000020016458        0x2 /home/hjh/RISC-V/riscv64-unknown-elf-gcc-8.3.0-2020.04.0-x86_64-linux-ubuntu14/bin/../lib/gcc/riscv64-unknown-elf/8.3.0/../../../../riscv64-unknown-elf/lib/rv32imac/ilp32/libc_nano.a(lib_a-mlock.o)
                0x0000000020016458                __malloc_unlock
 .text.__sfputc_r
                0x000000002001645a       0x2a /home/hjh/RISC-V/riscv64-unknown-elf-gcc-8.3.0-2020.04.0-x86_64-linux-ubuntu14/bin/../lib/gcc/riscv64-unknown-elf/8.3.0/../../../../riscv64-unknown-elf/lib/rv32imac/ilp32/libc_nano.a(lib_a-nano-vfprintf.o)
 .text.__sfputs_r
                0x0000000020016484       0x42 /home/hjh/RISC-V/riscv64-unknown-elf-gcc-8.3.0-2020.04.0-x86_64-linux-ubuntu14/bin/../lib/gcc/riscv64-unknown-elf/8.3.0/../../../../riscv64-unknown-elf/lib/rv32imac/ilp32/libc_nano.a(lib_a-nano-vfprintf.o)
                0x0000000020016484                __sfputs_r
 .text._vfprintf_r
                0x00000000200164c6      0x298 /home/hjh/RISC-V/riscv64-unknown-elf-gcc-8.3.0-2020.04.0-x86_64-linux-ubuntu14/bin/../lib/gcc/riscv64-unknown-elf/8.3.0/../../../../riscv64-unknown-elf/lib/rv32imac/ilp32/libc_nano.a(lib_a-nano-vfprintf.o)
                0x00000000200164c6                _vfiprintf_r
                0x00000000200164c6                _vfprintf_r
 .text.__sread  0x000000002001675e       0x30 /home/hjh/RISC-V/riscv64-unknown-elf-gcc-8.3.0-2020.04.0-x86_64-linux-ubuntu14/bin/../lib/gcc/riscv64-unknown-elf/8.3.0/../../../../riscv64-unknown-elf/lib/rv32imac/ilp32/libc_nano.a(lib_a-stdio.o)
                0x000000002001675e                __sread
 .text.__swrite
                0x000000002001678e       0x4e /home/hjh/RISC-V/riscv64-unknown-elf-gcc-8.3.0-2020.04.0-x86_64-linux-ubuntu14/bin/../lib/gcc/riscv64-unknown-elf/8.3.0/../../../../riscv64-unknown-elf/lib/rv32imac/ilp32/libc_nano.a(lib_a-stdio.o)
                0x000000002001678e                __swrite
 .text.__sseek  0x00000000200167dc       0x36 /home/hjh/RISC-V/riscv64-unknown-elf-gcc-8.3.0-2020.04.0-x86_64-linux-ubuntu14/bin/../lib/gcc/riscv64-unknown-elf/8.3.0/../../../../riscv64-unknown-elf/lib/rv32imac/ilp32/libc_nano.a(lib_a-stdio.o)
                0x00000000200167dc                __sseek
 .text.__sclose
                0x0000000020016812        0x6 /home/hjh/RISC-V/riscv64-unknown-elf-gcc-8.3.0-2020.04.0-x86_64-linux-ubuntu14/bin/../lib/gcc/riscv64-unknown-elf/8.3.0/../../../../riscv64-unknown-elf/lib/rv32imac/ilp32/libc_nano.a(lib_a-stdio.o)
                0x0000000020016812                __sclose
 .text._write_r
                0x0000000020016818       0x2e /home/hjh/RISC-V/riscv64-unknown-elf-gcc-8.3.0-2020.04.0-x86_64-linux-ubuntu14/bin/../lib/gcc/riscv64-unknown-elf/8.3.0/../../../../riscv64-unknown-elf/lib/rv32imac/ilp32/libc_nano.a(lib_a-writer.o)
                0x0000000020016818                _write_r
 .text._close_r
                0x0000000020016846       0x2a /home/hjh/RISC-V/riscv64-unknown-elf-gcc-8.3.0-2020.04.0-x86_64-linux-ubuntu14/bin/../lib/gcc/riscv64-unknown-elf/8.3.0/../../../../riscv64-unknown-elf/lib/rv32imac/ilp32/libc_nano.a(lib_a-closer.o)
                0x0000000020016846                _close_r
 .text._fstat_r
                0x0000000020016870       0x2c /home/hjh/RISC-V/riscv64-unknown-elf-gcc-8.3.0-2020.04.0-x86_64-linux-ubuntu14/bin/../lib/gcc/riscv64-unknown-elf/8.3.0/../../../../riscv64-unknown-elf/lib/rv32imac/ilp32/libc_nano.a(lib_a-fstatr.o)
                0x0000000020016870                _fstat_r
 .text._isatty_r
                0x000000002001689c       0x2a /home/hjh/RISC-V/riscv64-unknown-elf-gcc-8.3.0-2020.04.0-x86_64-linux-ubuntu14/bin/../lib/gcc/riscv64-unknown-elf/8.3.0/../../../../riscv64-unknown-elf/lib/rv32imac/ilp32/libc_nano.a(lib_a-isattyr.o)
                0x000000002001689c                _isatty_r
 .text._lseek_r
                0x00000000200168c6       0x2e /home/hjh/RISC-V/riscv64-unknown-elf-gcc-8.3.0-2020.04.0-x86_64-linux-ubuntu14/bin/../lib/gcc/riscv64-unknown-elf/8.3.0/../../../../riscv64-unknown-elf/lib/rv32imac/ilp32/libc_nano.a(lib_a-lseekr.o)
                0x00000000200168c6                _lseek_r
 .text.memchr   0x00000000200168f4       0x1a /home/hjh/RISC-V/riscv64-unknown-elf-gcc-8.3.0-2020.04.0-x86_64-linux-ubuntu14/bin/../lib/gcc/riscv64-unknown-elf/8.3.0/../../../../riscv64-unknown-elf/lib/rv32imac/ilp32/libc_nano.a(lib_a-memchr.o)
                0x00000000200168f4                memchr
 .text._printf_common
                0x000000002001690e      0x10c /home/hjh/RISC-V/riscv64-unknown-elf-gcc-8.3.0-2020.04.0-x86_64-linux-ubuntu14/bin/../lib/gcc/riscv64-unknown-elf/8.3.0/../../../../riscv64-unknown-elf/lib/rv32imac/ilp32/libc_nano.a(lib_a-nano-vfprintf_i.o)
                0x000000002001690e                _printf_common
 .text._printf_i
                0x0000000020016a1a      0x2a4 /home/hjh/RISC-V/riscv64-unknown-elf-gcc-8.3.0-2020.04.0-x86_64-linux-ubuntu14/bin/../lib/gcc/riscv64-unknown-elf/8.3.0/../../../../riscv64-unknown-elf/lib/rv32imac/ilp32/libc_nano.a(lib_a-nano-vfprintf_i.o)
                0x0000000020016a1a                _printf_i
 .text._read_r  0x0000000020016cbe       0x2c /home/hjh/RISC-V/riscv64-unknown-elf-gcc-8.3.0-2020.04.0-x86_64-linux-ubuntu14/bin/../lib/gcc/riscv64-unknown-elf/8.3.0/../../../../riscv64-unknown-elf/lib/rv32imac/ilp32/libc_nano.a(lib_a-readr.o)
                0x0000000020016cbe                _read_r
 .text          0x0000000020016cea       0x2a /home/hjh/RISC-V/riscv64-unknown-elf-gcc-8.3.0-2020.04.0-x86_64-linux-ubuntu14/bin/../lib/gcc/riscv64-unknown-elf/8.3.0/rv32imac/ilp32/libgcc.a(_lshrdi3.o)
                0x0000000020016cea                __lshrdi3
 .text          0x0000000020016d14       0x2a /home/hjh/RISC-V/riscv64-unknown-elf-gcc-8.3.0-2020.04.0-x86_64-linux-ubuntu14/bin/../lib/gcc/riscv64-unknown-elf/8.3.0/rv32imac/ilp32/libgcc.a(_ashldi3.o)
                0x0000000020016d14                __ashldi3
 .text          0x0000000020016d3e      0x35e /home/hjh/RISC-V/riscv64-unknown-elf-gcc-8.3.0-2020.04.0-x86_64-linux-ubuntu14/bin/../lib/gcc/riscv64-unknown-elf/8.3.0/rv32imac/ilp32/libgcc.a(_udivdi3.o)
                0x0000000020016d3e                __udivdi3
 .text          0x000000002001709c      0x352 /home/hjh/RISC-V/riscv64-unknown-elf-gcc-8.3.0-2020.04.0-x86_64-linux-ubuntu14/bin/../lib/gcc/riscv64-unknown-elf/8.3.0/rv32imac/ilp32/libgcc.a(_umoddi3.o)
                0x000000002001709c                __umoddi3
 .text._close   0x00000000200173ee       0x14 /home/hjh/Documents/Kyber_RV_M3/RISC-V/common//libmetal-gloss.a(sys_close.o)
                0x00000000200173ee                _close
 .text._exit    0x0000000020017402        0x6 /home/hjh/Documents/Kyber_RV_M3/RISC-V/common//libmetal-gloss.a(sys_exit.o)
                0x0000000020017402                _exit
 .text._fstat   0x0000000020017408       0x14 /home/hjh/Documents/Kyber_RV_M3/RISC-V/common//libmetal-gloss.a(sys_fstat.o)
                0x0000000020017408                _fstat
 .text._isatty  0x000000002001741c        0x8 /home/hjh/Documents/Kyber_RV_M3/RISC-V/common//libmetal-gloss.a(sys_isatty.o)
                0x000000002001741c                _isatty
 .text._lseek   0x0000000020017424       0x14 /home/hjh/Documents/Kyber_RV_M3/RISC-V/common//libmetal-gloss.a(sys_lseek.o)
                0x0000000020017424                _lseek
 .text._read    0x0000000020017438       0x14 /home/hjh/Documents/Kyber_RV_M3/RISC-V/common//libmetal-gloss.a(sys_read.o)
                0x0000000020017438                _read
 .text._sbrk    0x000000002001744c       0x56 /home/hjh/Documents/Kyber_RV_M3/RISC-V/common//libmetal-gloss.a(sys_sbrk.o)
                0x000000002001744c                _sbrk
 .text._write   0x00000000200174a2       0x3a /home/hjh/Documents/Kyber_RV_M3/RISC-V/common//libmetal-gloss.a(sys_write.o)
                0x00000000200174a2                write
                0x00000000200174a2                _write
 .text.atexit   0x00000000200174dc        0xa /home/hjh/RISC-V/riscv64-unknown-elf-gcc-8.3.0-2020.04.0-x86_64-linux-ubuntu14/bin/../lib/gcc/riscv64-unknown-elf/8.3.0/../../../../riscv64-unknown-elf/lib/rv32imac/ilp32/libc_nano.a(lib_a-atexit.o)
                0x00000000200174dc                atexit
 .text.__errno  0x00000000200174e6        0xc /home/hjh/RISC-V/riscv64-unknown-elf-gcc-8.3.0-2020.04.0-x86_64-linux-ubuntu14/bin/../lib/gcc/riscv64-unknown-elf/8.3.0/../../../../riscv64-unknown-elf/lib/rv32imac/ilp32/libc_nano.a(lib_a-errno.o)
                0x00000000200174e6                __errno
 .text.__libc_fini_array
                0x00000000200174f2       0x38 /home/hjh/RISC-V/riscv64-unknown-elf-gcc-8.3.0-2020.04.0-x86_64-linux-ubuntu14/bin/../lib/gcc/riscv64-unknown-elf/8.3.0/../../../../riscv64-unknown-elf/lib/rv32imac/ilp32/libc_nano.a(lib_a-fini.o)
                0x00000000200174f2                __libc_fini_array
 .text.__libc_init_array
                0x000000002001752a       0x6a /home/hjh/RISC-V/riscv64-unknown-elf-gcc-8.3.0-2020.04.0-x86_64-linux-ubuntu14/bin/../lib/gcc/riscv64-unknown-elf/8.3.0/../../../../riscv64-unknown-elf/lib/rv32imac/ilp32/libc_nano.a(lib_a-init.o)
                0x000000002001752a                __libc_init_array
 .text.__register_exitproc
                0x0000000020017594       0x84 /home/hjh/RISC-V/riscv64-unknown-elf-gcc-8.3.0-2020.04.0-x86_64-linux-ubuntu14/bin/../lib/gcc/riscv64-unknown-elf/8.3.0/../../../../riscv64-unknown-elf/lib/rv32imac/ilp32/libc_nano.a(lib_a-__atexit.o)
                0x0000000020017594                __register_exitproc
 .text.__call_exitprocs
                0x0000000020017618       0xc8 /home/hjh/RISC-V/riscv64-unknown-elf-gcc-8.3.0-2020.04.0-x86_64-linux-ubuntu14/bin/../lib/gcc/riscv64-unknown-elf/8.3.0/../../../../riscv64-unknown-elf/lib/rv32imac/ilp32/libc_nano.a(lib_a-__call_atexit.o)
                0x0000000020017618                __call_exitprocs
 .text.metal_init_run
                0x00000000200176e0       0x4a /home/hjh/Documents/Kyber_RV_M3/RISC-V/common//libmetal.a(init.o)
                0x00000000200176e0                metal_init_run
 .text.metal_fini_run
                0x000000002001772a       0x4a /home/hjh/Documents/Kyber_RV_M3/RISC-V/common//libmetal.a(init.o)
                0x000000002001772a                metal_fini_run
 .text.metal_shutdown
                0x0000000020017774        0x4 /home/hjh/Documents/Kyber_RV_M3/RISC-V/common//libmetal.a(shutdown.o)
                0x0000000020017774                metal_shutdown
 .text.metal_tty_putc
                0x0000000020017778       0x14 /home/hjh/Documents/Kyber_RV_M3/RISC-V/common//libmetal.a(tty.o)
                0x0000000020017778                metal_tty_putc
 .text.__metal_driver_riscv_clint0_mtimecmp_set
                0x000000002001778c       0x2a /home/hjh/Documents/Kyber_RV_M3/RISC-V/common//libmetal.a(riscv_clint0.o)
                0x000000002001778c                __metal_driver_riscv_clint0_mtimecmp_set
 .text.__metal_driver_riscv_clint0_init
                0x00000000200177b6       0x66 /home/hjh/Documents/Kyber_RV_M3/RISC-V/common//libmetal.a(riscv_clint0.o)
                0x00000000200177b6                __metal_driver_riscv_clint0_init
 .text.__metal_driver_riscv_clint0_vector_register
                0x000000002001781c        0x4 /home/hjh/Documents/Kyber_RV_M3/RISC-V/common//libmetal.a(riscv_clint0.o)
                0x000000002001781c                __metal_driver_riscv_clint0_vector_register
 .text.__metal_driver_riscv_clint0_command_request
                0x0000000020017820       0x92 /home/hjh/Documents/Kyber_RV_M3/RISC-V/common//libmetal.a(riscv_clint0.o)
                0x0000000020017820                __metal_driver_riscv_clint0_command_request
 .text.__metal_driver_riscv_clint0_get_vector_mode
                0x00000000200178b2        0x4 /home/hjh/Documents/Kyber_RV_M3/RISC-V/common//libmetal.a(riscv_clint0.o)
                0x00000000200178b2                __metal_driver_riscv_clint0_get_vector_mode
 .text.__metal_driver_riscv_clint0_register
                0x00000000200178b6       0x86 /home/hjh/Documents/Kyber_RV_M3/RISC-V/common//libmetal.a(riscv_clint0.o)
                0x00000000200178b6                __metal_driver_riscv_clint0_register
 .text.__metal_driver_riscv_clint0_clear_interrupt
                0x000000002001793c       0x30 /home/hjh/Documents/Kyber_RV_M3/RISC-V/common//libmetal.a(riscv_clint0.o)
                0x000000002001793c                __metal_driver_riscv_clint0_clear_interrupt
 .text.__metal_driver_riscv_clint0_set_interrupt
                0x000000002001796c       0x36 /home/hjh/Documents/Kyber_RV_M3/RISC-V/common//libmetal.a(riscv_clint0.o)
                0x000000002001796c                __metal_driver_riscv_clint0_set_interrupt
 .text.__metal_driver_riscv_clint0_set_vector_mode
                0x00000000200179a2       0x38 /home/hjh/Documents/Kyber_RV_M3/RISC-V/common//libmetal.a(riscv_clint0.o)
                0x00000000200179a2                __metal_driver_riscv_clint0_set_vector_mode
 .text.__metal_driver_riscv_clint0_enable
                0x00000000200179da       0x66 /home/hjh/Documents/Kyber_RV_M3/RISC-V/common//libmetal.a(riscv_clint0.o)
                0x00000000200179da                __metal_driver_riscv_clint0_enable
 .text.__metal_driver_riscv_clint0_disable
                0x0000000020017a40       0x66 /home/hjh/Documents/Kyber_RV_M3/RISC-V/common//libmetal.a(riscv_clint0.o)
                0x0000000020017a40                __metal_driver_riscv_clint0_disable
 .text.__metal_default_sw_handler
                0x0000000020017aa6       0x44 /home/hjh/Documents/Kyber_RV_M3/RISC-V/common//libmetal.a(riscv_cpu.o)
                0x0000000020017aa6                __metal_default_sw_handler
 .text.__metal_default_beu_handler
                0x0000000020017aea        0x2 /home/hjh/Documents/Kyber_RV_M3/RISC-V/common//libmetal.a(riscv_cpu.o)
                0x0000000020017aea                __metal_default_beu_handler
 *fill*         0x0000000020017aec       0x14 
 .text.__metal_exception_handler
                0x0000000020017b00       0xfa /home/hjh/Documents/Kyber_RV_M3/RISC-V/common//libmetal.a(riscv_cpu.o)
                0x0000000020017b00                __metal_exception_handler
 .text.__metal_driver_riscv_cpu_controller_get_vector_mode
                0x0000000020017bfa       0x22 /home/hjh/Documents/Kyber_RV_M3/RISC-V/common//libmetal.a(riscv_cpu.o)
                0x0000000020017bfa                __metal_driver_riscv_cpu_controller_get_vector_mode
 .text.__metal_driver_riscv_cpu_controller_command_request
                0x0000000020017c1c        0x4 /home/hjh/Documents/Kyber_RV_M3/RISC-V/common//libmetal.a(riscv_cpu.o)
                0x0000000020017c1c                __metal_driver_riscv_cpu_controller_command_request
 .text.__metal_driver_cpu_mcycle_get
                0x0000000020017c20       0x12 /home/hjh/Documents/Kyber_RV_M3/RISC-V/common//libmetal.a(riscv_cpu.o)
                0x0000000020017c20                __metal_driver_cpu_mcycle_get
 .text.__metal_driver_cpu_timebase_get
                0x0000000020017c32       0x1c /home/hjh/Documents/Kyber_RV_M3/RISC-V/common//libmetal.a(riscv_cpu.o)
                0x0000000020017c32                __metal_driver_cpu_timebase_get
 .text.__metal_driver_cpu_mtime_get
                0x0000000020017c4e       0x42 /home/hjh/Documents/Kyber_RV_M3/RISC-V/common//libmetal.a(riscv_cpu.o)
                0x0000000020017c4e                __metal_driver_cpu_mtime_get
 .text.__metal_driver_cpu_timer_controller_interrupt
                0x0000000020017c90        0xa /home/hjh/Documents/Kyber_RV_M3/RISC-V/common//libmetal.a(riscv_cpu.o)
                0x0000000020017c90                __metal_driver_cpu_timer_controller_interrupt
 .text.__metal_driver_cpu_get_timer_interrupt_id
                0x0000000020017c9a        0x4 /home/hjh/Documents/Kyber_RV_M3/RISC-V/common//libmetal.a(riscv_cpu.o)
                0x0000000020017c9a                __metal_driver_cpu_get_timer_interrupt_id
 .text.__metal_driver_cpu_get_sw_interrupt_id
                0x0000000020017c9e        0x4 /home/hjh/Documents/Kyber_RV_M3/RISC-V/common//libmetal.a(riscv_cpu.o)
                0x0000000020017c9e                __metal_driver_cpu_get_sw_interrupt_id
 .text.__metal_driver_cpu_set_sw_ipi
                0x0000000020017ca2       0x30 /home/hjh/Documents/Kyber_RV_M3/RISC-V/common//libmetal.a(riscv_cpu.o)
                0x0000000020017ca2                __metal_driver_cpu_set_sw_ipi
 .text.__metal_driver_cpu_clear_sw_ipi
                0x0000000020017cd2       0x30 /home/hjh/Documents/Kyber_RV_M3/RISC-V/common//libmetal.a(riscv_cpu.o)
                0x0000000020017cd2                __metal_driver_cpu_clear_sw_ipi
 .text.__metal_driver_cpu_get_msip
                0x0000000020017d02       0x34 /home/hjh/Documents/Kyber_RV_M3/RISC-V/common//libmetal.a(riscv_cpu.o)
                0x0000000020017d02                __metal_driver_cpu_get_msip
 .text.__metal_driver_cpu_controller_interrupt
                0x0000000020017d36       0x16 /home/hjh/Documents/Kyber_RV_M3/RISC-V/common//libmetal.a(riscv_cpu.o)
                0x0000000020017d36                __metal_driver_cpu_controller_interrupt
 .text.__metal_driver_cpu_get_instruction_length
                0x0000000020017d4c       0x12 /home/hjh/Documents/Kyber_RV_M3/RISC-V/common//libmetal.a(riscv_cpu.o)
                0x0000000020017d4c                __metal_driver_cpu_get_instruction_length
 .text.__metal_driver_cpu_get_exception_pc
                0x0000000020017d5e        0x6 /home/hjh/Documents/Kyber_RV_M3/RISC-V/common//libmetal.a(riscv_cpu.o)
                0x0000000020017d5e                __metal_driver_cpu_get_exception_pc
 .text.__metal_driver_cpu_set_exception_pc
                0x0000000020017d64        0x8 /home/hjh/Documents/Kyber_RV_M3/RISC-V/common//libmetal.a(riscv_cpu.o)
                0x0000000020017d64                __metal_driver_cpu_set_exception_pc
 .text.__metal_driver_cpu_get_buserror
                0x0000000020017d6c        0x4 /home/hjh/Documents/Kyber_RV_M3/RISC-V/common//libmetal.a(riscv_cpu.o)
                0x0000000020017d6c                __metal_driver_cpu_get_buserror
 .text.__metal_default_exception_handler
                0x0000000020017d70        0xc /home/hjh/Documents/Kyber_RV_M3/RISC-V/common//libmetal.a(riscv_cpu.o)
                0x0000000020017d70                __metal_default_exception_handler
 .text.__metal_default_interrupt_handler
                0x0000000020017d7c        0xc /home/hjh/Documents/Kyber_RV_M3/RISC-V/common//libmetal.a(riscv_cpu.o)
                0x0000000020017d7c                __metal_default_interrupt_handler
 .text.__metal_default_timer_handler
                0x0000000020017d88       0x66 /home/hjh/Documents/Kyber_RV_M3/RISC-V/common//libmetal.a(riscv_cpu.o)
                0x0000000020017d88                __metal_default_timer_handler
 .text.__metal_driver_riscv_cpu_controller_interrupt_init
                0x0000000020017dee       0x84 /home/hjh/Documents/Kyber_RV_M3/RISC-V/common//libmetal.a(riscv_cpu.o)
                0x0000000020017dee                __metal_driver_riscv_cpu_controller_interrupt_init
 .text.__metal_driver_riscv_cpu_controller_interrupt_register
                0x0000000020017e72      0x100 /home/hjh/Documents/Kyber_RV_M3/RISC-V/common//libmetal.a(riscv_cpu.o)
                0x0000000020017e72                __metal_driver_riscv_cpu_controller_interrupt_register
 .text.__metal_driver_cpu_exception_register
                0x0000000020017f72       0x2a /home/hjh/Documents/Kyber_RV_M3/RISC-V/common//libmetal.a(riscv_cpu.o)
                0x0000000020017f72                __metal_driver_cpu_exception_register
 .text.__metal_driver_cpu_sw_controller_interrupt
                0x0000000020017f9c        0xa /home/hjh/Documents/Kyber_RV_M3/RISC-V/common//libmetal.a(riscv_cpu.o)
                0x0000000020017f9c                __metal_driver_cpu_sw_controller_interrupt
 .text.__metal_driver_riscv_cpu_controller_set_vector_mode
                0x0000000020017fa6       0x3a /home/hjh/Documents/Kyber_RV_M3/RISC-V/common//libmetal.a(riscv_cpu.o)
                0x0000000020017fa6                __metal_driver_riscv_cpu_controller_set_vector_mode
 .text.__metal_driver_cpu_mtimecmp_set
                0x0000000020017fe0       0x24 /home/hjh/Documents/Kyber_RV_M3/RISC-V/common//libmetal.a(riscv_cpu.o)
                0x0000000020017fe0                __metal_driver_cpu_mtimecmp_set
 .text.__metal_driver_riscv_cpu_controller_interrupt_disable
                0x0000000020018004       0x5a /home/hjh/Documents/Kyber_RV_M3/RISC-V/common//libmetal.a(riscv_cpu.o)
                0x0000000020018004                __metal_driver_riscv_cpu_controller_interrupt_disable
 .text.__metal_driver_riscv_cpu_controller_interrupt_enable
                0x000000002001805e       0x5a /home/hjh/Documents/Kyber_RV_M3/RISC-V/common//libmetal.a(riscv_cpu.o)
                0x000000002001805e                __metal_driver_riscv_cpu_controller_interrupt_enable
 .text.__metal_myhart_id
                0x00000000200180b8        0x6 /home/hjh/Documents/Kyber_RV_M3/RISC-V/common//libmetal.a(riscv_cpu.o)
                0x00000000200180b8                __metal_myhart_id
 .text.metal_interrupt_vector_handler
                0x00000000200180be       0x2a /home/hjh/Documents/Kyber_RV_M3/RISC-V/common//libmetal.a(riscv_cpu.o)
                0x00000000200180be                metal_interrupt_vector_handler
 .text.metal_software_interrupt_vector_handler
                0x00000000200180e8       0x7c /home/hjh/Documents/Kyber_RV_M3/RISC-V/common//libmetal.a(riscv_cpu.o)
                0x00000000200180e8                metal_software_interrupt_vector_handler
 .text.metal_timer_interrupt_vector_handler
                0x0000000020018164       0x7c /home/hjh/Documents/Kyber_RV_M3/RISC-V/common//libmetal.a(riscv_cpu.o)
                0x0000000020018164                metal_timer_interrupt_vector_handler
 .text.metal_lc0_interrupt_vector_handler
                0x00000000200181e0       0x7c /home/hjh/Documents/Kyber_RV_M3/RISC-V/common//libmetal.a(riscv_cpu.o)
                0x00000000200181e0                metal_lc0_interrupt_vector_handler
 .text.metal_lc1_interrupt_vector_handler
                0x000000002001825c       0x7c /home/hjh/Documents/Kyber_RV_M3/RISC-V/common//libmetal.a(riscv_cpu.o)
                0x000000002001825c                metal_lc1_interrupt_vector_handler
 .text.metal_lc2_interrupt_vector_handler
                0x00000000200182d8       0x7c /home/hjh/Documents/Kyber_RV_M3/RISC-V/common//libmetal.a(riscv_cpu.o)
                0x00000000200182d8                metal_lc2_interrupt_vector_handler
 .text.metal_lc3_interrupt_vector_handler
                0x0000000020018354       0x7c /home/hjh/Documents/Kyber_RV_M3/RISC-V/common//libmetal.a(riscv_cpu.o)
                0x0000000020018354                metal_lc3_interrupt_vector_handler
 .text.metal_lc4_interrupt_vector_handler
                0x00000000200183d0       0x7c /home/hjh/Documents/Kyber_RV_M3/RISC-V/common//libmetal.a(riscv_cpu.o)
                0x00000000200183d0                metal_lc4_interrupt_vector_handler
 .text.metal_lc5_interrupt_vector_handler
                0x000000002001844c       0x7c /home/hjh/Documents/Kyber_RV_M3/RISC-V/common//libmetal.a(riscv_cpu.o)
                0x000000002001844c                metal_lc5_interrupt_vector_handler
 .text.metal_lc6_interrupt_vector_handler
                0x00000000200184c8       0x7c /home/hjh/Documents/Kyber_RV_M3/RISC-V/common//libmetal.a(riscv_cpu.o)
                0x00000000200184c8                metal_lc6_interrupt_vector_handler
 .text.metal_lc7_interrupt_vector_handler
                0x0000000020018544       0x7c /home/hjh/Documents/Kyber_RV_M3/RISC-V/common//libmetal.a(riscv_cpu.o)
                0x0000000020018544                metal_lc7_interrupt_vector_handler
 .text.metal_lc8_interrupt_vector_handler
                0x00000000200185c0       0x7c /home/hjh/Documents/Kyber_RV_M3/RISC-V/common//libmetal.a(riscv_cpu.o)
                0x00000000200185c0                metal_lc8_interrupt_vector_handler
 .text.metal_lc9_interrupt_vector_handler
                0x000000002001863c       0x7c /home/hjh/Documents/Kyber_RV_M3/RISC-V/common//libmetal.a(riscv_cpu.o)
                0x000000002001863c                metal_lc9_interrupt_vector_handler
 .text.metal_lc10_interrupt_vector_handler
                0x00000000200186b8       0x7c /home/hjh/Documents/Kyber_RV_M3/RISC-V/common//libmetal.a(riscv_cpu.o)
                0x00000000200186b8                metal_lc10_interrupt_vector_handler
 .text.metal_lc11_interrupt_vector_handler
                0x0000000020018734       0x7c /home/hjh/Documents/Kyber_RV_M3/RISC-V/common//libmetal.a(riscv_cpu.o)
                0x0000000020018734                metal_lc11_interrupt_vector_handler
 .text.metal_lc12_interrupt_vector_handler
                0x00000000200187b0       0x7c /home/hjh/Documents/Kyber_RV_M3/RISC-V/common//libmetal.a(riscv_cpu.o)
                0x00000000200187b0                metal_lc12_interrupt_vector_handler
 .text.metal_lc13_interrupt_vector_handler
                0x000000002001882c       0x7c /home/hjh/Documents/Kyber_RV_M3/RISC-V/common//libmetal.a(riscv_cpu.o)
                0x000000002001882c                metal_lc13_interrupt_vector_handler
 .text.metal_lc14_interrupt_vector_handler
                0x00000000200188a8       0x7c /home/hjh/Documents/Kyber_RV_M3/RISC-V/common//libmetal.a(riscv_cpu.o)
                0x00000000200188a8                metal_lc14_interrupt_vector_handler
 .text.metal_lc15_interrupt_vector_handler
                0x0000000020018924       0x7c /home/hjh/Documents/Kyber_RV_M3/RISC-V/common//libmetal.a(riscv_cpu.o)
                0x0000000020018924                metal_lc15_interrupt_vector_handler
 .text.__metal_controller_interrupt_vector_mode
                0x00000000200189a0       0x22 /home/hjh/Documents/Kyber_RV_M3/RISC-V/common//libmetal.a(riscv_cpu.o)
                0x00000000200189a0                __metal_controller_interrupt_vector_mode
 .text.__metal_driver_riscv_plic0_set_priority
                0x00000000200189c2       0x24 /home/hjh/Documents/Kyber_RV_M3/RISC-V/common//libmetal.a(riscv_plic0.o)
                0x00000000200189c2                __metal_driver_riscv_plic0_set_priority
 .text.__metal_driver_riscv_plic0_get_priority
                0x00000000200189e6       0x22 /home/hjh/Documents/Kyber_RV_M3/RISC-V/common//libmetal.a(riscv_plic0.o)
                0x00000000200189e6                __metal_driver_riscv_plic0_get_priority
 .text.__metal_driver_riscv_plic0_register
                0x0000000020018a08       0x7a /home/hjh/Documents/Kyber_RV_M3/RISC-V/common//libmetal.a(riscv_plic0.o)
                0x0000000020018a08                __metal_driver_riscv_plic0_register
 .text.__metal_driver_riscv_plic0_affinity_enable
                0x0000000020018a82       0x5e /home/hjh/Documents/Kyber_RV_M3/RISC-V/common//libmetal.a(riscv_plic0.o)
                0x0000000020018a82                __metal_driver_riscv_plic0_affinity_enable
 .text.__metal_driver_riscv_plic0_affinity_disable
                0x0000000020018ae0       0x60 /home/hjh/Documents/Kyber_RV_M3/RISC-V/common//libmetal.a(riscv_plic0.o)
                0x0000000020018ae0                __metal_driver_riscv_plic0_affinity_disable
 .text.__metal_driver_riscv_plic0_affinity_set_threshold
                0x0000000020018b40       0x2e /home/hjh/Documents/Kyber_RV_M3/RISC-V/common//libmetal.a(riscv_plic0.o)
                0x0000000020018b40                __metal_driver_riscv_plic0_affinity_set_threshold
 .text.__metal_driver_riscv_plic0_affinity_get_threshold
                0x0000000020018b6e       0x28 /home/hjh/Documents/Kyber_RV_M3/RISC-V/common//libmetal.a(riscv_plic0.o)
                0x0000000020018b6e                __metal_driver_riscv_plic0_affinity_get_threshold
 .text.__metal_plic0_default_handler
                0x0000000020018b96        0xc /home/hjh/Documents/Kyber_RV_M3/RISC-V/common//libmetal.a(riscv_plic0.o)
                0x0000000020018b96                __metal_plic0_default_handler
 .text.__metal_plic0_handler
                0x0000000020018ba2       0x7a /home/hjh/Documents/Kyber_RV_M3/RISC-V/common//libmetal.a(riscv_plic0.o)
                0x0000000020018ba2                __metal_plic0_handler
 .text.__metal_driver_riscv_plic0_set_threshold
                0x0000000020018c1c       0x40 /home/hjh/Documents/Kyber_RV_M3/RISC-V/common//libmetal.a(riscv_plic0.o)
                0x0000000020018c1c                __metal_driver_riscv_plic0_set_threshold
 .text.__metal_driver_riscv_plic0_get_threshold
                0x0000000020018c5c       0x34 /home/hjh/Documents/Kyber_RV_M3/RISC-V/common//libmetal.a(riscv_plic0.o)
                0x0000000020018c5c                __metal_driver_riscv_plic0_get_threshold
 .text.__metal_driver_riscv_plic0_enable
                0x0000000020018c90       0x5a /home/hjh/Documents/Kyber_RV_M3/RISC-V/common//libmetal.a(riscv_plic0.o)
                0x0000000020018c90                __metal_driver_riscv_plic0_enable
 .text.__metal_driver_riscv_plic0_disable
                0x0000000020018cea       0x5e /home/hjh/Documents/Kyber_RV_M3/RISC-V/common//libmetal.a(riscv_plic0.o)
                0x0000000020018cea                __metal_driver_riscv_plic0_disable
 .text.__metal_driver_riscv_plic0_init
                0x0000000020018d48      0x112 /home/hjh/Documents/Kyber_RV_M3/RISC-V/common//libmetal.a(riscv_plic0.o)
                0x0000000020018d48                __metal_driver_riscv_plic0_init
 .text.__metal_driver_sifive_fe310_g000_hfrosc_get_rate_hz
                0x0000000020018e5a       0x46 /home/hjh/Documents/Kyber_RV_M3/RISC-V/common//libmetal.a(sifive_fe310-g000_hfrosc.o)
                0x0000000020018e5a                __metal_driver_sifive_fe310_g000_hfrosc_get_rate_hz
 .text.__metal_driver_sifive_fe310_g000_hfrosc_set_rate_hz
                0x0000000020018ea0       0x46 /home/hjh/Documents/Kyber_RV_M3/RISC-V/common//libmetal.a(sifive_fe310-g000_hfrosc.o)
                0x0000000020018ea0                __metal_driver_sifive_fe310_g000_hfrosc_set_rate_hz
 .text.__metal_driver_sifive_fe310_g000_hfxosc_get_rate_hz
                0x0000000020018ee6       0x3a /home/hjh/Documents/Kyber_RV_M3/RISC-V/common//libmetal.a(sifive_fe310-g000_hfxosc.o)
                0x0000000020018ee6                __metal_driver_sifive_fe310_g000_hfxosc_get_rate_hz
 .text.__metal_driver_sifive_fe310_g000_hfxosc_set_rate_hz
                0x0000000020018f20       0x3a /home/hjh/Documents/Kyber_RV_M3/RISC-V/common//libmetal.a(sifive_fe310-g000_hfxosc.o)
                0x0000000020018f20                __metal_driver_sifive_fe310_g000_hfxosc_set_rate_hz
 .text.__metal_driver_sifive_fe310_g000_pll_config_base
                0x0000000020018f5a        0x6 /home/hjh/Documents/Kyber_RV_M3/RISC-V/common//libmetal.a(sifive_fe310-g000_pll.o)
 .text.__metal_driver_sifive_fe310_g000_pll_config_offset
                0x0000000020018f60        0x4 /home/hjh/Documents/Kyber_RV_M3/RISC-V/common//libmetal.a(sifive_fe310-g000_pll.o)
 .text.__metal_driver_sifive_fe310_g000_pll_init
                0x0000000020018f64       0x66 /home/hjh/Documents/Kyber_RV_M3/RISC-V/common//libmetal.a(sifive_fe310-g000_pll.o)
                0x0000000020018f64                __metal_driver_sifive_fe310_g000_pll_init
 .text.__metal_driver_sifive_fe310_g000_pll_get_rate_hz
                0x0000000020018fca       0xc6 /home/hjh/Documents/Kyber_RV_M3/RISC-V/common//libmetal.a(sifive_fe310-g000_pll.o)
                0x0000000020018fca                __metal_driver_sifive_fe310_g000_pll_get_rate_hz
 .text.__metal_driver_sifive_fe310_g000_pll_set_rate_hz
                0x0000000020019090      0x1f6 /home/hjh/Documents/Kyber_RV_M3/RISC-V/common//libmetal.a(sifive_fe310-g000_pll.o)
                0x0000000020019090                __metal_driver_sifive_fe310_g000_pll_set_rate_hz
 .text.__metal_driver_sifive_fe310_g000_prci_get_reg
                0x0000000020019286        0xa /home/hjh/Documents/Kyber_RV_M3/RISC-V/common//libmetal.a(sifive_fe310-g000_prci.o)
                0x0000000020019286                __metal_driver_sifive_fe310_g000_prci_get_reg
 .text.__metal_driver_sifive_fe310_g000_prci_set_reg
                0x0000000020019290        0xc /home/hjh/Documents/Kyber_RV_M3/RISC-V/common//libmetal.a(sifive_fe310-g000_prci.o)
                0x0000000020019290                __metal_driver_sifive_fe310_g000_prci_set_reg
 .text.__metal_driver_sifive_gpio0_enable_input
                0x000000002001929c       0x24 /home/hjh/Documents/Kyber_RV_M3/RISC-V/common//libmetal.a(sifive_gpio0.o)
                0x000000002001929c                __metal_driver_sifive_gpio0_enable_input
 .text.__metal_driver_sifive_gpio0_disable_input
                0x00000000200192c0       0x2c /home/hjh/Documents/Kyber_RV_M3/RISC-V/common//libmetal.a(sifive_gpio0.o)
                0x00000000200192c0                __metal_driver_sifive_gpio0_disable_input
 .text.__metal_driver_sifive_gpio0_input
                0x00000000200192ec       0x16 /home/hjh/Documents/Kyber_RV_M3/RISC-V/common//libmetal.a(sifive_gpio0.o)
                0x00000000200192ec                __metal_driver_sifive_gpio0_input
 .text.__metal_driver_sifive_gpio0_output
                0x0000000020019302       0x18 /home/hjh/Documents/Kyber_RV_M3/RISC-V/common//libmetal.a(sifive_gpio0.o)
                0x0000000020019302                __metal_driver_sifive_gpio0_output
 .text.__metal_driver_sifive_gpio0_disable_output
                0x000000002001931a       0x2c /home/hjh/Documents/Kyber_RV_M3/RISC-V/common//libmetal.a(sifive_gpio0.o)
                0x000000002001931a                __metal_driver_sifive_gpio0_disable_output
 .text.__metal_driver_sifive_gpio0_enable_output
                0x0000000020019346       0x24 /home/hjh/Documents/Kyber_RV_M3/RISC-V/common//libmetal.a(sifive_gpio0.o)
                0x0000000020019346                __metal_driver_sifive_gpio0_enable_output
 .text.__metal_driver_sifive_gpio0_output_set
                0x000000002001936a       0x24 /home/hjh/Documents/Kyber_RV_M3/RISC-V/common//libmetal.a(sifive_gpio0.o)
                0x000000002001936a                __metal_driver_sifive_gpio0_output_set
 .text.__metal_driver_sifive_gpio0_output_clear
                0x000000002001938e       0x2c /home/hjh/Documents/Kyber_RV_M3/RISC-V/common//libmetal.a(sifive_gpio0.o)
                0x000000002001938e                __metal_driver_sifive_gpio0_output_clear
 .text.__metal_driver_sifive_gpio0_output_toggle
                0x00000000200193ba       0x24 /home/hjh/Documents/Kyber_RV_M3/RISC-V/common//libmetal.a(sifive_gpio0.o)
                0x00000000200193ba                __metal_driver_sifive_gpio0_output_toggle
 .text.__metal_driver_sifive_gpio0_enable_io
                0x00000000200193de       0x3c /home/hjh/Documents/Kyber_RV_M3/RISC-V/common//libmetal.a(sifive_gpio0.o)
                0x00000000200193de                __metal_driver_sifive_gpio0_enable_io
 .text.__metal_driver_sifive_gpio0_disable_io
                0x000000002001941a       0x30 /home/hjh/Documents/Kyber_RV_M3/RISC-V/common//libmetal.a(sifive_gpio0.o)
                0x000000002001941a                __metal_driver_sifive_gpio0_disable_io
 .text.__metal_driver_sifive_gpio0_config_int
                0x000000002001944a       0xa8 /home/hjh/Documents/Kyber_RV_M3/RISC-V/common//libmetal.a(sifive_gpio0.o)
                0x000000002001944a                __metal_driver_sifive_gpio0_config_int
 .text.__metal_driver_sifive_gpio0_clear_int
                0x00000000200194f2       0x88 /home/hjh/Documents/Kyber_RV_M3/RISC-V/common//libmetal.a(sifive_gpio0.o)
                0x00000000200194f2                __metal_driver_sifive_gpio0_clear_int
 .text.__metal_driver_gpio_interrupt_controller
                0x000000002001957a       0x16 /home/hjh/Documents/Kyber_RV_M3/RISC-V/common//libmetal.a(sifive_gpio0.o)
                0x000000002001957a                __metal_driver_gpio_interrupt_controller
 .text.__metal_driver_gpio_get_interrupt_id
                0x0000000020019590      0x146 /home/hjh/Documents/Kyber_RV_M3/RISC-V/common//libmetal.a(sifive_gpio0.o)
                0x0000000020019590                __metal_driver_gpio_get_interrupt_id
 .text.__metal_driver_sifive_uart0_interrupt_controller
                0x00000000200196d6       0x26 /home/hjh/Documents/Kyber_RV_M3/RISC-V/common//libmetal.a(sifive_uart0.o)
                0x00000000200196d6                __metal_driver_sifive_uart0_interrupt_controller
 .text.__metal_driver_sifive_uart0_get_interrupt_id
                0x00000000200196fc       0x22 /home/hjh/Documents/Kyber_RV_M3/RISC-V/common//libmetal.a(sifive_uart0.o)
                0x00000000200196fc                __metal_driver_sifive_uart0_get_interrupt_id
 .text.__metal_driver_sifive_uart0_tx_interrupt_enable
                0x000000002001971e       0x4a /home/hjh/Documents/Kyber_RV_M3/RISC-V/common//libmetal.a(sifive_uart0.o)
                0x000000002001971e                __metal_driver_sifive_uart0_tx_interrupt_enable
 .text.__metal_driver_sifive_uart0_tx_interrupt_disable
                0x0000000020019768       0x44 /home/hjh/Documents/Kyber_RV_M3/RISC-V/common//libmetal.a(sifive_uart0.o)
                0x0000000020019768                __metal_driver_sifive_uart0_tx_interrupt_disable
 .text.__metal_driver_sifive_uart0_rx_interrupt_enable
                0x00000000200197ac       0x4a /home/hjh/Documents/Kyber_RV_M3/RISC-V/common//libmetal.a(sifive_uart0.o)
                0x00000000200197ac                __metal_driver_sifive_uart0_rx_interrupt_enable
 .text.__metal_driver_sifive_uart0_rx_interrupt_disable
                0x00000000200197f6       0x44 /home/hjh/Documents/Kyber_RV_M3/RISC-V/common//libmetal.a(sifive_uart0.o)
                0x00000000200197f6                __metal_driver_sifive_uart0_rx_interrupt_disable
 .text.__metal_driver_sifive_uart0_txready
                0x000000002001983a       0x34 /home/hjh/Documents/Kyber_RV_M3/RISC-V/common//libmetal.a(sifive_uart0.o)
                0x000000002001983a                __metal_driver_sifive_uart0_txready
 .text.__metal_driver_sifive_uart0_set_tx_watermark
                0x000000002001986e       0x5c /home/hjh/Documents/Kyber_RV_M3/RISC-V/common//libmetal.a(sifive_uart0.o)
                0x000000002001986e                __metal_driver_sifive_uart0_set_tx_watermark
 .text.__metal_driver_sifive_uart0_get_tx_watermark
                0x00000000200198ca       0x3e /home/hjh/Documents/Kyber_RV_M3/RISC-V/common//libmetal.a(sifive_uart0.o)
                0x00000000200198ca                __metal_driver_sifive_uart0_get_tx_watermark
 .text.__metal_driver_sifive_uart0_set_rx_watermark
                0x0000000020019908       0x5c /home/hjh/Documents/Kyber_RV_M3/RISC-V/common//libmetal.a(sifive_uart0.o)
                0x0000000020019908                __metal_driver_sifive_uart0_set_rx_watermark
 .text.__metal_driver_sifive_uart0_get_rx_watermark
                0x0000000020019964       0x3e /home/hjh/Documents/Kyber_RV_M3/RISC-V/common//libmetal.a(sifive_uart0.o)
                0x0000000020019964                __metal_driver_sifive_uart0_get_rx_watermark
 .text.__metal_driver_sifive_uart0_putc
                0x00000000200199a2       0x50 /home/hjh/Documents/Kyber_RV_M3/RISC-V/common//libmetal.a(sifive_uart0.o)
                0x00000000200199a2                __metal_driver_sifive_uart0_putc
 .text.__metal_driver_sifive_uart0_getc
                0x00000000200199f2       0x3c /home/hjh/Documents/Kyber_RV_M3/RISC-V/common//libmetal.a(sifive_uart0.o)
                0x00000000200199f2                __metal_driver_sifive_uart0_getc
 .text.__metal_driver_sifive_uart0_get_baud_rate
                0x0000000020019a2e        0x4 /home/hjh/Documents/Kyber_RV_M3/RISC-V/common//libmetal.a(sifive_uart0.o)
                0x0000000020019a2e                __metal_driver_sifive_uart0_get_baud_rate
 .text.__metal_driver_sifive_uart0_set_baud_rate
                0x0000000020019a32       0x98 /home/hjh/Documents/Kyber_RV_M3/RISC-V/common//libmetal.a(sifive_uart0.o)
                0x0000000020019a32                __metal_driver_sifive_uart0_set_baud_rate
 .text.pre_rate_change_callback_func
                0x0000000020019aca       0xa4 /home/hjh/Documents/Kyber_RV_M3/RISC-V/common//libmetal.a(sifive_uart0.o)
 .text.post_rate_change_callback_func
                0x0000000020019b6e        0xa /home/hjh/Documents/Kyber_RV_M3/RISC-V/common//libmetal.a(sifive_uart0.o)
 .text.__metal_driver_sifive_uart0_init
                0x0000000020019b78       0xd2 /home/hjh/Documents/Kyber_RV_M3/RISC-V/common//libmetal.a(sifive_uart0.o)
                0x0000000020019b78                __metal_driver_sifive_uart0_init
 .text.metal_cpu_get
                0x0000000020019c4a        0xc /home/hjh/Documents/Kyber_RV_M3/RISC-V/common//libmetal.a(cpu.o)
                0x0000000020019c4a                metal_cpu_get
 .text.metal_cpu_get_current_hartid
                0x0000000020019c56        0x6 /home/hjh/Documents/Kyber_RV_M3/RISC-V/common//libmetal.a(cpu.o)
                0x0000000020019c56                metal_cpu_get_current_hartid
 *fill*         0x0000000020019c5c       0x24 
 .text          0x0000000020019c80       0x80 /home/hjh/Documents/Kyber_RV_M3/RISC-V/common//libmetal.a(vector.o)
                0x0000000020019c80                __metal_vector_table
 .text.__metal_driver_fixed_clock_get_rate_hz
                0x0000000020019d00       0x4e /home/hjh/Documents/Kyber_RV_M3/RISC-V/common//libmetal.a(fixed-clock.o)
                0x0000000020019d00                __metal_driver_fixed_clock_get_rate_hz
 .text.__metal_driver_fixed_clock_set_rate_hz
                0x0000000020019d4e       0x4e /home/hjh/Documents/Kyber_RV_M3/RISC-V/common//libmetal.a(fixed-clock.o)
                0x0000000020019d4e                __metal_driver_fixed_clock_set_rate_hz
 *(.gnu.linkonce.t.*)

.rela.dyn       0x0000000020019d9c        0x0
 .rela.text._sbrk_r
                0x0000000020019d9c        0x0 /tmp/ccy1Nzyh.o
 .rela.text._vfprintf_r
                0x0000000020019d9c        0x0 /tmp/ccy1Nzyh.o
 .rela.text._write_r
                0x0000000020019d9c        0x0 /tmp/ccy1Nzyh.o
 .rela.text._close_r
                0x0000000020019d9c        0x0 /tmp/ccy1Nzyh.o
 .rela.text._fstat_r
                0x0000000020019d9c        0x0 /tmp/ccy1Nzyh.o
 .rela.text._isatty_r
                0x0000000020019d9c        0x0 /tmp/ccy1Nzyh.o
 .rela.text._lseek_r
                0x0000000020019d9c        0x0 /tmp/ccy1Nzyh.o
 .rela.text._read_r
                0x0000000020019d9c        0x0 /tmp/ccy1Nzyh.o
 .rela.text.metal.init.enter
                0x0000000020019d9c        0x0 /tmp/ccy1Nzyh.o
 .rela.text.metal.init.scrub
                0x0000000020019d9c        0x0 /tmp/ccy1Nzyh.o
 .rela.text.libgloss.start
                0x0000000020019d9c        0x0 /tmp/ccy1Nzyh.o
 .rela.text._sbrk
                0x0000000020019d9c        0x0 /tmp/ccy1Nzyh.o
 .rela.sdata.__brk
                0x0000000020019d9c        0x0 /tmp/ccy1Nzyh.o
 .rela.text.__libc_fini_array
                0x0000000020019d9c        0x0 /tmp/ccy1Nzyh.o
 .rela.text.__libc_init_array
                0x0000000020019d9c        0x0 /tmp/ccy1Nzyh.o
 .rela.text.__register_exitproc
                0x0000000020019d9c        0x0 /tmp/ccy1Nzyh.o
 .rela.text.metal_init_run
                0x0000000020019d9c        0x0 /tmp/ccy1Nzyh.o
 .rela.text.metal_fini_run
                0x0000000020019d9c        0x0 /tmp/ccy1Nzyh.o
 .rela.text     0x0000000020019d9c        0x0 /tmp/ccy1Nzyh.o

.data           0x0000000080000000      0xfec load address 0x0000000020019da0
 *(.data .data.*)
 .data.zetas    0x0000000080000000      0x100 /tmp/ccQwclSJ.o
                0x0000000080000000                zetas
 .data.zetas_asm
                0x0000000080000100      0x200 /tmp/ccQwclSJ.o
                0x0000000080000100                zetas_asm
 .data.zetas_inv_asm
                0x0000000080000300      0x200 /tmp/ccQwclSJ.o
                0x0000000080000300                zetas_inv_asm
 .data.impure_data
                0x0000000080000500       0x60 /home/hjh/RISC-V/riscv64-unknown-elf-gcc-8.3.0-2020.04.0-x86_64-linux-ubuntu14/bin/../lib/gcc/riscv64-unknown-elf/8.3.0/../../../../riscv64-unknown-elf/lib/rv32imac/ilp32/libc_nano.a(lib_a-impure.o)
 .data.__metal_dt_clock_0
                0x0000000080000560        0xc /home/hjh/Documents/Kyber_RV_M3/RISC-V/common//libmetal.a(inline.o)
                0x0000000080000560                __metal_dt_clock_0
 .data.__metal_dt_clock_1
                0x000000008000056c        0xc /home/hjh/Documents/Kyber_RV_M3/RISC-V/common//libmetal.a(inline.o)
                0x000000008000056c                __metal_dt_clock_1
 .data.__metal_dt_clock_2
                0x0000000080000578        0xc /home/hjh/Documents/Kyber_RV_M3/RISC-V/common//libmetal.a(inline.o)
                0x0000000080000578                __metal_dt_clock_2
 .data.__metal_dt_clock_3
                0x0000000080000584        0xc /home/hjh/Documents/Kyber_RV_M3/RISC-V/common//libmetal.a(inline.o)
                0x0000000080000584                __metal_dt_clock_3
 .data.__metal_dt_clock_4
                0x0000000080000590        0xc /home/hjh/Documents/Kyber_RV_M3/RISC-V/common//libmetal.a(inline.o)
                0x0000000080000590                __metal_dt_clock_4
 .data.__metal_dt_clock_5
                0x000000008000059c        0xc /home/hjh/Documents/Kyber_RV_M3/RISC-V/common//libmetal.a(inline.o)
                0x000000008000059c                __metal_dt_clock_5
 .data.__metal_dt_clock_6
                0x00000000800005a8        0xc /home/hjh/Documents/Kyber_RV_M3/RISC-V/common//libmetal.a(inline.o)
                0x00000000800005a8                __metal_dt_clock_6
 *fill*         0x00000000800005b4        0x4 
 .data.__metal_dt_cpu_0_interrupt_controller
                0x00000000800005b8      0x3d0 /home/hjh/Documents/Kyber_RV_M3/RISC-V/common//libmetal.a(inline.o)
                0x00000000800005b8                __metal_dt_cpu_0_interrupt_controller
 .data.__metal_dt_interrupt_controller_c000000
                0x0000000080000988      0x5d8 /home/hjh/Documents/Kyber_RV_M3/RISC-V/common//libmetal.a(inline.o)
                0x0000000080000988                __metal_dt_interrupt_controller_c000000
 .data.__metal_dt_serial_10013000
                0x0000000080000f60       0x20 /home/hjh/Documents/Kyber_RV_M3/RISC-V/common//libmetal.a(inline.o)
                0x0000000080000f60                __metal_dt_serial_10013000
 .data.__metal_dt_serial_10023000
                0x0000000080000f80       0x20 /home/hjh/Documents/Kyber_RV_M3/RISC-V/common//libmetal.a(inline.o)
                0x0000000080000f80                __metal_dt_serial_10023000
 *(.gnu.linkonce.d.*)
                0x0000000080000fa0                . = ALIGN (0x8)
                0x00000000800017a0                PROVIDE (__global_pointer$ = (. + 0x800))
 *(.sdata .sdata.* .sdata2.*)
 .sdata._impure_ptr
                0x0000000080000fa0        0x4 /home/hjh/RISC-V/riscv64-unknown-elf-gcc-8.3.0-2020.04.0-x86_64-linux-ubuntu14/bin/../lib/gcc/riscv64-unknown-elf/8.3.0/../../../../riscv64-unknown-elf/lib/rv32imac/ilp32/libc_nano.a(lib_a-impure.o)
                0x0000000080000fa0                _impure_ptr
 .sdata2._global_impure_ptr
                0x0000000080000fa4        0x4 /home/hjh/RISC-V/riscv64-unknown-elf-gcc-8.3.0-2020.04.0-x86_64-linux-ubuntu14/bin/../lib/gcc/riscv64-unknown-elf/8.3.0/../../../../riscv64-unknown-elf/lib/rv32imac/ilp32/libc_nano.a(lib_a-impure.o)
                0x0000000080000fa4                _global_impure_ptr
 .sdata.__brk   0x0000000080000fa8        0x4 /home/hjh/Documents/Kyber_RV_M3/RISC-V/common//libmetal-gloss.a(sys_sbrk.o)
 .sdata.__metal_dt_clint_2000000
                0x0000000080000fac        0x8 /home/hjh/Documents/Kyber_RV_M3/RISC-V/common//libmetal.a(inline.o)
                0x0000000080000fac                __metal_dt_clint_2000000
 .sdata.__metal_dt_cpu_0
                0x0000000080000fb4        0x8 /home/hjh/Documents/Kyber_RV_M3/RISC-V/common//libmetal.a(inline.o)
                0x0000000080000fb4                __metal_dt_cpu_0
 .sdata.__metal_dt_gpio_10012000
                0x0000000080000fbc        0x4 /home/hjh/Documents/Kyber_RV_M3/RISC-V/common//libmetal.a(inline.o)
                0x0000000080000fbc                __metal_dt_gpio_10012000
 .sdata.__metal_dt_prci_10008000
                0x0000000080000fc0        0x4 /home/hjh/Documents/Kyber_RV_M3/RISC-V/common//libmetal.a(inline.o)
                0x0000000080000fc0                __metal_dt_prci_10008000
 .sdata.__metal_cpu_table
                0x0000000080000fc4        0x4 /home/hjh/Documents/Kyber_RV_M3/RISC-V/common//libmetal.a(riscv_cpu.o)
 .sdata2.__metal_driver_vtable_sifive_fe310_g000_hfrosc
                0x0000000080000fc8        0x8 /home/hjh/Documents/Kyber_RV_M3/RISC-V/common//libmetal.a(sifive_fe310-g000_hfrosc.o)
                0x0000000080000fc8                __metal_driver_vtable_sifive_fe310_g000_hfrosc
 .sdata2.__metal_driver_vtable_sifive_fe310_g000_hfxosc
                0x0000000080000fd0        0x8 /home/hjh/Documents/Kyber_RV_M3/RISC-V/common//libmetal.a(sifive_fe310-g000_hfxosc.o)
                0x0000000080000fd0                __metal_driver_vtable_sifive_fe310_g000_hfxosc
 .sdata2.__metal_driver_vtable_sifive_fe310_g000_prci
                0x0000000080000fd8        0x8 /home/hjh/Documents/Kyber_RV_M3/RISC-V/common//libmetal.a(sifive_fe310-g000_prci.o)
                0x0000000080000fd8                __metal_driver_vtable_sifive_fe310_g000_prci
 .sdata.__metal_cpu_table
                0x0000000080000fe0        0x4 /home/hjh/Documents/Kyber_RV_M3/RISC-V/common//libmetal.a(cpu.o)
 .sdata2.__metal_driver_vtable_fixed_clock
                0x0000000080000fe4        0x8 /home/hjh/Documents/Kyber_RV_M3/RISC-V/common//libmetal.a(fixed-clock.o)
                0x0000000080000fe4                __metal_driver_vtable_fixed_clock
 *(.gnu.linkonce.s.*)

.tdata          0x0000000080000ff0        0x0 load address 0x000000002001ad90
                0x0000000080000ff0                PROVIDE (__tls_base = .)
 *(.tdata .tdata.* .gnu.linkonce.td.*)
                [!provide]                        PROVIDE (__tdata_source = LOADADDR (.tdata))
                [!provide]                        PROVIDE (__tdata_size = SIZEOF (.tdata))
                0x0000000020019da0                PROVIDE (metal_segment_data_source_start = LOADADDR (.data))
                0x0000000080000000                PROVIDE (metal_segment_data_target_start = ADDR (.data))
                0x0000000080000ff0                PROVIDE (metal_segment_data_target_end = (ADDR (.tdata) + SIZEOF (.tdata)))

.tbss           0x0000000080000ff0        0x0
 *(.tbss .tbss.* .gnu.linkonce.tb.*)
 *(.tcommon .tcommon.*)
                [!provide]                        PROVIDE (__tls_end = .)
                0x0000000000000000                PROVIDE (__tbss_size = SIZEOF (.tbss))
                [!provide]                        PROVIDE (__tls_size = (__tls_end - __tls_base))

.tbss_space     0x0000000080000ff0        0x0
                0x0000000080000ff0                . = (. + __tbss_size)

.bss            0x0000000080000ff0      0x110
 *(.sbss*)
 .sbss.outleft  0x0000000080000ff0        0x4 /tmp/ccOIqH5w.o
 .sbss.__malloc_free_list
                0x0000000080000ff4        0x4 /home/hjh/RISC-V/riscv64-unknown-elf-gcc-8.3.0-2020.04.0-x86_64-linux-ubuntu14/bin/../lib/gcc/riscv64-unknown-elf/8.3.0/../../../../riscv64-unknown-elf/lib/rv32imac/ilp32/libc_nano.a(lib_a-nano-mallocr.o)
                0x0000000080000ff4                __malloc_free_list
 .sbss.__malloc_sbrk_start
                0x0000000080000ff8        0x4 /home/hjh/RISC-V/riscv64-unknown-elf-gcc-8.3.0-2020.04.0-x86_64-linux-ubuntu14/bin/../lib/gcc/riscv64-unknown-elf/8.3.0/../../../../riscv64-unknown-elf/lib/rv32imac/ilp32/libc_nano.a(lib_a-nano-mallocr.o)
                0x0000000080000ff8                __malloc_sbrk_start
 .sbss._global_atexit
                0x0000000080000ffc        0x4 /home/hjh/RISC-V/riscv64-unknown-elf-gcc-8.3.0-2020.04.0-x86_64-linux-ubuntu14/bin/../lib/gcc/riscv64-unknown-elf/8.3.0/../../../../riscv64-unknown-elf/lib/rv32imac/ilp32/libc_nano.a(lib_a-__call_atexit.o)
                0x0000000080000ffc                _global_atexit
 .sbss.fini_done.1540
                0x0000000080001000        0x4 /home/hjh/Documents/Kyber_RV_M3/RISC-V/common//libmetal.a(init.o)
 .sbss.init_done.1531
                0x0000000080001004        0x4 /home/hjh/Documents/Kyber_RV_M3/RISC-V/common//libmetal.a(init.o)
 *(.gnu.linkonce.sb.*)
 *(.bss .bss.*)
 .bss.buf.3195  0x0000000080001008       0x15 /tmp/ccy1Nzyh.o
 *fill*         0x000000008000101d        0x3 
 .bss.in        0x0000000080001020       0x30 /tmp/ccOIqH5w.o
 .bss.out       0x0000000080001050       0x20 /tmp/ccOIqH5w.o
 .bss._global_atexit0
                0x0000000080001070       0x8c /home/hjh/RISC-V/riscv64-unknown-elf-gcc-8.3.0-2020.04.0-x86_64-linux-ubuntu14/bin/../lib/gcc/riscv64-unknown-elf/8.3.0/../../../../riscv64-unknown-elf/lib/rv32imac/ilp32/libc_nano.a(lib_a-__atexit.o)
 *(.gnu.linkonce.b.*)
 *(COMMON)
 COMMON         0x00000000800010fc        0x4 /home/hjh/RISC-V/riscv64-unknown-elf-gcc-8.3.0-2020.04.0-x86_64-linux-ubuntu14/bin/../lib/gcc/riscv64-unknown-elf/8.3.0/../../../../riscv64-unknown-elf/lib/rv32imac/ilp32/libc_nano.a(lib_a-reent.o)
                0x00000000800010fc                errno
                [!provide]                        PROVIDE (metal_segment_bss_source_start = LOADADDR (.tbss))
                0x0000000080000ff0                PROVIDE (metal_segment_bss_target_start = ADDR (.tbss))
                0x0000000080001100                PROVIDE (metal_segment_bss_target_end = (ADDR (.bss) + SIZEOF (.bss)))

.stack          0x0000000080001100     0x2000
                [!provide]                        PROVIDE (metal_segment_stack_begin = .)
                0x0000000080003100                . = (. + __stack_size)
 *fill*         0x0000000080001100     0x2000 
                0x0000000080003100                PROVIDE (_sp = .)
                [!provide]                        PROVIDE (metal_segment_stack_end = .)

.heap           0x0000000080003100      0xf00
                [!provide]                        PROVIDE (__end = .)
                [!provide]                        PROVIDE (__heap_start = .)
                0x0000000080003100                PROVIDE (metal_segment_heap_target_start = .)
                0x0000000000000f00                . = DEFINED (__heap_max)?MIN ((LENGTH (ram) - (. - ORIGIN (ram))), 0x10000000):__heap_size
 *fill*         0x0000000080003100      0xf00 
                0x0000000080004000                PROVIDE (metal_segment_heap_target_end = .)
                [!provide]                        PROVIDE (_heap_end = .)
                [!provide]                        PROVIDE (__heap_end = .)

/DISCARD/
 *(.eh_frame .eh_frame.*)
OUTPUT(elf/crypto_kem_kyber512_fspeed_speed.elf elf32-littleriscv)

.comment        0x0000000000000000       0x28
 .comment       0x0000000000000000       0x28 /tmp/ccy1Nzyh.o
                                         0x29 (size before relaxing)
 .comment       0x0000000000000028       0x29 /tmp/cc9V3NNE.o
 .comment       0x0000000000000028       0x29 /tmp/ccEmBcJV.o
 .comment       0x0000000000000028       0x29 /tmp/ccOIqH5w.o
 .comment       0x0000000000000028       0x29 /tmp/ccfp8AoY.o
 .comment       0x0000000000000028       0x29 /tmp/ccK1y2xp.o
 .comment       0x0000000000000028       0x29 /tmp/ccPrVvKK.o
 .comment       0x0000000000000028       0x29 /tmp/ccxV0imj.o
 .comment       0x0000000000000028       0x29 /tmp/ccQwclSJ.o
 .comment       0x0000000000000028       0x29 /tmp/ccSDK8kv.o
 .comment       0x0000000000000028       0x29 /tmp/ccB7s1uX.o
 .comment       0x0000000000000028       0x29 /tmp/cc0bLWlk.o
 .comment       0x0000000000000028       0x29 /tmp/ccLInkXM.o
 .comment       0x0000000000000028       0x29 /home/hjh/RISC-V/riscv64-unknown-elf-gcc-8.3.0-2020.04.0-x86_64-linux-ubuntu14/bin/../lib/gcc/riscv64-unknown-elf/8.3.0/../../../../riscv64-unknown-elf/lib/rv32imac/ilp32/libc_nano.a(lib_a-exit.o)
 .comment       0x0000000000000028       0x29 /home/hjh/RISC-V/riscv64-unknown-elf-gcc-8.3.0-2020.04.0-x86_64-linux-ubuntu14/bin/../lib/gcc/riscv64-unknown-elf/8.3.0/../../../../riscv64-unknown-elf/lib/rv32imac/ilp32/libc_nano.a(lib_a-impure.o)
 .comment       0x0000000000000028       0x29 /home/hjh/RISC-V/riscv64-unknown-elf-gcc-8.3.0-2020.04.0-x86_64-linux-ubuntu14/bin/../lib/gcc/riscv64-unknown-elf/8.3.0/../../../../riscv64-unknown-elf/lib/rv32imac/ilp32/libc_nano.a(lib_a-nano-freer.o)
 .comment       0x0000000000000028       0x29 /home/hjh/RISC-V/riscv64-unknown-elf-gcc-8.3.0-2020.04.0-x86_64-linux-ubuntu14/bin/../lib/gcc/riscv64-unknown-elf/8.3.0/../../../../riscv64-unknown-elf/lib/rv32imac/ilp32/libc_nano.a(lib_a-nano-mallocr.o)
 .comment       0x0000000000000028       0x29 /home/hjh/RISC-V/riscv64-unknown-elf-gcc-8.3.0-2020.04.0-x86_64-linux-ubuntu14/bin/../lib/gcc/riscv64-unknown-elf/8.3.0/../../../../riscv64-unknown-elf/lib/rv32imac/ilp32/libc_nano.a(lib_a-printf.o)
 .comment       0x0000000000000028       0x29 /home/hjh/RISC-V/riscv64-unknown-elf-gcc-8.3.0-2020.04.0-x86_64-linux-ubuntu14/bin/../lib/gcc/riscv64-unknown-elf/8.3.0/../../../../riscv64-unknown-elf/lib/rv32imac/ilp32/libc_nano.a(lib_a-puts.o)
 .comment       0x0000000000000028       0x29 /home/hjh/RISC-V/riscv64-unknown-elf-gcc-8.3.0-2020.04.0-x86_64-linux-ubuntu14/bin/../lib/gcc/riscv64-unknown-elf/8.3.0/../../../../riscv64-unknown-elf/lib/rv32imac/ilp32/libc_nano.a(lib_a-sbrkr.o)
 .comment       0x0000000000000028       0x29 /home/hjh/RISC-V/riscv64-unknown-elf-gcc-8.3.0-2020.04.0-x86_64-linux-ubuntu14/bin/../lib/gcc/riscv64-unknown-elf/8.3.0/../../../../riscv64-unknown-elf/lib/rv32imac/ilp32/libc_nano.a(lib_a-wbuf.o)
 .comment       0x0000000000000028       0x29 /home/hjh/RISC-V/riscv64-unknown-elf-gcc-8.3.0-2020.04.0-x86_64-linux-ubuntu14/bin/../lib/gcc/riscv64-unknown-elf/8.3.0/../../../../riscv64-unknown-elf/lib/rv32imac/ilp32/libc_nano.a(lib_a-wsetup.o)
 .comment       0x0000000000000028       0x29 /home/hjh/RISC-V/riscv64-unknown-elf-gcc-8.3.0-2020.04.0-x86_64-linux-ubuntu14/bin/../lib/gcc/riscv64-unknown-elf/8.3.0/../../../../riscv64-unknown-elf/lib/rv32imac/ilp32/libc_nano.a(lib_a-fflush.o)
 .comment       0x0000000000000028       0x29 /home/hjh/RISC-V/riscv64-unknown-elf-gcc-8.3.0-2020.04.0-x86_64-linux-ubuntu14/bin/../lib/gcc/riscv64-unknown-elf/8.3.0/../../../../riscv64-unknown-elf/lib/rv32imac/ilp32/libc_nano.a(lib_a-findfp.o)
 .comment       0x0000000000000028       0x29 /home/hjh/RISC-V/riscv64-unknown-elf-gcc-8.3.0-2020.04.0-x86_64-linux-ubuntu14/bin/../lib/gcc/riscv64-unknown-elf/8.3.0/../../../../riscv64-unknown-elf/lib/rv32imac/ilp32/libc_nano.a(lib_a-fwalk.o)
 .comment       0x0000000000000028       0x29 /home/hjh/RISC-V/riscv64-unknown-elf-gcc-8.3.0-2020.04.0-x86_64-linux-ubuntu14/bin/../lib/gcc/riscv64-unknown-elf/8.3.0/../../../../riscv64-unknown-elf/lib/rv32imac/ilp32/libc_nano.a(lib_a-makebuf.o)
 .comment       0x0000000000000028       0x29 /home/hjh/RISC-V/riscv64-unknown-elf-gcc-8.3.0-2020.04.0-x86_64-linux-ubuntu14/bin/../lib/gcc/riscv64-unknown-elf/8.3.0/../../../../riscv64-unknown-elf/lib/rv32imac/ilp32/libc_nano.a(lib_a-mlock.o)
 .comment       0x0000000000000028       0x29 /home/hjh/RISC-V/riscv64-unknown-elf-gcc-8.3.0-2020.04.0-x86_64-linux-ubuntu14/bin/../lib/gcc/riscv64-unknown-elf/8.3.0/../../../../riscv64-unknown-elf/lib/rv32imac/ilp32/libc_nano.a(lib_a-nano-vfprintf.o)
 .comment       0x0000000000000028       0x29 /home/hjh/RISC-V/riscv64-unknown-elf-gcc-8.3.0-2020.04.0-x86_64-linux-ubuntu14/bin/../lib/gcc/riscv64-unknown-elf/8.3.0/../../../../riscv64-unknown-elf/lib/rv32imac/ilp32/libc_nano.a(lib_a-reent.o)
 .comment       0x0000000000000028       0x29 /home/hjh/RISC-V/riscv64-unknown-elf-gcc-8.3.0-2020.04.0-x86_64-linux-ubuntu14/bin/../lib/gcc/riscv64-unknown-elf/8.3.0/../../../../riscv64-unknown-elf/lib/rv32imac/ilp32/libc_nano.a(lib_a-stdio.o)
 .comment       0x0000000000000028       0x29 /home/hjh/RISC-V/riscv64-unknown-elf-gcc-8.3.0-2020.04.0-x86_64-linux-ubuntu14/bin/../lib/gcc/riscv64-unknown-elf/8.3.0/../../../../riscv64-unknown-elf/lib/rv32imac/ilp32/libc_nano.a(lib_a-writer.o)
 .comment       0x0000000000000028       0x29 /home/hjh/RISC-V/riscv64-unknown-elf-gcc-8.3.0-2020.04.0-x86_64-linux-ubuntu14/bin/../lib/gcc/riscv64-unknown-elf/8.3.0/../../../../riscv64-unknown-elf/lib/rv32imac/ilp32/libc_nano.a(lib_a-closer.o)
 .comment       0x0000000000000028       0x29 /home/hjh/RISC-V/riscv64-unknown-elf-gcc-8.3.0-2020.04.0-x86_64-linux-ubuntu14/bin/../lib/gcc/riscv64-unknown-elf/8.3.0/../../../../riscv64-unknown-elf/lib/rv32imac/ilp32/libc_nano.a(lib_a-fstatr.o)
 .comment       0x0000000000000028       0x29 /home/hjh/RISC-V/riscv64-unknown-elf-gcc-8.3.0-2020.04.0-x86_64-linux-ubuntu14/bin/../lib/gcc/riscv64-unknown-elf/8.3.0/../../../../riscv64-unknown-elf/lib/rv32imac/ilp32/libc_nano.a(lib_a-isattyr.o)
 .comment       0x0000000000000028       0x29 /home/hjh/RISC-V/riscv64-unknown-elf-gcc-8.3.0-2020.04.0-x86_64-linux-ubuntu14/bin/../lib/gcc/riscv64-unknown-elf/8.3.0/../../../../riscv64-unknown-elf/lib/rv32imac/ilp32/libc_nano.a(lib_a-lseekr.o)
 .comment       0x0000000000000028       0x29 /home/hjh/RISC-V/riscv64-unknown-elf-gcc-8.3.0-2020.04.0-x86_64-linux-ubuntu14/bin/../lib/gcc/riscv64-unknown-elf/8.3.0/../../../../riscv64-unknown-elf/lib/rv32imac/ilp32/libc_nano.a(lib_a-memchr.o)
 .comment       0x0000000000000028       0x29 /home/hjh/RISC-V/riscv64-unknown-elf-gcc-8.3.0-2020.04.0-x86_64-linux-ubuntu14/bin/../lib/gcc/riscv64-unknown-elf/8.3.0/../../../../riscv64-unknown-elf/lib/rv32imac/ilp32/libc_nano.a(lib_a-nano-vfprintf_i.o)
 .comment       0x0000000000000028       0x29 /home/hjh/RISC-V/riscv64-unknown-elf-gcc-8.3.0-2020.04.0-x86_64-linux-ubuntu14/bin/../lib/gcc/riscv64-unknown-elf/8.3.0/../../../../riscv64-unknown-elf/lib/rv32imac/ilp32/libc_nano.a(lib_a-readr.o)
 .comment       0x0000000000000028       0x29 /home/hjh/RISC-V/riscv64-unknown-elf-gcc-8.3.0-2020.04.0-x86_64-linux-ubuntu14/bin/../lib/gcc/riscv64-unknown-elf/8.3.0/rv32imac/ilp32/libgcc.a(_lshrdi3.o)
 .comment       0x0000000000000028       0x29 /home/hjh/RISC-V/riscv64-unknown-elf-gcc-8.3.0-2020.04.0-x86_64-linux-ubuntu14/bin/../lib/gcc/riscv64-unknown-elf/8.3.0/rv32imac/ilp32/libgcc.a(_ashldi3.o)
 .comment       0x0000000000000028       0x29 /home/hjh/RISC-V/riscv64-unknown-elf-gcc-8.3.0-2020.04.0-x86_64-linux-ubuntu14/bin/../lib/gcc/riscv64-unknown-elf/8.3.0/rv32imac/ilp32/libgcc.a(_udivdi3.o)
 .comment       0x0000000000000028       0x29 /home/hjh/RISC-V/riscv64-unknown-elf-gcc-8.3.0-2020.04.0-x86_64-linux-ubuntu14/bin/../lib/gcc/riscv64-unknown-elf/8.3.0/rv32imac/ilp32/libgcc.a(_umoddi3.o)