Archive member included to satisfy reference by file (symbol)

/home/hjh/RISC-V/riscv64-unknown-elf-gcc-8.3.0-2020.04.0-x86_64-linux-ubuntu14/bin/../lib/gcc/riscv64-unknown-elf/8.3.0/../../../../riscv64-unknown-elf/lib/rv32imac/ilp32/libc_nano.a(lib_a-exit.o)
                              /tmp/ccLaxjX7.o (exit)
/home/hjh/RISC-V/riscv64-unknown-elf-gcc-8.3.0-2020.04.0-x86_64-linux-ubuntu14/bin/../lib/gcc/riscv64-unknown-elf/8.3.0/../../../../riscv64-unknown-elf/lib/rv32imac/ilp32/libc_nano.a(lib_a-impure.o)
                              /home/hjh/RISC-V/riscv64-unknown-elf-gcc-8.3.0-2020.04.0-x86_64-linux-ubuntu14/bin/../lib/gcc/riscv64-unknown-elf/8.3.0/../../../../riscv64-unknown-elf/lib/rv32imac/ilp32/libc_nano.a(lib_a-exit.o) (_global_impure_ptr)
/home/hjh/RISC-V/riscv64-unknown-elf-gcc-8.3.0-2020.04.0-x86_64-linux-ubuntu14/bin/../lib/gcc/riscv64-unknown-elf/8.3.0/../../../../riscv64-unknown-elf/lib/rv32imac/ilp32/libc_nano.a(lib_a-malloc.o)
                              /tmp/ccLaxjX7.o (malloc)
/home/hjh/RISC-V/riscv64-unknown-elf-gcc-8.3.0-2020.04.0-x86_64-linux-ubuntu14/bin/../lib/gcc/riscv64-unknown-elf/8.3.0/../../../../riscv64-unknown-elf/lib/rv32imac/ilp32/libc_nano.a(lib_a-memcpy-asm.o)
                              /tmp/ccLaxjX7.o (memcpy)
/home/hjh/RISC-V/riscv64-unknown-elf-gcc-8.3.0-2020.04.0-x86_64-linux-ubuntu14/bin/../lib/gcc/riscv64-unknown-elf/8.3.0/../../../../riscv64-unknown-elf/lib/rv32imac/ilp32/libc_nano.a(lib_a-memset.o)
                              /tmp/ccLaxjX7.o (memset)
/home/hjh/RISC-V/riscv64-unknown-elf-gcc-8.3.0-2020.04.0-x86_64-linux-ubuntu14/bin/../lib/gcc/riscv64-unknown-elf/8.3.0/../../../../riscv64-unknown-elf/lib/rv32imac/ilp32/libc_nano.a(lib_a-nano-freer.o)
                              /home/hjh/RISC-V/riscv64-unknown-elf-gcc-8.3.0-2020.04.0-x86_64-linux-ubuntu14/bin/../lib/gcc/riscv64-unknown-elf/8.3.0/../../../../riscv64-unknown-elf/lib/rv32imac/ilp32/libc_nano.a(lib_a-malloc.o) (_free_r)
/home/hjh/RISC-V/riscv64-unknown-elf-gcc-8.3.0-2020.04.0-x86_64-linux-ubuntu14/bin/../lib/gcc/riscv64-unknown-elf/8.3.0/../../../../riscv64-unknown-elf/lib/rv32imac/ilp32/libc_nano.a(lib_a-nano-mallocr.o)
                              /home/hjh/RISC-V/riscv64-unknown-elf-gcc-8.3.0-2020.04.0-x86_64-linux-ubuntu14/bin/../lib/gcc/riscv64-unknown-elf/8.3.0/../../../../riscv64-unknown-elf/lib/rv32imac/ilp32/libc_nano.a(lib_a-malloc.o) (_malloc_r)
/home/hjh/RISC-V/riscv64-unknown-elf-gcc-8.3.0-2020.04.0-x86_64-linux-ubuntu14/bin/../lib/gcc/riscv64-unknown-elf/8.3.0/../../../../riscv64-unknown-elf/lib/rv32imac/ilp32/libc_nano.a(lib_a-printf.o)
                              /tmp/ccvgj8C1.o (printf)
/home/hjh/RISC-V/riscv64-unknown-elf-gcc-8.3.0-2020.04.0-x86_64-linux-ubuntu14/bin/../lib/gcc/riscv64-unknown-elf/8.3.0/../../../../riscv64-unknown-elf/lib/rv32imac/ilp32/libc_nano.a(lib_a-putchar.o)
                              /tmp/ccvgj8C1.o (putchar)
/home/hjh/RISC-V/riscv64-unknown-elf-gcc-8.3.0-2020.04.0-x86_64-linux-ubuntu14/bin/../lib/gcc/riscv64-unknown-elf/8.3.0/../../../../riscv64-unknown-elf/lib/rv32imac/ilp32/libc_nano.a(lib_a-putc.o)
                              /home/hjh/RISC-V/riscv64-unknown-elf-gcc-8.3.0-2020.04.0-x86_64-linux-ubuntu14/bin/../lib/gcc/riscv64-unknown-elf/8.3.0/../../../../riscv64-unknown-elf/lib/rv32imac/ilp32/libc_nano.a(lib_a-putchar.o) (_putc_r)
/home/hjh/RISC-V/riscv64-unknown-elf-gcc-8.3.0-2020.04.0-x86_64-linux-ubuntu14/bin/../lib/gcc/riscv64-unknown-elf/8.3.0/../../../../riscv64-unknown-elf/lib/rv32imac/ilp32/libc_nano.a(lib_a-puts.o)
                              /tmp/ccvgj8C1.o (puts)
/home/hjh/RISC-V/riscv64-unknown-elf-gcc-8.3.0-2020.04.0-x86_64-linux-ubuntu14/bin/../lib/gcc/riscv64-unknown-elf/8.3.0/../../../../riscv64-unknown-elf/lib/rv32imac/ilp32/libc_nano.a(lib_a-sbrkr.o)
                              /home/hjh/RISC-V/riscv64-unknown-elf-gcc-8.3.0-2020.04.0-x86_64-linux-ubuntu14/bin/../lib/gcc/riscv64-unknown-elf/8.3.0/../../../../riscv64-unknown-elf/lib/rv32imac/ilp32/libc_nano.a(lib_a-nano-mallocr.o) (_sbrk_r)
/home/hjh/RISC-V/riscv64-unknown-elf-gcc-8.3.0-2020.04.0-x86_64-linux-ubuntu14/bin/../lib/gcc/riscv64-unknown-elf/8.3.0/../../../../riscv64-unknown-elf/lib/rv32imac/ilp32/libc_nano.a(lib_a-snprintf.o)
                              /tmp/ccvgj8C1.o (snprintf)
/home/hjh/RISC-V/riscv64-unknown-elf-gcc-8.3.0-2020.04.0-x86_64-linux-ubuntu14/bin/../lib/gcc/riscv64-unknown-elf/8.3.0/../../../../riscv64-unknown-elf/lib/rv32imac/ilp32/libc_nano.a(lib_a-wbuf.o)
                              /home/hjh/RISC-V/riscv64-unknown-elf-gcc-8.3.0-2020.04.0-x86_64-linux-ubuntu14/bin/../lib/gcc/riscv64-unknown-elf/8.3.0/../../../../riscv64-unknown-elf/lib/rv32imac/ilp32/libc_nano.a(lib_a-putc.o) (__swbuf_r)
/home/hjh/RISC-V/riscv64-unknown-elf-gcc-8.3.0-2020.04.0-x86_64-linux-ubuntu14/bin/../lib/gcc/riscv64-unknown-elf/8.3.0/../../../../riscv64-unknown-elf/lib/rv32imac/ilp32/libc_nano.a(lib_a-wsetup.o)
[...]
Memory Configuration

Name             Origin             Length             Attributes
itim             0x0000000008000000 0x0000000000002000 axrwl
ram              0x0000000080000000 0x0000000000004000 arw !xl
rom              0x0000000020010000 0x000000000006a120 xrl !aw
*default*        0x0000000000000000 0xffffffffffffffff

Linker script and memory map

                0x0000000000001a00                __stack_size = 0x1a00
                0x0000000000000001                __heap_max = 0x1
LOAD /tmp/ccvgj8C1.o
LOAD /tmp/ccLaxjX7.o
LOAD /tmp/cciKXLt7.o
LOAD /tmp/ccGkzFF0.o
LOAD /tmp/ccfZGBwh.o
LOAD /tmp/cch13cv3.o
LOAD /tmp/ccCSeqHS.o
LOAD /tmp/cc6CNjH6.o
LOAD /tmp/ccPgv7ZE.o
LOAD /tmp/ccZhLNtf.o
LOAD /tmp/cc6lmgeF.o
LOAD /tmp/cc9hjcpl.o
LOAD /tmp/cch7PkyG.o
LOAD /tmp/cc2uAuZo.o
LOAD /tmp/ccMk37Mk.o
LOAD /tmp/ccQoeJ92.o
LOAD /tmp/ccLTPcrE.o
LOAD /tmp/ccl2uS51.o
LOAD /tmp/ccZ8tLom.o
LOAD /tmp/ccjCdVMV.o
LOAD /tmp/ccqtKCCy.o
LOAD /tmp/cc9yideS.o
LOAD /tmp/ccpPu1IM.o
START GROUP
LOAD /home/hjh/RISC-V/riscv64-unknown-elf-gcc-8.3.0-2020.04.0-x86_64-linux-ubuntu14/bin/../lib/gcc/riscv64-unknown-elf/8.3.0/../../../../riscv64-unknown-elf/lib/rv32imac/ilp32/libc_nano.a
LOAD /home/hjh/RISC-V/riscv64-unknown-elf-gcc-8.3.0-2020.04.0-x86_64-linux-ubuntu14/bin/../lib/gcc/riscv64-unknown-elf/8.3.0/rv32imac/ilp32/libgcc.a
LOAD /home/hjh/RISC-V/riscv64-unknown-elf-gcc-8.3.0-2020.04.0-x86_64-linux-ubuntu14/bin/../lib/gcc/riscv64-unknown-elf/8.3.0/../../../../riscv64-unknown-elf/lib/rv32imac/ilp32/libm.a
LOAD /home/hjh/Documents/Kyber_RV_M3/RISC-V/common//libmetal.a
LOAD /home/hjh/Documents/Kyber_RV_M3/RISC-V/common//libmetal-gloss.a
END GROUP
                0x0000000000001a00                __stack_size = DEFINED (__stack_size)?__stack_size:0x400
                [!provide]                        PROVIDE (__stack_size = __stack_size)
                0x0000000000000800                __heap_size = DEFINED (__heap_size)?__heap_size:0x800
                0x0000000000000000                PROVIDE (__metal_boot_hart = 0x0)
                0x0000000000000001                PROVIDE (__metal_chicken_bit = 0x1)
                0x0000000000000000                PROVIDE (__metal_eccscrub_bit = 0x0)
                [!provide]                        PROVIDE (metal_dtim_0_memory_start = 0x80000000)
                [!provide]                        PROVIDE (metal_dtim_0_memory_end = 0x80004000)
                [!provide]                        PROVIDE (metal_itim_0_memory_start = 0x8000000)
                [!provide]                        PROVIDE (metal_itim_0_memory_end = 0x8002000)

.init           0x0000000020010000      0x2e2
 *(.text.metal.init.enter)
 .text.metal.init.enter
                0x0000000020010000       0x98 /home/hjh/Documents/Kyber_RV_M3/RISC-V/common//libmetal.a(entry.o)
                0x0000000020010000                _enter
 *(.text.metal.init.*)
 .text.metal.init.__register_frame_info
                0x0000000020010098        0x2 /home/hjh/Documents/Kyber_RV_M3/RISC-V/common//libmetal.a(entry.o)
                0x0000000020010098                __register_frame_info
 .text.metal.init.scrub
                0x000000002001009a       0xaa /home/hjh/Documents/Kyber_RV_M3/RISC-V/common//libmetal.a(scrub.o)
                0x000000002001009a                metal_mem_scrub
                0x00000000200100de                __metal_before_start
 *fill*         0x0000000020010144        0x0 
 .text.metal.init.trapvec
                0x0000000020010144        0xe /home/hjh/Documents/Kyber_RV_M3/RISC-V/common//libmetal.a(trap.o)
                0x0000000020010144                early_trap_vector
 *(SORT_NONE(.init))
 .init          0x0000000020010152        0x2 /home/hjh/Documents/Kyber_RV_M3/RISC-V/common//libmetal.a(synchronize_harts.o)
                0x0000000020010152                __metal_synchronize_harts
 *(.text.libgloss.start)
 .text.libgloss.start
                0x0000000020010154      0x18e /home/hjh/Documents/Kyber_RV_M3/RISC-V/common//libmetal-gloss.a(crt0.o)
                0x0000000020010154                _start
                0x00000000200102c0                _init
                0x00000000200102c0                _fini
                0x00000000200102c2                secondary_main

.fini
 *(SORT_NONE(.fini))

.preinit_array  0x00000000200102e8        0x0
                0x00000000200102e8                PROVIDE (__preinit_array_start = .)
 *(.preinit_array)
                0x00000000200102e8                PROVIDE (__preinit_array_end = .)

.init_array     0x00000000200102e8        0xc
                0x00000000200102e8                PROVIDE (__init_array_start = .)
 *(SORT_BY_INIT_PRIORITY(.init_array.*) SORT_BY_INIT_PRIORITY(.ctors.*))
 *(.init_array EXCLUDE_FILE(*crtend?.o *crtend.o *crtbegin?.o *crtbegin.o) .ctors)
                0x00000000200102e8                PROVIDE (__init_array_end = .)
                0x00000000200102e8                PROVIDE (metal_constructors_start = .)
 *(SORT_BY_INIT_PRIORITY(.metal.init_array.*))
 .metal.init_array.5000
                0x00000000200102e8        0x4 /home/hjh/Documents/Kyber_RV_M3/RISC-V/common//libmetal.a(tty.o)
                0x00000000200102e8                _metal_tty_init_ptr
 .metal.init_array.5000
                0x00000000200102ec        0x8 /home/hjh/Documents/Kyber_RV_M3/RISC-V/common//libmetal.a(sifive_fe310-g000_pll.o)
                0x00000000200102ec                _use_hfxosc_ptr
                0x00000000200102f0                _metal_sifive_fe310_g000_pll_init_ptr
 *(.metal.init_array)
                0x00000000200102f4                PROVIDE (metal_constructors_end = .)

.fini_array     0x00000000200102f8        0x0
                0x00000000200102f8                PROVIDE (__fini_array_start = .)
 *(SORT_BY_INIT_PRIORITY(.fini_array.*) SORT_BY_INIT_PRIORITY(.dtors.*))
 *(.fini_array EXCLUDE_FILE(*crtend?.o *crtend.o *crtbegin?.o *crtbegin.o) .dtors)
                0x00000000200102f8                PROVIDE (__fini_array_end = .)
                0x00000000200102f8                PROVIDE (metal_destructors_start = .)
 *(SORT_BY_INIT_PRIORITY(.metal.fini_array.*))
 *(.metal.fini_array)
                0x00000000200102f8                PROVIDE (metal_destructors_end = .)

.ctors          0x00000000200102f4       0x70
 *crtbegin.o(.ctors)
 *crtbegin?.o(.ctors)
 *(EXCLUDE_FILE(*crtend?.o *crtend.o) .ctors)
 *(SORT_BY_NAME(.ctors.*))
 *(.ctors)
 *(.metal.ctors .metal.ctors.*)
 .metal.ctors   0x00000000200102f4       0x18 /home/hjh/Documents/Kyber_RV_M3/RISC-V/common//libmetal.a(tty.o)
                0x00000000200102f4                metal_tty_init
 .metal.ctors   0x000000002001030c       0x58 /home/hjh/Documents/Kyber_RV_M3/RISC-V/common//libmetal.a(sifive_fe310-g000_pll.o)
                0x000000002001030c                metal_sifive_fe310_g000_pll_init
                0x0000000020010318                use_hfxosc

.dtors
 *crtbegin.o(.dtors)
 *crtbegin?.o(.dtors)
 *(EXCLUDE_FILE(*crtend?.o *crtend.o) .dtors)
 *(SORT_BY_NAME(.dtors.*))
 *(.dtors)
 *(.metal.dtors .metal.dtors.*)

.rodata         0x0000000020010368     0x10c8
 *(.rdata)
 *(.rodata .rodata.*)
 .rodata.main.str1.4
                0x0000000020010368       0x52 /tmp/ccvgj8C1.o
 *fill*         0x00000000200103ba        0x2 
 .rodata.aes256_ecb_keyexp.str1.4
                0x00000000200103bc       0x1c /tmp/ccLaxjX7.o
 .rodata.br_Rcon
                0x00000000200103d8        0xa /tmp/ccLaxjX7.o
 *fill*         0x00000000200103e2        0x6 
 .rodata.crypto_hashblocks_sha512.cst8
                0x00000000200103e8      0x280 /tmp/cciKXLt7.o
 .rodata.iv_256
                0x0000000020010668       0x20 /tmp/cciKXLt7.o
 .rodata.iv_512
                0x0000000020010688       0x40 /tmp/cciKXLt7.o
 .rodata.seed   0x00000000200106c8       0x80 /tmp/cch13cv3.o
 .rodata.__sf_fake_stderr
                0x0000000020010748       0x20 /home/hjh/RISC-V/riscv64-unknown-elf-gcc-8.3.0-2020.04.0-x86_64-linux-ubuntu14/bin/../lib/gcc/riscv64-unknown-elf/8.3.0/../../../../riscv64-unknown-elf/lib/rv32imac/ilp32/libc_nano.a(lib_a-findfp.o)
                0x0000000020010748                __sf_fake_stderr
 .rodata.__sf_fake_stdin
                0x0000000020010768       0x20 /home/hjh/RISC-V/riscv64-unknown-elf-gcc-8.3.0-2020.04.0-x86_64-linux-ubuntu14/bin/../lib/gcc/riscv64-unknown-elf/8.3.0/../../../../riscv64-unknown-elf/lib/rv32imac/ilp32/libc_nano.a(lib_a-findfp.o)
                0x0000000020010768                __sf_fake_stdin
 .rodata.__sf_fake_stdout
                0x0000000020010788       0x20 /home/hjh/RISC-V/riscv64-unknown-elf-gcc-8.3.0-2020.04.0-x86_64-linux-ubuntu14/bin/../lib/gcc/riscv64-unknown-elf/8.3.0/../../../../riscv64-unknown-elf/lib/rv32imac/ilp32/libc_nano.a(lib_a-findfp.o)
                0x0000000020010788                __sf_fake_stdout
 .rodata._svfprintf_r.str1.4
                0x00000000200107a8       0x13 /home/hjh/RISC-V/riscv64-unknown-elf-gcc-8.3.0-2020.04.0-x86_64-linux-ubuntu14/bin/../lib/gcc/riscv64-unknown-elf/8.3.0/../../../../riscv64-unknown-elf/lib/rv32imac/ilp32/libc_nano.a(lib_a-nano-svfprintf.o)
 *fill*         0x00000000200107bb        0x1 
 .rodata._printf_i.str1.4
                0x00000000200107bc       0x28 /home/hjh/RISC-V/riscv64-unknown-elf-gcc-8.3.0-2020.04.0-x86_64-linux-ubuntu14/bin/../lib/gcc/riscv64-unknown-elf/8.3.0/../../../../riscv64-unknown-elf/lib/rv32imac/ilp32/libc_nano.a(lib_a-nano-vfprintf_i.o)
                                         0x25 (size before relaxing)
 .rodata._vfprintf_r.str1.4
                0x00000000200107e4       0x13 /home/hjh/RISC-V/riscv64-unknown-elf-gcc-8.3.0-2020.04.0-x86_64-linux-ubuntu14/bin/../lib/gcc/riscv64-unknown-elf/8.3.0/../../../../riscv64-unknown-elf/lib/rv32imac/ilp32/libc_nano.a(lib_a-nano-vfprintf.o)
 .rodata.libgloss.start
                0x00000000200107e4       0x11 /home/hjh/Documents/Kyber_RV_M3/RISC-V/common//libmetal-gloss.a(crt0.o)
 *fill*         0x00000000200107f5        0x3 
 .rodata.__metal_driver_vtable_riscv_clint0
                0x00000000200107f8       0x64 /home/hjh/Documents/Kyber_RV_M3/RISC-V/common//libmetal.a(riscv_clint0.o)
                0x00000000200107f8                __metal_driver_vtable_riscv_clint0
 .rodata.__metal_driver_riscv_cpu_controller_interrupt_register
                0x000000002001085c       0x74 /home/hjh/Documents/Kyber_RV_M3/RISC-V/common//libmetal.a(riscv_cpu.o)
 .rodata.__metal_driver_riscv_cpu_controller_interrupt_disable
                0x00000000200108d0       0x80 /home/hjh/Documents/Kyber_RV_M3/RISC-V/common//libmetal.a(riscv_cpu.o)
 .rodata.__metal_driver_riscv_cpu_controller_interrupt_enable
                0x0000000020010950       0x80 /home/hjh/Documents/Kyber_RV_M3/RISC-V/common//libmetal.a(riscv_cpu.o)
 .rodata.CSWTCH.18
                0x00000000200109d0        0xc /home/hjh/Documents/Kyber_RV_M3/RISC-V/common//libmetal.a(riscv_cpu.o)
 .rodata.__metal_driver_vtable_cpu
                0x00000000200109dc       0x44 /home/hjh/Documents/Kyber_RV_M3/RISC-V/common//libmetal.a(riscv_cpu.o)
                0x00000000200109dc                __metal_driver_vtable_cpu
 .rodata.__metal_driver_vtable_riscv_cpu_intc
                0x0000000020010a20       0x64 /home/hjh/Documents/Kyber_RV_M3/RISC-V/common//libmetal.a(riscv_cpu.o)
                0x0000000020010a20                __metal_driver_vtable_riscv_cpu_intc
 .rodata.__metal_driver_vtable_riscv_plic0
                0x0000000020010a84       0x64 /home/hjh/Documents/Kyber_RV_M3/RISC-V/common//libmetal.a(riscv_plic0.o)
                0x0000000020010a84                __metal_driver_vtable_riscv_plic0
 .rodata.__metal_driver_vtable_sifive_fe310_g000_pll
                0x0000000020010ae8        0xc /home/hjh/Documents/Kyber_RV_M3/RISC-V/common//libmetal.a(sifive_fe310-g000_pll.o)
                0x0000000020010ae8                __metal_driver_vtable_sifive_fe310_g000_pll
 .rodata.pll_configs
                0x0000000020010af4      0x880 /home/hjh/Documents/Kyber_RV_M3/RISC-V/common//libmetal.a(sifive_fe310-g000_pll.o)
 .rodata.__metal_driver_sifive_gpio0_config_int
                0x0000000020011374       0x20 /home/hjh/Documents/Kyber_RV_M3/RISC-V/common//libmetal.a(sifive_gpio0.o)
 .rodata.__metal_driver_sifive_gpio0_clear_int
                0x0000000020011394       0x20 /home/hjh/Documents/Kyber_RV_M3/RISC-V/common//libmetal.a(sifive_gpio0.o)
 .rodata.__metal_driver_vtable_sifive_gpio0
                0x00000000200113b4       0x3c /home/hjh/Documents/Kyber_RV_M3/RISC-V/common//libmetal.a(sifive_gpio0.o)
                0x00000000200113b4                __metal_driver_vtable_sifive_gpio0
 .rodata.__metal_driver_vtable_sifive_uart0
                0x00000000200113f0       0x40 /home/hjh/Documents/Kyber_RV_M3/RISC-V/common//libmetal.a(sifive_uart0.o)
                0x00000000200113f0                __metal_driver_vtable_sifive_uart0
 *(.gnu.linkonce.r.*)
                0x0000000020011430                . = ALIGN (0x8)
 *(.srodata.cst16)
 *(.srodata.cst8)
 *(.srodata.cst4)
 *(.srodata.cst2)
 *(.srodata .srodata.*)

.itim           0x0000000008000000        0x0 load address 0x0000000020011430
 *(.itim .itim.*)
                0x0000000020011430                PROVIDE (metal_segment_itim_source_start = LOADADDR (.itim))
                0x0000000008000000                PROVIDE (metal_segment_itim_target_start = ADDR (.itim))
                0x0000000008000000                PROVIDE (metal_segment_itim_target_end = (ADDR (.itim) + SIZEOF (.itim)))

.lim            0x0000000080000000        0x0 load address 0x0000000020011430
 *(.lim .lim.*)
                0x0000000020011430                PROVIDE (metal_segment_lim_source_start = LOADADDR (.lim))
                0x0000000080000000                PROVIDE (metal_segment_lim_target_start = ADDR (.lim))
                0x0000000080000000                PROVIDE (metal_segment_lim_target_end = (ADDR (.lim) + SIZEOF (.lim)))

.text           0x0000000020011480    0x1651c
 *(.text.unlikely .text.unlikely.*)
 *(.text.startup .text.startup.*)
 .text.startup.main
                0x0000000020011480      0x25e /tmp/ccvgj8C1.o
                0x0000000020011480                main
 *(.text .text.*)
 .text.br_range_dec32le
                0x00000000200116de       0x34 /tmp/ccLaxjX7.o
 .text.br_aes_ct64_bitslice_Sbox
                0x0000000020011712      0x55e /tmp/ccLaxjX7.o
 .text.br_aes_ct64_ortho
                0x0000000020011c70      0x446 /tmp/ccLaxjX7.o
 .text.br_aes_ct64_interleave_in
                0x00000000200120b6      0x11a /tmp/ccLaxjX7.o
 .text.br_aes_ct64_skey_expand
                0x00000000200121d0      0x10c /tmp/ccLaxjX7.o
 .text.br_add_round_key
                0x00000000200122dc       0x82 /tmp/ccLaxjX7.o
 .text.br_shift_rows
                0x000000002001235e       0x80 /tmp/ccLaxjX7.o
 .text.br_sub_word
                0x00000000200123de       0x30 /tmp/ccLaxjX7.o
 .text.br_aes_ct64_keysched
                0x000000002001240e      0x1d4 /tmp/ccLaxjX7.o
 .text.aes_ecb4x
                0x00000000200125e2      0x3f6 /tmp/ccLaxjX7.o
 .text.aes_ecb  0x00000000200129d8       0x9a /tmp/ccLaxjX7.o
 .text.br_inc4_be
                0x0000000020012a72       0x44 /tmp/ccLaxjX7.o
 .text.aes_ctr  0x0000000020012ab6       0xc6 /tmp/ccLaxjX7.o
 .text.aes256_ecb_keyexp
                0x0000000020012b7c       0x50 /tmp/ccLaxjX7.o
                0x0000000020012b7c                aes256_ecb_keyexp
 .text.aes256_ctr_keyexp
                0x0000000020012bcc        0x2 /tmp/ccLaxjX7.o
                0x0000000020012bcc                aes256_ctr_keyexp
 .text.aes256_ecb
                0x0000000020012bce        0x6 /tmp/ccLaxjX7.o
                0x0000000020012bce                aes256_ecb
 .text.aes256_ctr
                0x0000000020012bd4        0x6 /tmp/ccLaxjX7.o
                0x0000000020012bd4                aes256_ctr
 .text.aes256_ctx_release
                0x0000000020012bda        0x6 /tmp/ccLaxjX7.o
                0x0000000020012bda                aes256_ctx_release
 .text.load_bigendian_32
                0x0000000020012be0       0x1e /tmp/cciKXLt7.o
 .text.load_bigendian_64
                0x0000000020012bfe       0x3c /tmp/cciKXLt7.o
 .text.store_bigendian_64
                0x0000000020012c3a       0x36 /tmp/cciKXLt7.o
 .text.crypto_hashblocks_sha512
                0x0000000020012c70     0xa300 /tmp/cciKXLt7.o
 .text.crypto_hashblocks_sha256
                0x000000002001cf70     0x3536 /tmp/cciKXLt7.o
 .text.sha256_inc_init
                0x00000000200204a6       0x46 /tmp/cciKXLt7.o
                0x00000000200204a6                sha256_inc_init
 .text.sha512_inc_init
                0x00000000200204ec       0x46 /tmp/cciKXLt7.o
                0x00000000200204ec                sha512_inc_init
 .text.sha256_inc_finalize
                0x0000000020020532      0x158 /tmp/cciKXLt7.o
                0x0000000020020532                sha256_inc_finalize
 .text.sha512_inc_finalize
                0x000000002002068a      0x186 /tmp/cciKXLt7.o
                0x000000002002068a                sha512_inc_finalize
 .text.sha256   0x0000000020020810       0x24 /tmp/cciKXLt7.o
                0x0000000020020810                sha256
 .text.sha512   0x0000000020020834       0x24 /tmp/cciKXLt7.o
                0x0000000020020834                sha512
 .text.randombytes
                0x0000000020020858      0x28c /tmp/cch13cv3.o
                0x0000000020020858                randombytes
 .text.cbd_eta1
                0x0000000020020ae4       0x72 /tmp/ccCSeqHS.o
                0x0000000020020ae4                cbd_eta1
 .text.cbd_eta2
                0x0000000020020b56       0x84 /tmp/ccCSeqHS.o
                0x0000000020020b56                cbd_eta2
 .text.indcpa_keypair
                0x0000000020020bda      0x130 /tmp/cc6CNjH6.o
                0x0000000020020bda                indcpa_keypair
 .text.indcpa_enc
                0x0000000020020d0a      0x190 /tmp/cc6CNjH6.o
                0x0000000020020d0a                indcpa_enc
 .text.indcpa_enc_cmp
                0x0000000020020e9a      0x1a8 /tmp/cc6CNjH6.o
                0x0000000020020e9a                indcpa_enc_cmp
 .text.indcpa_dec
                0x0000000020021042       0x90 /tmp/cc6CNjH6.o
                0x0000000020021042                indcpa_dec
 .text.crypto_kem_keypair
                0x00000000200210d2       0x52 /tmp/ccPgv7ZE.o
                0x00000000200210d2                crypto_kem_keypair
 .text.crypto_kem_enc
                0x0000000020021124       0x70 /tmp/ccPgv7ZE.o
                0x0000000020021124                crypto_kem_enc
 .text.crypto_kem_dec
                0x0000000020021194       0x86 /tmp/ccPgv7ZE.o
                0x0000000020021194                crypto_kem_dec
 .text.matacc_cache_32
                0x000000002002121a      0x19a /tmp/ccZhLNtf.o
                0x000000002002121a                matacc_cache_32
 .text.matacc_opt_32
                0x00000000200213b4      0x18a /tmp/ccZhLNtf.o
                0x00000000200213b4                matacc_opt_32
 .text.matacc_cache32
                0x000000002002153e       0xbe /tmp/ccZhLNtf.o
                0x000000002002153e                matacc_cache32
 .text.matacc_opt32
                0x00000000200215fc       0xa0 /tmp/ccZhLNtf.o
                0x00000000200215fc                matacc_opt32
 .text.ntt      0x000000002002169c        0xc /tmp/cc6lmgeF.o
                0x000000002002169c                ntt
 .text.invntt   0x00000000200216a8        0xc /tmp/cc6lmgeF.o
                0x00000000200216a8                invntt
 .text.poly_compress
                0x00000000200216b4       0x80 /tmp/cc9hjcpl.o
                0x00000000200216b4                poly_compress
 .text.poly_decompress
                0x0000000020021734       0xa4 /tmp/cc9hjcpl.o
                0x0000000020021734                poly_decompress
 .text.poly_packcompress
                0x00000000200217d8       0x90 /tmp/cc9hjcpl.o
                0x00000000200217d8                poly_packcompress
 .text.poly_unpackdecompress
                0x0000000020021868       0x98 /tmp/cc9hjcpl.o
                0x0000000020021868                poly_unpackdecompress
 .text.cmp_poly_compress
                0x0000000020021900       0x9c /tmp/cc9hjcpl.o
                0x0000000020021900                cmp_poly_compress
 .text.cmp_poly_packcompress
                0x000000002002199c       0xb4 /tmp/cc9hjcpl.o
                0x000000002002199c                cmp_poly_packcompress
 .text.poly_tobytes
                0x0000000020021a50       0x4a /tmp/cc9hjcpl.o
                0x0000000020021a50                poly_tobytes
 .text.poly_frombytes
                0x0000000020021a9a       0x3a /tmp/cc9hjcpl.o
                0x0000000020021a9a                poly_frombytes
 .text.poly_frombytes_mul
                0x0000000020021ad4       0x92 /tmp/cc9hjcpl.o
                0x0000000020021ad4                poly_frombytes_mul
 .text.poly_noise_eta1
                0x0000000020021b66       0x2c /tmp/cc9hjcpl.o
                0x0000000020021b66                poly_noise_eta1
 .text.poly_noise_eta2
                0x0000000020021b92       0x2c /tmp/cc9hjcpl.o
                0x0000000020021b92                poly_noise_eta2
 .text.poly_ntt
                0x0000000020021bbe        0x4 /tmp/cc9hjcpl.o
                0x0000000020021bbe                poly_ntt
 .text.poly_invntt
                0x0000000020021bc2        0x4 /tmp/cc9hjcpl.o
                0x0000000020021bc2                poly_invntt
 .text.poly_basemul_opt_16_32
                0x0000000020021bc6        0x2 /tmp/cc9hjcpl.o
                0x0000000020021bc6                poly_basemul_opt_16_32
 .text.poly_basemul_acc_opt_32_16
                0x0000000020021bc8        0x2 /tmp/cc9hjcpl.o
                0x0000000020021bc8                poly_basemul_acc_opt_32_16
 .text.poly_reduce
                0x0000000020021bca        0x4 /tmp/cc9hjcpl.o
                0x0000000020021bca                poly_reduce
 .text.poly_add
                0x0000000020021bce        0x2 /tmp/cc9hjcpl.o
                0x0000000020021bce                poly_add
 .text.poly_sub
                0x0000000020021bd0        0x2 /tmp/cc9hjcpl.o
                0x0000000020021bd0                poly_sub
 .text.poly_frommsg
                0x0000000020021bd2       0x32 /tmp/cc9hjcpl.o
                0x0000000020021bd2                poly_frommsg
 .text.poly_tomsg
                0x0000000020021c04       0x46 /tmp/cc9hjcpl.o
                0x0000000020021c04                poly_tomsg
 .text.polyvec_tobytes
                0x0000000020021c4a       0x20 /tmp/cch7PkyG.o
                0x0000000020021c4a                polyvec_tobytes
 .text.polyvec_ntt
                0x0000000020021c6a       0x16 /tmp/cch7PkyG.o
                0x0000000020021c6a                polyvec_ntt
 .text.aes256ctr_prf
                0x0000000020021c80       0x46 /tmp/cc2uAuZo.o
                0x0000000020021c80                aes256ctr_prf
 .text.aes256xof_absorb
                0x0000000020021cc6       0x3a /tmp/cc2uAuZo.o
                0x0000000020021cc6                aes256xof_absorb
 .text.aes256xof_squeezeblocks
                0x0000000020021d00       0xda /tmp/cc2uAuZo.o
                0x0000000020021d00                aes256xof_squeezeblocks
 .text.aes256xof_ctx_release
                0x0000000020021dda        0x4 /tmp/cc2uAuZo.o
                0x0000000020021dda                aes256xof_ctx_release
 .text.cmov     0x0000000020021dde       0x32 /tmp/ccMk37Mk.o
                0x0000000020021dde                cmov
 .text          0x0000000020021e10      0x33a /tmp/ccLTPcrE.o
                0x0000000020021e10                pointwise_sub
                0x0000000020021fc0                pointwise_add
 *fill*         0x000000002002214a        0x2 
 .text          0x000000002002214c      0x1da /tmp/ccl2uS51.o
                0x000000002002214c                basemul_asm_opt_16_32
                0x00000000200221c4                basemul_asm_acc_opt_32_32
                0x0000000020022254                basemul_asm_acc_opt_32_16
 *fill*         0x0000000020022326        0x2 
 .text          0x0000000020022328      0x66a /tmp/ccZ8tLom.o
                0x0000000020022328                invntt_fast
 *fill*         0x0000000020022992        0x2 
 .text          0x0000000020022994      0x626 /tmp/ccjCdVMV.o
                0x0000000020022994                ntt_fast
 *fill*         0x0000000020022fba        0x2 
 .text          0x0000000020022fbc      0x196 /tmp/ccqtKCCy.o
                0x0000000020022fbc                doublebasemul_asm
                0x000000002002307c                doublebasemul_asm_acc
 *fill*         0x0000000020023152        0x2 
 .text          0x0000000020023154      0x3ae /tmp/cc9yideS.o
                0x0000000020023154                doublebasemul_asm_cache_16_32
                0x00000000200231dc                doublebasemul_asm_acc_cache_32_32
                0x000000002002327c                doublebasemul_asm_acc_cache_32_16
                0x000000002002335c                doublebasemul_asm_opt_16_32
                0x00000000200233c4                doublebasemul_asm_acc_opt_32_32
                0x0000000020023444                doublebasemul_asm_acc_opt_32_16
 *fill*         0x0000000020023502        0x2 
 .text          0x0000000020023504      0x34e /tmp/ccpPu1IM.o
                0x0000000020023504                asm_barrett_reduce
 .text.exit     0x0000000020023852       0x2a /home/hjh/RISC-V/riscv64-unknown-elf-gcc-8.3.0-2020.04.0-x86_64-linux-ubuntu14/bin/../lib/gcc/riscv64-unknown-elf/8.3.0/../../../../riscv64-unknown-elf/lib/rv32imac/ilp32/libc_nano.a(lib_a-exit.o)
                0x0000000020023852                exit
 .text.malloc   0x000000002002387c        0xa /home/hjh/RISC-V/riscv64-unknown-elf-gcc-8.3.0-2020.04.0-x86_64-linux-ubuntu14/bin/../lib/gcc/riscv64-unknown-elf/8.3.0/../../../../riscv64-unknown-elf/lib/rv32imac/ilp32/libc_nano.a(lib_a-malloc.o)
                0x000000002002387c                malloc
 .text.free     0x0000000020023886        0xa /home/hjh/RISC-V/riscv64-unknown-elf-gcc-8.3.0-2020.04.0-x86_64-linux-ubuntu14/bin/../lib/gcc/riscv64-unknown-elf/8.3.0/../../../../riscv64-unknown-elf/lib/rv32imac/ilp32/libc_nano.a(lib_a-malloc.o)
                0x0000000020023886                free
 .text          0x0000000020023890       0x16 /home/hjh/RISC-V/riscv64-unknown-elf-gcc-8.3.0-2020.04.0-x86_64-linux-ubuntu14/bin/../lib/gcc/riscv64-unknown-elf/8.3.0/../../../../riscv64-unknown-elf/lib/rv32imac/ilp32/libc_nano.a(lib_a-memcpy-asm.o)
                0x0000000020023890                memcpy
 .text          0x00000000200238a6       0x10 /home/hjh/RISC-V/riscv64-unknown-elf-gcc-8.3.0-2020.04.0-x86_64-linux-ubuntu14/bin/../lib/gcc/riscv64-unknown-elf/8.3.0/../../../../riscv64-unknown-elf/lib/rv32imac/ilp32/libc_nano.a(lib_a-memset.o)
                0x00000000200238a6                memset
 .text._free_r  0x00000000200238b6       0xb0 /home/hjh/RISC-V/riscv64-unknown-elf-gcc-8.3.0-2020.04.0-x86_64-linux-ubuntu14/bin/../lib/gcc/riscv64-unknown-elf/8.3.0/../../../../riscv64-unknown-elf/lib/rv32imac/ilp32/libc_nano.a(lib_a-nano-freer.o)
                0x00000000200238b6                _free_r
 .text._malloc_r
                0x0000000020023966       0xe4 /home/hjh/RISC-V/riscv64-unknown-elf-gcc-8.3.0-2020.04.0-x86_64-linux-ubuntu14/bin/../lib/gcc/riscv64-unknown-elf/8.3.0/../../../../riscv64-unknown-elf/lib/rv32imac/ilp32/libc_nano.a(lib_a-nano-mallocr.o)
                0x0000000020023966                _malloc_r
 .text.printf   0x0000000020023a4a       0x40 /home/hjh/RISC-V/riscv64-unknown-elf-gcc-8.3.0-2020.04.0-x86_64-linux-ubuntu14/bin/../lib/gcc/riscv64-unknown-elf/8.3.0/../../../../riscv64-unknown-elf/lib/rv32imac/ilp32/libc_nano.a(lib_a-printf.o)
                0x0000000020023a4a                printf
                0x0000000020023a4a                iprintf
 .text.putchar  0x0000000020023a8a       0x28 /home/hjh/RISC-V/riscv64-unknown-elf-gcc-8.3.0-2020.04.0-x86_64-linux-ubuntu14/bin/../lib/gcc/riscv64-unknown-elf/8.3.0/../../../../riscv64-unknown-elf/lib/rv32imac/ilp32/libc_nano.a(lib_a-putchar.o)
                0x0000000020023a8a                putchar
 .text._putc_r  0x0000000020023ab2       0x82 /home/hjh/RISC-V/riscv64-unknown-elf-gcc-8.3.0-2020.04.0-x86_64-linux-ubuntu14/bin/../lib/gcc/riscv64-unknown-elf/8.3.0/../../../../riscv64-unknown-elf/lib/rv32imac/ilp32/libc_nano.a(lib_a-putc.o)
                0x0000000020023ab2                _putc_r
 .text._puts_r  0x0000000020023b34       0xda /home/hjh/RISC-V/riscv64-unknown-elf-gcc-8.3.0-2020.04.0-x86_64-linux-ubuntu14/bin/../lib/gcc/riscv64-unknown-elf/8.3.0/../../../../riscv64-unknown-elf/lib/rv32imac/ilp32/libc_nano.a(lib_a-puts.o)
                0x0000000020023b34                _puts_r
 .text.puts     0x0000000020023c0e        0xa /home/hjh/RISC-V/riscv64-unknown-elf-gcc-8.3.0-2020.04.0-x86_64-linux-ubuntu14/bin/../lib/gcc/riscv64-unknown-elf/8.3.0/../../../../riscv64-unknown-elf/lib/rv32imac/ilp32/libc_nano.a(lib_a-puts.o)
                0x0000000020023c0e                puts
 .text._sbrk_r  0x0000000020023c18       0x2a /home/hjh/RISC-V/riscv64-unknown-elf-gcc-8.3.0-2020.04.0-x86_64-linux-ubuntu14/bin/../lib/gcc/riscv64-unknown-elf/8.3.0/../../../../riscv64-unknown-elf/lib/rv32imac/ilp32/libc_nano.a(lib_a-sbrkr.o)
                0x0000000020023c18                _sbrk_r
 .text.snprintf
                0x0000000020023c42       0x72 /home/hjh/RISC-V/riscv64-unknown-elf-gcc-8.3.0-2020.04.0-x86_64-linux-ubuntu14/bin/../lib/gcc/riscv64-unknown-elf/8.3.0/../../../../riscv64-unknown-elf/lib/rv32imac/ilp32/libc_nano.a(lib_a-snprintf.o)
                0x0000000020023c42                snprintf
                0x0000000020023c42                sniprintf
 .text.__swbuf_r
                0x0000000020023cb4       0xc0 /home/hjh/RISC-V/riscv64-unknown-elf-gcc-8.3.0-2020.04.0-x86_64-linux-ubuntu14/bin/../lib/gcc/riscv64-unknown-elf/8.3.0/../../../../riscv64-unknown-elf/lib/rv32imac/ilp32/libc_nano.a(lib_a-wbuf.o)
                0x0000000020023cb4                __swbuf_r
 .text.__swsetup_r
                0x0000000020023d74      0x10e /home/hjh/RISC-V/riscv64-unknown-elf-gcc-8.3.0-2020.04.0-x86_64-linux-ubuntu14/bin/../lib/gcc/riscv64-unknown-elf/8.3.0/../../../../riscv64-unknown-elf/lib/rv32imac/ilp32/libc_nano.a(lib_a-wsetup.o)
                0x0000000020023d74                __swsetup_r
 .text.__sflush_r
                0x0000000020023e82      0x14c /home/hjh/RISC-V/riscv64-unknown-elf-gcc-8.3.0-2020.04.0-x86_64-linux-ubuntu14/bin/../lib/gcc/riscv64-unknown-elf/8.3.0/../../../../riscv64-unknown-elf/lib/rv32imac/ilp32/libc_nano.a(lib_a-fflush.o)
                0x0000000020023e82                __sflush_r
 .text._fflush_r
                0x0000000020023fce       0x64 /home/hjh/RISC-V/riscv64-unknown-elf-gcc-8.3.0-2020.04.0-x86_64-linux-ubuntu14/bin/../lib/gcc/riscv64-unknown-elf/8.3.0/../../../../riscv64-unknown-elf/lib/rv32imac/ilp32/libc_nano.a(lib_a-fflush.o)
                0x0000000020023fce                _fflush_r
 .text.std      0x0000000020024032       0x6a /home/hjh/RISC-V/riscv64-unknown-elf-gcc-8.3.0-2020.04.0-x86_64-linux-ubuntu14/bin/../lib/gcc/riscv64-unknown-elf/8.3.0/../../../../riscv64-unknown-elf/lib/rv32imac/ilp32/libc_nano.a(lib_a-findfp.o)
 .text._cleanup_r
                0x000000002002409c        0xa /home/hjh/RISC-V/riscv64-unknown-elf-gcc-8.3.0-2020.04.0-x86_64-linux-ubuntu14/bin/../lib/gcc/riscv64-unknown-elf/8.3.0/../../../../riscv64-unknown-elf/lib/rv32imac/ilp32/libc_nano.a(lib_a-findfp.o)
                0x000000002002409c                _cleanup_r
 .text.__sfmoreglue
                0x00000000200240a6       0x48 /home/hjh/RISC-V/riscv64-unknown-elf-gcc-8.3.0-2020.04.0-x86_64-linux-ubuntu14/bin/../lib/gcc/riscv64-unknown-elf/8.3.0/../../../../riscv64-unknown-elf/lib/rv32imac/ilp32/libc_nano.a(lib_a-findfp.o)
                0x00000000200240a6                __sfmoreglue
 .text.__sinit  0x00000000200240ee       0x66 /home/hjh/RISC-V/riscv64-unknown-elf-gcc-8.3.0-2020.04.0-x86_64-linux-ubuntu14/bin/../lib/gcc/riscv64-unknown-elf/8.3.0/../../../../riscv64-unknown-elf/lib/rv32imac/ilp32/libc_nano.a(lib_a-findfp.o)
                0x00000000200240ee                __sinit
 .text.__sfp    0x0000000020024154       0x9c /home/hjh/RISC-V/riscv64-unknown-elf-gcc-8.3.0-2020.04.0-x86_64-linux-ubuntu14/bin/../lib/gcc/riscv64-unknown-elf/8.3.0/../../../../riscv64-unknown-elf/lib/rv32imac/ilp32/libc_nano.a(lib_a-findfp.o)
                0x0000000020024154                __sfp
 .text._fwalk_reent
                0x00000000200241f0       0x6c /home/hjh/RISC-V/riscv64-unknown-elf-gcc-8.3.0-2020.04.0-x86_64-linux-ubuntu14/bin/../lib/gcc/riscv64-unknown-elf/8.3.0/../../../../riscv64-unknown-elf/lib/rv32imac/ilp32/libc_nano.a(lib_a-fwalk.o)
                0x00000000200241f0                _fwalk_reent
 .text.__swhatbuf_r
                0x000000002002425c       0x5a /home/hjh/RISC-V/riscv64-unknown-elf-gcc-8.3.0-2020.04.0-x86_64-linux-ubuntu14/bin/../lib/gcc/riscv64-unknown-elf/8.3.0/../../../../riscv64-unknown-elf/lib/rv32imac/ilp32/libc_nano.a(lib_a-makebuf.o)
                0x000000002002425c                __swhatbuf_r
 .text.__smakebuf_r
                0x00000000200242b6       0xa0 /home/hjh/RISC-V/riscv64-unknown-elf-gcc-8.3.0-2020.04.0-x86_64-linux-ubuntu14/bin/../lib/gcc/riscv64-unknown-elf/8.3.0/../../../../riscv64-unknown-elf/lib/rv32imac/ilp32/libc_nano.a(lib_a-makebuf.o)
                0x00000000200242b6                __smakebuf_r
 .text.__malloc_lock
                0x0000000020024356        0x2 /home/hjh/RISC-V/riscv64-unknown-elf-gcc-8.3.0-2020.04.0-x86_64-linux-ubuntu14/bin/../lib/gcc/riscv64-unknown-elf/8.3.0/../../../../riscv64-unknown-elf/lib/rv32imac/ilp32/libc_nano.a(lib_a-mlock.o)
                0x0000000020024356                __malloc_lock
 .text.__malloc_unlock
                0x0000000020024358        0x2 /home/hjh/RISC-V/riscv64-unknown-elf-gcc-8.3.0-2020.04.0-x86_64-linux-ubuntu14/bin/../lib/gcc/riscv64-unknown-elf/8.3.0/../../../../riscv64-unknown-elf/lib/rv32imac/ilp32/libc_nano.a(lib_a-mlock.o)
                0x0000000020024358                __malloc_unlock
 .text.__ssputs_r
                0x000000002002435a       0xee /home/hjh/RISC-V/riscv64-unknown-elf-gcc-8.3.0-2020.04.0-x86_64-linux-ubuntu14/bin/../lib/gcc/riscv64-unknown-elf/8.3.0/../../../../riscv64-unknown-elf/lib/rv32imac/ilp32/libc_nano.a(lib_a-nano-svfprintf.o)
                0x000000002002435a                __ssputs_r
 .text._svfprintf_r
                0x0000000020024448      0x280 /home/hjh/RISC-V/riscv64-unknown-elf-gcc-8.3.0-2020.04.0-x86_64-linux-ubuntu14/bin/../lib/gcc/riscv64-unknown-elf/8.3.0/../../../../riscv64-unknown-elf/lib/rv32imac/ilp32/libc_nano.a(lib_a-nano-svfprintf.o)
                0x0000000020024448                _svfprintf_r
                0x0000000020024448                _svfiprintf_r
 .text._printf_common
                0x00000000200246c8      0x10c /home/hjh/RISC-V/riscv64-unknown-elf-gcc-8.3.0-2020.04.0-x86_64-linux-ubuntu14/bin/../lib/gcc/riscv64-unknown-elf/8.3.0/../../../../riscv64-unknown-elf/lib/rv32imac/ilp32/libc_nano.a(lib_a-nano-vfprintf_i.o)
                0x00000000200246c8                _printf_common
 .text._printf_i
                0x00000000200247d4      0x2a4 /home/hjh/RISC-V/riscv64-unknown-elf-gcc-8.3.0-2020.04.0-x86_64-linux-ubuntu14/bin/../lib/gcc/riscv64-unknown-elf/8.3.0/../../../../riscv64-unknown-elf/lib/rv32imac/ilp32/libc_nano.a(lib_a-nano-vfprintf_i.o)
                0x00000000200247d4                _printf_i
 .text.__sfputc_r
                0x0000000020024a78       0x2a /home/hjh/RISC-V/riscv64-unknown-elf-gcc-8.3.0-2020.04.0-x86_64-linux-ubuntu14/bin/../lib/gcc/riscv64-unknown-elf/8.3.0/../../../../riscv64-unknown-elf/lib/rv32imac/ilp32/libc_nano.a(lib_a-nano-vfprintf.o)
 .text.__sfputs_r
                0x0000000020024aa2       0x42 /home/hjh/RISC-V/riscv64-unknown-elf-gcc-8.3.0-2020.04.0-x86_64-linux-ubuntu14/bin/../lib/gcc/riscv64-unknown-elf/8.3.0/../../../../riscv64-unknown-elf/lib/rv32imac/ilp32/libc_nano.a(lib_a-nano-vfprintf.o)
                0x0000000020024aa2                __sfputs_r
 .text._vfprintf_r
                0x0000000020024ae4      0x29c /home/hjh/RISC-V/riscv64-unknown-elf-gcc-8.3.0-2020.04.0-x86_64-linux-ubuntu14/bin/../lib/gcc/riscv64-unknown-elf/8.3.0/../../../../riscv64-unknown-elf/lib/rv32imac/ilp32/libc_nano.a(lib_a-nano-vfprintf.o)
                0x0000000020024ae4                _vfiprintf_r
                0x0000000020024ae4                _vfprintf_r
 .text.__sread  0x0000000020024d80       0x30 /home/hjh/RISC-V/riscv64-unknown-elf-gcc-8.3.0-2020.04.0-x86_64-linux-ubuntu14/bin/../lib/gcc/riscv64-unknown-elf/8.3.0/../../../../riscv64-unknown-elf/lib/rv32imac/ilp32/libc_nano.a(lib_a-stdio.o)
                0x0000000020024d80                __sread
 .text.__swrite
                0x0000000020024db0       0x4e /home/hjh/RISC-V/riscv64-unknown-elf-gcc-8.3.0-2020.04.0-x86_64-linux-ubuntu14/bin/../lib/gcc/riscv64-unknown-elf/8.3.0/../../../../riscv64-unknown-elf/lib/rv32imac/ilp32/libc_nano.a(lib_a-stdio.o)
                0x0000000020024db0                __swrite
 .text.__sseek  0x0000000020024dfe       0x36 /home/hjh/RISC-V/riscv64-unknown-elf-gcc-8.3.0-2020.04.0-x86_64-linux-ubuntu14/bin/../lib/gcc/riscv64-unknown-elf/8.3.0/../../../../riscv64-unknown-elf/lib/rv32imac/ilp32/libc_nano.a(lib_a-stdio.o)
                0x0000000020024dfe                __sseek
 .text.__sclose
                0x0000000020024e34        0x6 /home/hjh/RISC-V/riscv64-unknown-elf-gcc-8.3.0-2020.04.0-x86_64-linux-ubuntu14/bin/../lib/gcc/riscv64-unknown-elf/8.3.0/../../../../riscv64-unknown-elf/lib/rv32imac/ilp32/libc_nano.a(lib_a-stdio.o)
                0x0000000020024e34                __sclose
 .text._write_r
                0x0000000020024e3a       0x2c /home/hjh/RISC-V/riscv64-unknown-elf-gcc-8.3.0-2020.04.0-x86_64-linux-ubuntu14/bin/../lib/gcc/riscv64-unknown-elf/8.3.0/../../../../riscv64-unknown-elf/lib/rv32imac/ilp32/libc_nano.a(lib_a-writer.o)
                0x0000000020024e3a                _write_r
 .text._close_r
                0x0000000020024e66       0x28 /home/hjh/RISC-V/riscv64-unknown-elf-gcc-8.3.0-2020.04.0-x86_64-linux-ubuntu14/bin/../lib/gcc/riscv64-unknown-elf/8.3.0/../../../../riscv64-unknown-elf/lib/rv32imac/ilp32/libc_nano.a(lib_a-closer.o)
                0x0000000020024e66                _close_r
 .text._fstat_r
                0x0000000020024e8e       0x2a /home/hjh/RISC-V/riscv64-unknown-elf-gcc-8.3.0-2020.04.0-x86_64-linux-ubuntu14/bin/../lib/gcc/riscv64-unknown-elf/8.3.0/../../../../riscv64-unknown-elf/lib/rv32imac/ilp32/libc_nano.a(lib_a-fstatr.o)
                0x0000000020024e8e                _fstat_r
 .text._isatty_r
                0x0000000020024eb8       0x28 /home/hjh/RISC-V/riscv64-unknown-elf-gcc-8.3.0-2020.04.0-x86_64-linux-ubuntu14/bin/../lib/gcc/riscv64-unknown-elf/8.3.0/../../../../riscv64-unknown-elf/lib/rv32imac/ilp32/libc_nano.a(lib_a-isattyr.o)
                0x0000000020024eb8                _isatty_r
 .text._lseek_r
                0x0000000020024ee0       0x2c /home/hjh/RISC-V/riscv64-unknown-elf-gcc-8.3.0-2020.04.0-x86_64-linux-ubuntu14/bin/../lib/gcc/riscv64-unknown-elf/8.3.0/../../../../riscv64-unknown-elf/lib/rv32imac/ilp32/libc_nano.a(lib_a-lseekr.o)
                0x0000000020024ee0                _lseek_r
 .text.memchr   0x0000000020024f0c       0x1a /home/hjh/RISC-V/riscv64-unknown-elf-gcc-8.3.0-2020.04.0-x86_64-linux-ubuntu14/bin/../lib/gcc/riscv64-unknown-elf/8.3.0/../../../../riscv64-unknown-elf/lib/rv32imac/ilp32/libc_nano.a(lib_a-memchr.o)
                0x0000000020024f0c                memchr
 .text          0x0000000020024f26       0x26 /home/hjh/RISC-V/riscv64-unknown-elf-gcc-8.3.0-2020.04.0-x86_64-linux-ubuntu14/bin/../lib/gcc/riscv64-unknown-elf/8.3.0/../../../../riscv64-unknown-elf/lib/rv32imac/ilp32/libc_nano.a(lib_a-memmove.o)
                0x0000000020024f26                memmove
 .text._realloc_r
                0x0000000020024f4c       0x58 /home/hjh/RISC-V/riscv64-unknown-elf-gcc-8.3.0-2020.04.0-x86_64-linux-ubuntu14/bin/../lib/gcc/riscv64-unknown-elf/8.3.0/../../../../riscv64-unknown-elf/lib/rv32imac/ilp32/libc_nano.a(lib_a-nano-reallocr.o)
                0x0000000020024f4c                _realloc_r
 .text._read_r  0x0000000020024fa4       0x2c /home/hjh/RISC-V/riscv64-unknown-elf-gcc-8.3.0-2020.04.0-x86_64-linux-ubuntu14/bin/../lib/gcc/riscv64-unknown-elf/8.3.0/../../../../riscv64-unknown-elf/lib/rv32imac/ilp32/libc_nano.a(lib_a-readr.o)
                0x0000000020024fa4                _read_r
 .text._malloc_usable_size_r
                0x0000000020024fd0       0x14 /home/hjh/RISC-V/riscv64-unknown-elf-gcc-8.3.0-2020.04.0-x86_64-linux-ubuntu14/bin/../lib/gcc/riscv64-unknown-elf/8.3.0/../../../../riscv64-unknown-elf/lib/rv32imac/ilp32/libc_nano.a(lib_a-nano-msizer.o)
                0x0000000020024fd0                _malloc_usable_size_r
 .text._close   0x0000000020024fe4       0x14 /home/hjh/Documents/Kyber_RV_M3/RISC-V/common//libmetal-gloss.a(sys_close.o)
                0x0000000020024fe4                _close
 .text._exit    0x0000000020024ff8        0x6 /home/hjh/Documents/Kyber_RV_M3/RISC-V/common//libmetal-gloss.a(sys_exit.o)
                0x0000000020024ff8                _exit
 .text._fstat   0x0000000020024ffe       0x14 /home/hjh/Documents/Kyber_RV_M3/RISC-V/common//libmetal-gloss.a(sys_fstat.o)
                0x0000000020024ffe                _fstat
 .text._isatty  0x0000000020025012        0x8 /home/hjh/Documents/Kyber_RV_M3/RISC-V/common//libmetal-gloss.a(sys_isatty.o)
                0x0000000020025012                _isatty
 .text._lseek   0x000000002002501a       0x14 /home/hjh/Documents/Kyber_RV_M3/RISC-V/common//libmetal-gloss.a(sys_lseek.o)
                0x000000002002501a                _lseek
 .text._read    0x000000002002502e       0x14 /home/hjh/Documents/Kyber_RV_M3/RISC-V/common//libmetal-gloss.a(sys_read.o)
                0x000000002002502e                _read
 .text._sbrk    0x0000000020025042       0x56 /home/hjh/Documents/Kyber_RV_M3/RISC-V/common//libmetal-gloss.a(sys_sbrk.o)
                0x0000000020025042                _sbrk
 .text._write   0x0000000020025098       0x3a /home/hjh/Documents/Kyber_RV_M3/RISC-V/common//libmetal-gloss.a(sys_write.o)
                0x0000000020025098                write
                0x0000000020025098                _write
 .text.atexit   0x00000000200250d2        0xa /home/hjh/RISC-V/riscv64-unknown-elf-gcc-8.3.0-2020.04.0-x86_64-linux-ubuntu14/bin/../lib/gcc/riscv64-unknown-elf/8.3.0/../../../../riscv64-unknown-elf/lib/rv32imac/ilp32/libc_nano.a(lib_a-atexit.o)
                0x00000000200250d2                atexit
 .text.__errno  0x00000000200250dc        0x8 /home/hjh/RISC-V/riscv64-unknown-elf-gcc-8.3.0-2020.04.0-x86_64-linux-ubuntu14/bin/../lib/gcc/riscv64-unknown-elf/8.3.0/../../../../riscv64-unknown-elf/lib/rv32imac/ilp32/libc_nano.a(lib_a-errno.o)
                0x00000000200250dc                __errno
 .text.__libc_fini_array
                0x00000000200250e4       0x38 /home/hjh/RISC-V/riscv64-unknown-elf-gcc-8.3.0-2020.04.0-x86_64-linux-ubuntu14/bin/../lib/gcc/riscv64-unknown-elf/8.3.0/../../../../riscv64-unknown-elf/lib/rv32imac/ilp32/libc_nano.a(lib_a-fini.o)
                0x00000000200250e4                __libc_fini_array
 .text.__libc_init_array
                0x000000002002511c       0x6a /home/hjh/RISC-V/riscv64-unknown-elf-gcc-8.3.0-2020.04.0-x86_64-linux-ubuntu14/bin/../lib/gcc/riscv64-unknown-elf/8.3.0/../../../../riscv64-unknown-elf/lib/rv32imac/ilp32/libc_nano.a(lib_a-init.o)
                0x000000002002511c                __libc_init_array
 .text.__register_exitproc
                0x0000000020025186       0x84 /home/hjh/RISC-V/riscv64-unknown-elf-gcc-8.3.0-2020.04.0-x86_64-linux-ubuntu14/bin/../lib/gcc/riscv64-unknown-elf/8.3.0/../../../../riscv64-unknown-elf/lib/rv32imac/ilp32/libc_nano.a(lib_a-__atexit.o)
                0x0000000020025186                __register_exitproc
 .text.__call_exitprocs
                0x000000002002520a       0xc8 /home/hjh/RISC-V/riscv64-unknown-elf-gcc-8.3.0-2020.04.0-x86_64-linux-ubuntu14/bin/../lib/gcc/riscv64-unknown-elf/8.3.0/../../../../riscv64-unknown-elf/lib/rv32imac/ilp32/libc_nano.a(lib_a-__call_atexit.o)
                0x000000002002520a                __call_exitprocs
 .text.metal_init_run
                0x00000000200252d2       0x4a /home/hjh/Documents/Kyber_RV_M3/RISC-V/common//libmetal.a(init.o)
                0x00000000200252d2                metal_init_run
 .text.metal_fini_run
                0x000000002002531c       0x4a /home/hjh/Documents/Kyber_RV_M3/RISC-V/common//libmetal.a(init.o)
                0x000000002002531c                metal_fini_run
 .text.metal_shutdown
                0x0000000020025366        0x4 /home/hjh/Documents/Kyber_RV_M3/RISC-V/common//libmetal.a(shutdown.o)
                0x0000000020025366                metal_shutdown
 .text.metal_tty_putc
                0x000000002002536a       0x14 /home/hjh/Documents/Kyber_RV_M3/RISC-V/common//libmetal.a(tty.o)
                0x000000002002536a                metal_tty_putc
 .text.__metal_driver_riscv_clint0_mtimecmp_set
                0x000000002002537e       0x26 /home/hjh/Documents/Kyber_RV_M3/RISC-V/common//libmetal.a(riscv_clint0.o)
                0x000000002002537e                __metal_driver_riscv_clint0_mtimecmp_set
 .text.__metal_driver_riscv_clint0_init
                0x00000000200253a4       0x62 /home/hjh/Documents/Kyber_RV_M3/RISC-V/common//libmetal.a(riscv_clint0.o)
                0x00000000200253a4                __metal_driver_riscv_clint0_init
 .text.__metal_driver_riscv_clint0_vector_register
                0x0000000020025406        0x4 /home/hjh/Documents/Kyber_RV_M3/RISC-V/common//libmetal.a(riscv_clint0.o)
                0x0000000020025406                __metal_driver_riscv_clint0_vector_register
 .text.__metal_driver_riscv_clint0_command_request
                0x000000002002540a       0x8e /home/hjh/Documents/Kyber_RV_M3/RISC-V/common//libmetal.a(riscv_clint0.o)
                0x000000002002540a                __metal_driver_riscv_clint0_command_request
 .text.__metal_driver_riscv_clint0_get_vector_mode
                0x0000000020025498        0x4 /home/hjh/Documents/Kyber_RV_M3/RISC-V/common//libmetal.a(riscv_clint0.o)
                0x0000000020025498                __metal_driver_riscv_clint0_get_vector_mode
 .text.__metal_driver_riscv_clint0_register
                0x000000002002549c       0x82 /home/hjh/Documents/Kyber_RV_M3/RISC-V/common//libmetal.a(riscv_clint0.o)
                0x000000002002549c                __metal_driver_riscv_clint0_register
 .text.__metal_driver_riscv_clint0_clear_interrupt
                0x000000002002551e       0x2c /home/hjh/Documents/Kyber_RV_M3/RISC-V/common//libmetal.a(riscv_clint0.o)
                0x000000002002551e                __metal_driver_riscv_clint0_clear_interrupt
 .text.__metal_driver_riscv_clint0_set_interrupt
                0x000000002002554a       0x32 /home/hjh/Documents/Kyber_RV_M3/RISC-V/common//libmetal.a(riscv_clint0.o)
                0x000000002002554a                __metal_driver_riscv_clint0_set_interrupt
 .text.__metal_driver_riscv_clint0_set_vector_mode
                0x000000002002557c       0x38 /home/hjh/Documents/Kyber_RV_M3/RISC-V/common//libmetal.a(riscv_clint0.o)
                0x000000002002557c                __metal_driver_riscv_clint0_set_vector_mode
 .text.__metal_driver_riscv_clint0_enable
                0x00000000200255b4       0x62 /home/hjh/Documents/Kyber_RV_M3/RISC-V/common//libmetal.a(riscv_clint0.o)
                0x00000000200255b4                __metal_driver_riscv_clint0_enable
 .text.__metal_driver_riscv_clint0_disable
                0x0000000020025616       0x62 /home/hjh/Documents/Kyber_RV_M3/RISC-V/common//libmetal.a(riscv_clint0.o)
                0x0000000020025616                __metal_driver_riscv_clint0_disable
 .text.__metal_default_sw_handler
                0x0000000020025678       0x44 /home/hjh/Documents/Kyber_RV_M3/RISC-V/common//libmetal.a(riscv_cpu.o)
                0x0000000020025678                __metal_default_sw_handler
 .text.__metal_default_beu_handler
                0x00000000200256bc        0x2 /home/hjh/Documents/Kyber_RV_M3/RISC-V/common//libmetal.a(riscv_cpu.o)
                0x00000000200256bc                __metal_default_beu_handler
 *fill*         0x00000000200256be       0x42 
 .text.__metal_exception_handler
                0x0000000020025700       0xfa /home/hjh/Documents/Kyber_RV_M3/RISC-V/common//libmetal.a(riscv_cpu.o)
                0x0000000020025700                __metal_exception_handler
 .text.__metal_driver_riscv_cpu_controller_get_vector_mode
                0x00000000200257fa       0x22 /home/hjh/Documents/Kyber_RV_M3/RISC-V/common//libmetal.a(riscv_cpu.o)
                0x00000000200257fa                __metal_driver_riscv_cpu_controller_get_vector_mode
 .text.__metal_driver_riscv_cpu_controller_command_request
                0x000000002002581c        0x4 /home/hjh/Documents/Kyber_RV_M3/RISC-V/common//libmetal.a(riscv_cpu.o)
                0x000000002002581c                __metal_driver_riscv_cpu_controller_command_request
 .text.__metal_driver_cpu_mcycle_get
                0x0000000020025820       0x12 /home/hjh/Documents/Kyber_RV_M3/RISC-V/common//libmetal.a(riscv_cpu.o)
                0x0000000020025820                __metal_driver_cpu_mcycle_get
 .text.__metal_driver_cpu_timebase_get
                0x0000000020025832       0x1c /home/hjh/Documents/Kyber_RV_M3/RISC-V/common//libmetal.a(riscv_cpu.o)
                0x0000000020025832                __metal_driver_cpu_timebase_get
 .text.__metal_driver_cpu_mtime_get
                0x000000002002584e       0x42 /home/hjh/Documents/Kyber_RV_M3/RISC-V/common//libmetal.a(riscv_cpu.o)
                0x000000002002584e                __metal_driver_cpu_mtime_get
 .text.__metal_driver_cpu_timer_controller_interrupt
                0x0000000020025890        0x6 /home/hjh/Documents/Kyber_RV_M3/RISC-V/common//libmetal.a(riscv_cpu.o)
                0x0000000020025890                __metal_driver_cpu_timer_controller_interrupt
 .text.__metal_driver_cpu_get_timer_interrupt_id
                0x0000000020025896        0x4 /home/hjh/Documents/Kyber_RV_M3/RISC-V/common//libmetal.a(riscv_cpu.o)
                0x0000000020025896                __metal_driver_cpu_get_timer_interrupt_id
 .text.__metal_driver_cpu_get_sw_interrupt_id
                0x000000002002589a        0x4 /home/hjh/Documents/Kyber_RV_M3/RISC-V/common//libmetal.a(riscv_cpu.o)
                0x000000002002589a                __metal_driver_cpu_get_sw_interrupt_id
 .text.__metal_driver_cpu_set_sw_ipi
                0x000000002002589e       0x30 /home/hjh/Documents/Kyber_RV_M3/RISC-V/common//libmetal.a(riscv_cpu.o)
                0x000000002002589e                __metal_driver_cpu_set_sw_ipi
 .text.__metal_driver_cpu_clear_sw_ipi
                0x00000000200258ce       0x30 /home/hjh/Documents/Kyber_RV_M3/RISC-V/common//libmetal.a(riscv_cpu.o)
                0x00000000200258ce                __metal_driver_cpu_clear_sw_ipi
 .text.__metal_driver_cpu_get_msip
                0x00000000200258fe       0x34 /home/hjh/Documents/Kyber_RV_M3/RISC-V/common//libmetal.a(riscv_cpu.o)
                0x00000000200258fe                __metal_driver_cpu_get_msip
 .text.__metal_driver_cpu_controller_interrupt
                0x0000000020025932       0x16 /home/hjh/Documents/Kyber_RV_M3/RISC-V/common//libmetal.a(riscv_cpu.o)
                0x0000000020025932                __metal_driver_cpu_controller_interrupt
 .text.__metal_driver_cpu_get_instruction_length
                0x0000000020025948       0x12 /home/hjh/Documents/Kyber_RV_M3/RISC-V/common//libmetal.a(riscv_cpu.o)
                0x0000000020025948                __metal_driver_cpu_get_instruction_length
 .text.__metal_driver_cpu_get_exception_pc
                0x000000002002595a        0x6 /home/hjh/Documents/Kyber_RV_M3/RISC-V/common//libmetal.a(riscv_cpu.o)
                0x000000002002595a                __metal_driver_cpu_get_exception_pc
 .text.__metal_driver_cpu_set_exception_pc
                0x0000000020025960        0x8 /home/hjh/Documents/Kyber_RV_M3/RISC-V/common//libmetal.a(riscv_cpu.o)
                0x0000000020025960                __metal_driver_cpu_set_exception_pc
 .text.__metal_driver_cpu_get_buserror
                0x0000000020025968        0x4 /home/hjh/Documents/Kyber_RV_M3/RISC-V/common//libmetal.a(riscv_cpu.o)
                0x0000000020025968                __metal_driver_cpu_get_buserror
 .text.__metal_default_exception_handler
                0x000000002002596c        0xc /home/hjh/Documents/Kyber_RV_M3/RISC-V/common//libmetal.a(riscv_cpu.o)
                0x000000002002596c                __metal_default_exception_handler
 .text.__metal_default_interrupt_handler
                0x0000000020025978        0xc /home/hjh/Documents/Kyber_RV_M3/RISC-V/common//libmetal.a(riscv_cpu.o)
                0x0000000020025978                __metal_default_interrupt_handler
 .text.__metal_default_timer_handler
                0x0000000020025984       0x66 /home/hjh/Documents/Kyber_RV_M3/RISC-V/common//libmetal.a(riscv_cpu.o)
                0x0000000020025984                __metal_default_timer_handler
 .text.__metal_driver_riscv_cpu_controller_interrupt_init
                0x00000000200259ea       0x84 /home/hjh/Documents/Kyber_RV_M3/RISC-V/common//libmetal.a(riscv_cpu.o)
                0x00000000200259ea                __metal_driver_riscv_cpu_controller_interrupt_init
 .text.__metal_driver_riscv_cpu_controller_interrupt_register
                0x0000000020025a6e      0x100 /home/hjh/Documents/Kyber_RV_M3/RISC-V/common//libmetal.a(riscv_cpu.o)
                0x0000000020025a6e                __metal_driver_riscv_cpu_controller_interrupt_register
 .text.__metal_driver_cpu_exception_register
                0x0000000020025b6e       0x2a /home/hjh/Documents/Kyber_RV_M3/RISC-V/common//libmetal.a(riscv_cpu.o)
                0x0000000020025b6e                __metal_driver_cpu_exception_register
 .text.__metal_driver_cpu_sw_controller_interrupt
                0x0000000020025b98        0x6 /home/hjh/Documents/Kyber_RV_M3/RISC-V/common//libmetal.a(riscv_cpu.o)
                0x0000000020025b98                __metal_driver_cpu_sw_controller_interrupt
 .text.__metal_driver_riscv_cpu_controller_set_vector_mode
                0x0000000020025b9e       0x3a /home/hjh/Documents/Kyber_RV_M3/RISC-V/common//libmetal.a(riscv_cpu.o)
                0x0000000020025b9e                __metal_driver_riscv_cpu_controller_set_vector_mode
 .text.__metal_driver_cpu_mtimecmp_set
                0x0000000020025bd8       0x24 /home/hjh/Documents/Kyber_RV_M3/RISC-V/common//libmetal.a(riscv_cpu.o)
                0x0000000020025bd8                __metal_driver_cpu_mtimecmp_set
 .text.__metal_driver_riscv_cpu_controller_interrupt_disable
                0x0000000020025bfc       0x5a /home/hjh/Documents/Kyber_RV_M3/RISC-V/common//libmetal.a(riscv_cpu.o)
                0x0000000020025bfc                __metal_driver_riscv_cpu_controller_interrupt_disable
 .text.__metal_driver_riscv_cpu_controller_interrupt_enable
                0x0000000020025c56       0x5a /home/hjh/Documents/Kyber_RV_M3/RISC-V/common//libmetal.a(riscv_cpu.o)
                0x0000000020025c56                __metal_driver_riscv_cpu_controller_interrupt_enable
 .text.__metal_myhart_id
                0x0000000020025cb0        0x6 /home/hjh/Documents/Kyber_RV_M3/RISC-V/common//libmetal.a(riscv_cpu.o)
                0x0000000020025cb0                __metal_myhart_id
 .text.metal_interrupt_vector_handler
                0x0000000020025cb6       0x2a /home/hjh/Documents/Kyber_RV_M3/RISC-V/common//libmetal.a(riscv_cpu.o)
                0x0000000020025cb6                metal_interrupt_vector_handler
 .text.metal_software_interrupt_vector_handler
                0x0000000020025ce0       0x7c /home/hjh/Documents/Kyber_RV_M3/RISC-V/common//libmetal.a(riscv_cpu.o)
                0x0000000020025ce0                metal_software_interrupt_vector_handler
 .text.metal_timer_interrupt_vector_handler
                0x0000000020025d5c       0x7c /home/hjh/Documents/Kyber_RV_M3/RISC-V/common//libmetal.a(riscv_cpu.o)
                0x0000000020025d5c                metal_timer_interrupt_vector_handler
 .text.metal_lc0_interrupt_vector_handler
                0x0000000020025dd8       0x7c /home/hjh/Documents/Kyber_RV_M3/RISC-V/common//libmetal.a(riscv_cpu.o)
                0x0000000020025dd8                metal_lc0_interrupt_vector_handler
 .text.metal_lc1_interrupt_vector_handler
                0x0000000020025e54       0x7c /home/hjh/Documents/Kyber_RV_M3/RISC-V/common//libmetal.a(riscv_cpu.o)
                0x0000000020025e54                metal_lc1_interrupt_vector_handler
 .text.metal_lc2_interrupt_vector_handler
                0x0000000020025ed0       0x7c /home/hjh/Documents/Kyber_RV_M3/RISC-V/common//libmetal.a(riscv_cpu.o)
                0x0000000020025ed0                metal_lc2_interrupt_vector_handler
 .text.metal_lc3_interrupt_vector_handler
                0x0000000020025f4c       0x7c /home/hjh/Documents/Kyber_RV_M3/RISC-V/common//libmetal.a(riscv_cpu.o)
                0x0000000020025f4c                metal_lc3_interrupt_vector_handler
 .text.metal_lc4_interrupt_vector_handler
                0x0000000020025fc8       0x7c /home/hjh/Documents/Kyber_RV_M3/RISC-V/common//libmetal.a(riscv_cpu.o)
                0x0000000020025fc8                metal_lc4_interrupt_vector_handler
 .text.metal_lc5_interrupt_vector_handler
                0x0000000020026044       0x7c /home/hjh/Documents/Kyber_RV_M3/RISC-V/common//libmetal.a(riscv_cpu.o)
                0x0000000020026044                metal_lc5_interrupt_vector_handler
 .text.metal_lc6_interrupt_vector_handler
                0x00000000200260c0       0x7c /home/hjh/Documents/Kyber_RV_M3/RISC-V/common//libmetal.a(riscv_cpu.o)
                0x00000000200260c0                metal_lc6_interrupt_vector_handler
 .text.metal_lc7_interrupt_vector_handler
                0x000000002002613c       0x7c /home/hjh/Documents/Kyber_RV_M3/RISC-V/common//libmetal.a(riscv_cpu.o)
                0x000000002002613c                metal_lc7_interrupt_vector_handler
 .text.metal_lc8_interrupt_vector_handler
                0x00000000200261b8       0x7c /home/hjh/Documents/Kyber_RV_M3/RISC-V/common//libmetal.a(riscv_cpu.o)
                0x00000000200261b8                metal_lc8_interrupt_vector_handler
 .text.metal_lc9_interrupt_vector_handler
                0x0000000020026234       0x7c /home/hjh/Documents/Kyber_RV_M3/RISC-V/common//libmetal.a(riscv_cpu.o)
                0x0000000020026234                metal_lc9_interrupt_vector_handler
 .text.metal_lc10_interrupt_vector_handler
                0x00000000200262b0       0x7c /home/hjh/Documents/Kyber_RV_M3/RISC-V/common//libmetal.a(riscv_cpu.o)
                0x00000000200262b0                metal_lc10_interrupt_vector_handler
 .text.metal_lc11_interrupt_vector_handler
                0x000000002002632c       0x7c /home/hjh/Documents/Kyber_RV_M3/RISC-V/common//libmetal.a(riscv_cpu.o)
                0x000000002002632c                metal_lc11_interrupt_vector_handler
 .text.metal_lc12_interrupt_vector_handler
                0x00000000200263a8       0x7c /home/hjh/Documents/Kyber_RV_M3/RISC-V/common//libmetal.a(riscv_cpu.o)
                0x00000000200263a8                metal_lc12_interrupt_vector_handler
 .text.metal_lc13_interrupt_vector_handler
                0x0000000020026424       0x7c /home/hjh/Documents/Kyber_RV_M3/RISC-V/common//libmetal.a(riscv_cpu.o)
                0x0000000020026424                metal_lc13_interrupt_vector_handler
 .text.metal_lc14_interrupt_vector_handler
                0x00000000200264a0       0x7c /home/hjh/Documents/Kyber_RV_M3/RISC-V/common//libmetal.a(riscv_cpu.o)
                0x00000000200264a0                metal_lc14_interrupt_vector_handler
 .text.metal_lc15_interrupt_vector_handler
                0x000000002002651c       0x7c /home/hjh/Documents/Kyber_RV_M3/RISC-V/common//libmetal.a(riscv_cpu.o)
                0x000000002002651c                metal_lc15_interrupt_vector_handler
 .text.__metal_controller_interrupt_vector_mode
                0x0000000020026598       0x22 /home/hjh/Documents/Kyber_RV_M3/RISC-V/common//libmetal.a(riscv_cpu.o)
                0x0000000020026598                __metal_controller_interrupt_vector_mode
 .text.__metal_driver_riscv_plic0_set_priority
                0x00000000200265ba       0x24 /home/hjh/Documents/Kyber_RV_M3/RISC-V/common//libmetal.a(riscv_plic0.o)
                0x00000000200265ba                __metal_driver_riscv_plic0_set_priority
 .text.__metal_driver_riscv_plic0_get_priority
                0x00000000200265de       0x22 /home/hjh/Documents/Kyber_RV_M3/RISC-V/common//libmetal.a(riscv_plic0.o)
                0x00000000200265de                __metal_driver_riscv_plic0_get_priority
 .text.__metal_driver_riscv_plic0_register
                0x0000000020026600       0x7a /home/hjh/Documents/Kyber_RV_M3/RISC-V/common//libmetal.a(riscv_plic0.o)
                0x0000000020026600                __metal_driver_riscv_plic0_register
 .text.__metal_driver_riscv_plic0_affinity_enable
                0x000000002002667a       0x5e /home/hjh/Documents/Kyber_RV_M3/RISC-V/common//libmetal.a(riscv_plic0.o)
                0x000000002002667a                __metal_driver_riscv_plic0_affinity_enable
 .text.__metal_driver_riscv_plic0_affinity_disable
                0x00000000200266d8       0x60 /home/hjh/Documents/Kyber_RV_M3/RISC-V/common//libmetal.a(riscv_plic0.o)
                0x00000000200266d8                __metal_driver_riscv_plic0_affinity_disable
 .text.__metal_driver_riscv_plic0_affinity_set_threshold
                0x0000000020026738       0x2e /home/hjh/Documents/Kyber_RV_M3/RISC-V/common//libmetal.a(riscv_plic0.o)
                0x0000000020026738                __metal_driver_riscv_plic0_affinity_set_threshold
 .text.__metal_driver_riscv_plic0_affinity_get_threshold
                0x0000000020026766       0x28 /home/hjh/Documents/Kyber_RV_M3/RISC-V/common//libmetal.a(riscv_plic0.o)
                0x0000000020026766                __metal_driver_riscv_plic0_affinity_get_threshold
 .text.__metal_plic0_default_handler
                0x000000002002678e        0xc /home/hjh/Documents/Kyber_RV_M3/RISC-V/common//libmetal.a(riscv_plic0.o)
                0x000000002002678e                __metal_plic0_default_handler
 .text.__metal_plic0_handler
                0x000000002002679a       0x7a /home/hjh/Documents/Kyber_RV_M3/RISC-V/common//libmetal.a(riscv_plic0.o)
                0x000000002002679a                __metal_plic0_handler
 .text.__metal_driver_riscv_plic0_set_threshold
                0x0000000020026814       0x40 /home/hjh/Documents/Kyber_RV_M3/RISC-V/common//libmetal.a(riscv_plic0.o)
                0x0000000020026814                __metal_driver_riscv_plic0_set_threshold
 .text.__metal_driver_riscv_plic0_get_threshold
                0x0000000020026854       0x34 /home/hjh/Documents/Kyber_RV_M3/RISC-V/common//libmetal.a(riscv_plic0.o)
                0x0000000020026854                __metal_driver_riscv_plic0_get_threshold
 .text.__metal_driver_riscv_plic0_enable
                0x0000000020026888       0x5a /home/hjh/Documents/Kyber_RV_M3/RISC-V/common//libmetal.a(riscv_plic0.o)
                0x0000000020026888                __metal_driver_riscv_plic0_enable
 .text.__metal_driver_riscv_plic0_disable
                0x00000000200268e2       0x5e /home/hjh/Documents/Kyber_RV_M3/RISC-V/common//libmetal.a(riscv_plic0.o)
                0x00000000200268e2                __metal_driver_riscv_plic0_disable
 .text.__metal_driver_riscv_plic0_init
                0x0000000020026940      0x112 /home/hjh/Documents/Kyber_RV_M3/RISC-V/common//libmetal.a(riscv_plic0.o)
                0x0000000020026940                __metal_driver_riscv_plic0_init
 .text.__metal_driver_sifive_fe310_g000_hfrosc_get_rate_hz
                0x0000000020026a52       0x46 /home/hjh/Documents/Kyber_RV_M3/RISC-V/common//libmetal.a(sifive_fe310-g000_hfrosc.o)
                0x0000000020026a52                __metal_driver_sifive_fe310_g000_hfrosc_get_rate_hz
 .text.__metal_driver_sifive_fe310_g000_hfrosc_set_rate_hz
                0x0000000020026a98       0x46 /home/hjh/Documents/Kyber_RV_M3/RISC-V/common//libmetal.a(sifive_fe310-g000_hfrosc.o)
                0x0000000020026a98                __metal_driver_sifive_fe310_g000_hfrosc_set_rate_hz
 .text.__metal_driver_sifive_fe310_g000_hfxosc_get_rate_hz
                0x0000000020026ade       0x3a /home/hjh/Documents/Kyber_RV_M3/RISC-V/common//libmetal.a(sifive_fe310-g000_hfxosc.o)
                0x0000000020026ade                __metal_driver_sifive_fe310_g000_hfxosc_get_rate_hz
 .text.__metal_driver_sifive_fe310_g000_hfxosc_set_rate_hz
                0x0000000020026b18       0x3a /home/hjh/Documents/Kyber_RV_M3/RISC-V/common//libmetal.a(sifive_fe310-g000_hfxosc.o)
                0x0000000020026b18                __metal_driver_sifive_fe310_g000_hfxosc_set_rate_hz
 .text.__metal_driver_sifive_fe310_g000_pll_config_base
                0x0000000020026b52        0x6 /home/hjh/Documents/Kyber_RV_M3/RISC-V/common//libmetal.a(sifive_fe310-g000_pll.o)
 .text.__metal_driver_sifive_fe310_g000_pll_config_offset
                0x0000000020026b58        0x4 /home/hjh/Documents/Kyber_RV_M3/RISC-V/common//libmetal.a(sifive_fe310-g000_pll.o)
 .text.__metal_driver_sifive_fe310_g000_pll_init
                0x0000000020026b5c       0x66 /home/hjh/Documents/Kyber_RV_M3/RISC-V/common//libmetal.a(sifive_fe310-g000_pll.o)
                0x0000000020026b5c                __metal_driver_sifive_fe310_g000_pll_init
 .text.__metal_driver_sifive_fe310_g000_pll_get_rate_hz
                0x0000000020026bc2       0xca /home/hjh/Documents/Kyber_RV_M3/RISC-V/common//libmetal.a(sifive_fe310-g000_pll.o)
                0x0000000020026bc2                __metal_driver_sifive_fe310_g000_pll_get_rate_hz
 .text.__metal_driver_sifive_fe310_g000_pll_set_rate_hz
                0x0000000020026c8c      0x1f4 /home/hjh/Documents/Kyber_RV_M3/RISC-V/common//libmetal.a(sifive_fe310-g000_pll.o)
                0x0000000020026c8c                __metal_driver_sifive_fe310_g000_pll_set_rate_hz
 .text.__metal_driver_sifive_fe310_g000_prci_get_reg
                0x0000000020026e80        0xa /home/hjh/Documents/Kyber_RV_M3/RISC-V/common//libmetal.a(sifive_fe310-g000_prci.o)
                0x0000000020026e80                __metal_driver_sifive_fe310_g000_prci_get_reg
 .text.__metal_driver_sifive_fe310_g000_prci_set_reg
                0x0000000020026e8a        0xc /home/hjh/Documents/Kyber_RV_M3/RISC-V/common//libmetal.a(sifive_fe310-g000_prci.o)
                0x0000000020026e8a                __metal_driver_sifive_fe310_g000_prci_set_reg
 .text.__metal_driver_sifive_gpio0_enable_input
                0x0000000020026e96       0x24 /home/hjh/Documents/Kyber_RV_M3/RISC-V/common//libmetal.a(sifive_gpio0.o)
                0x0000000020026e96                __metal_driver_sifive_gpio0_enable_input
 .text.__metal_driver_sifive_gpio0_disable_input
                0x0000000020026eba       0x2c /home/hjh/Documents/Kyber_RV_M3/RISC-V/common//libmetal.a(sifive_gpio0.o)
                0x0000000020026eba                __metal_driver_sifive_gpio0_disable_input
 .text.__metal_driver_sifive_gpio0_input
                0x0000000020026ee6       0x16 /home/hjh/Documents/Kyber_RV_M3/RISC-V/common//libmetal.a(sifive_gpio0.o)
                0x0000000020026ee6                __metal_driver_sifive_gpio0_input
 .text.__metal_driver_sifive_gpio0_output
                0x0000000020026efc       0x18 /home/hjh/Documents/Kyber_RV_M3/RISC-V/common//libmetal.a(sifive_gpio0.o)
                0x0000000020026efc                __metal_driver_sifive_gpio0_output
 .text.__metal_driver_sifive_gpio0_disable_output
                0x0000000020026f14       0x2c /home/hjh/Documents/Kyber_RV_M3/RISC-V/common//libmetal.a(sifive_gpio0.o)
                0x0000000020026f14                __metal_driver_sifive_gpio0_disable_output
 .text.__metal_driver_sifive_gpio0_enable_output
                0x0000000020026f40       0x24 /home/hjh/Documents/Kyber_RV_M3/RISC-V/common//libmetal.a(sifive_gpio0.o)
                0x0000000020026f40                __metal_driver_sifive_gpio0_enable_output
 .text.__metal_driver_sifive_gpio0_output_set
                0x0000000020026f64       0x24 /home/hjh/Documents/Kyber_RV_M3/RISC-V/common//libmetal.a(sifive_gpio0.o)
                0x0000000020026f64                __metal_driver_sifive_gpio0_output_set
 .text.__metal_driver_sifive_gpio0_output_clear
                0x0000000020026f88       0x2c /home/hjh/Documents/Kyber_RV_M3/RISC-V/common//libmetal.a(sifive_gpio0.o)
                0x0000000020026f88                __metal_driver_sifive_gpio0_output_clear
 .text.__metal_driver_sifive_gpio0_output_toggle
                0x0000000020026fb4       0x24 /home/hjh/Documents/Kyber_RV_M3/RISC-V/common//libmetal.a(sifive_gpio0.o)
                0x0000000020026fb4                __metal_driver_sifive_gpio0_output_toggle
 .text.__metal_driver_sifive_gpio0_enable_io
                0x0000000020026fd8       0x3c /home/hjh/Documents/Kyber_RV_M3/RISC-V/common//libmetal.a(sifive_gpio0.o)
                0x0000000020026fd8                __metal_driver_sifive_gpio0_enable_io
 .text.__metal_driver_sifive_gpio0_disable_io
                0x0000000020027014       0x30 /home/hjh/Documents/Kyber_RV_M3/RISC-V/common//libmetal.a(sifive_gpio0.o)
                0x0000000020027014                __metal_driver_sifive_gpio0_disable_io
 .text.__metal_driver_sifive_gpio0_config_int
                0x0000000020027044       0xa8 /home/hjh/Documents/Kyber_RV_M3/RISC-V/common//libmetal.a(sifive_gpio0.o)
                0x0000000020027044                __metal_driver_sifive_gpio0_config_int
 .text.__metal_driver_sifive_gpio0_clear_int
                0x00000000200270ec       0x88 /home/hjh/Documents/Kyber_RV_M3/RISC-V/common//libmetal.a(sifive_gpio0.o)
                0x00000000200270ec                __metal_driver_sifive_gpio0_clear_int
 .text.__metal_driver_gpio_interrupt_controller
                0x0000000020027174       0x16 /home/hjh/Documents/Kyber_RV_M3/RISC-V/common//libmetal.a(sifive_gpio0.o)
                0x0000000020027174                __metal_driver_gpio_interrupt_controller
 .text.__metal_driver_gpio_get_interrupt_id
                0x000000002002718a      0x146 /home/hjh/Documents/Kyber_RV_M3/RISC-V/common//libmetal.a(sifive_gpio0.o)
                0x000000002002718a                __metal_driver_gpio_get_interrupt_id
 .text.__metal_driver_sifive_uart0_interrupt_controller
                0x00000000200272d0       0x26 /home/hjh/Documents/Kyber_RV_M3/RISC-V/common//libmetal.a(sifive_uart0.o)
                0x00000000200272d0                __metal_driver_sifive_uart0_interrupt_controller
 .text.__metal_driver_sifive_uart0_get_interrupt_id
                0x00000000200272f6       0x22 /home/hjh/Documents/Kyber_RV_M3/RISC-V/common//libmetal.a(sifive_uart0.o)
                0x00000000200272f6                __metal_driver_sifive_uart0_get_interrupt_id
 .text.__metal_driver_sifive_uart0_tx_interrupt_enable
                0x0000000020027318       0x4a /home/hjh/Documents/Kyber_RV_M3/RISC-V/common//libmetal.a(sifive_uart0.o)
                0x0000000020027318                __metal_driver_sifive_uart0_tx_interrupt_enable
 .text.__metal_driver_sifive_uart0_tx_interrupt_disable
                0x0000000020027362       0x44 /home/hjh/Documents/Kyber_RV_M3/RISC-V/common//libmetal.a(sifive_uart0.o)
                0x0000000020027362                __metal_driver_sifive_uart0_tx_interrupt_disable
 .text.__metal_driver_sifive_uart0_rx_interrupt_enable
                0x00000000200273a6       0x4a /home/hjh/Documents/Kyber_RV_M3/RISC-V/common//libmetal.a(sifive_uart0.o)
                0x00000000200273a6                __metal_driver_sifive_uart0_rx_interrupt_enable
 .text.__metal_driver_sifive_uart0_rx_interrupt_disable
                0x00000000200273f0       0x44 /home/hjh/Documents/Kyber_RV_M3/RISC-V/common//libmetal.a(sifive_uart0.o)
                0x00000000200273f0                __metal_driver_sifive_uart0_rx_interrupt_disable
 .text.__metal_driver_sifive_uart0_txready
                0x0000000020027434       0x34 /home/hjh/Documents/Kyber_RV_M3/RISC-V/common//libmetal.a(sifive_uart0.o)
                0x0000000020027434                __metal_driver_sifive_uart0_txready
 .text.__metal_driver_sifive_uart0_set_tx_watermark
                0x0000000020027468       0x5c /home/hjh/Documents/Kyber_RV_M3/RISC-V/common//libmetal.a(sifive_uart0.o)
                0x0000000020027468                __metal_driver_sifive_uart0_set_tx_watermark
 .text.__metal_driver_sifive_uart0_get_tx_watermark
                0x00000000200274c4       0x3e /home/hjh/Documents/Kyber_RV_M3/RISC-V/common//libmetal.a(sifive_uart0.o)
                0x00000000200274c4                __metal_driver_sifive_uart0_get_tx_watermark
 .text.__metal_driver_sifive_uart0_set_rx_watermark
                0x0000000020027502       0x5c /home/hjh/Documents/Kyber_RV_M3/RISC-V/common//libmetal.a(sifive_uart0.o)
                0x0000000020027502                __metal_driver_sifive_uart0_set_rx_watermark
 .text.__metal_driver_sifive_uart0_get_rx_watermark
                0x000000002002755e       0x3e /home/hjh/Documents/Kyber_RV_M3/RISC-V/common//libmetal.a(sifive_uart0.o)
                0x000000002002755e                __metal_driver_sifive_uart0_get_rx_watermark
 .text.__metal_driver_sifive_uart0_putc
                0x000000002002759c       0x50 /home/hjh/Documents/Kyber_RV_M3/RISC-V/common//libmetal.a(sifive_uart0.o)
                0x000000002002759c                __metal_driver_sifive_uart0_putc
 .text.__metal_driver_sifive_uart0_getc
                0x00000000200275ec       0x3c /home/hjh/Documents/Kyber_RV_M3/RISC-V/common//libmetal.a(sifive_uart0.o)
                0x00000000200275ec                __metal_driver_sifive_uart0_getc
 .text.__metal_driver_sifive_uart0_get_baud_rate
                0x0000000020027628        0x4 /home/hjh/Documents/Kyber_RV_M3/RISC-V/common//libmetal.a(sifive_uart0.o)
                0x0000000020027628                __metal_driver_sifive_uart0_get_baud_rate
 .text.__metal_driver_sifive_uart0_set_baud_rate
                0x000000002002762c       0x98 /home/hjh/Documents/Kyber_RV_M3/RISC-V/common//libmetal.a(sifive_uart0.o)
                0x000000002002762c                __metal_driver_sifive_uart0_set_baud_rate
 .text.pre_rate_change_callback_func
                0x00000000200276c4       0xa4 /home/hjh/Documents/Kyber_RV_M3/RISC-V/common//libmetal.a(sifive_uart0.o)
 .text.post_rate_change_callback_func
                0x0000000020027768        0xa /home/hjh/Documents/Kyber_RV_M3/RISC-V/common//libmetal.a(sifive_uart0.o)
 .text.__metal_driver_sifive_uart0_init
                0x0000000020027772       0xd2 /home/hjh/Documents/Kyber_RV_M3/RISC-V/common//libmetal.a(sifive_uart0.o)
                0x0000000020027772                __metal_driver_sifive_uart0_init
 .text.metal_cpu_get
                0x0000000020027844        0xc /home/hjh/Documents/Kyber_RV_M3/RISC-V/common//libmetal.a(cpu.o)
                0x0000000020027844                metal_cpu_get
 .text.metal_cpu_get_current_hartid
                0x0000000020027850        0x6 /home/hjh/Documents/Kyber_RV_M3/RISC-V/common//libmetal.a(cpu.o)
                0x0000000020027850                metal_cpu_get_current_hartid
 *fill*         0x0000000020027856       0x2a 
 .text          0x0000000020027880       0x80 /home/hjh/Documents/Kyber_RV_M3/RISC-V/common//libmetal.a(vector.o)
                0x0000000020027880                __metal_vector_table
 .text.__metal_driver_fixed_clock_get_rate_hz
                0x0000000020027900       0x4e /home/hjh/Documents/Kyber_RV_M3/RISC-V/common//libmetal.a(fixed-clock.o)
                0x0000000020027900                __metal_driver_fixed_clock_get_rate_hz
 .text.__metal_driver_fixed_clock_set_rate_hz
                0x000000002002794e       0x4e /home/hjh/Documents/Kyber_RV_M3/RISC-V/common//libmetal.a(fixed-clock.o)
                0x000000002002794e                __metal_driver_fixed_clock_set_rate_hz
 *(.gnu.linkonce.t.*)

.rela.dyn       0x000000002002799c        0x0
 .rela.text.startup.main
                0x000000002002799c        0x0 /tmp/ccvgj8C1.o
 .rela.sdata.ct
                0x000000002002799c        0x0 /tmp/ccvgj8C1.o
 .rela.sdata.pk
                0x000000002002799c        0x0 /tmp/ccvgj8C1.o
 .rela.text._sbrk_r
                0x000000002002799c        0x0 /tmp/ccvgj8C1.o
 .rela.text._svfprintf_r
                0x000000002002799c        0x0 /tmp/ccvgj8C1.o
 .rela.text._vfprintf_r
                0x000000002002799c        0x0 /tmp/ccvgj8C1.o
 .rela.text._write_r
                0x000000002002799c        0x0 /tmp/ccvgj8C1.o
 .rela.text._close_r
                0x000000002002799c        0x0 /tmp/ccvgj8C1.o
 .rela.text._fstat_r
                0x000000002002799c        0x0 /tmp/ccvgj8C1.o
 .rela.text._isatty_r
                0x000000002002799c        0x0 /tmp/ccvgj8C1.o
 .rela.text._lseek_r
                0x000000002002799c        0x0 /tmp/ccvgj8C1.o
 .rela.text._read_r
                0x000000002002799c        0x0 /tmp/ccvgj8C1.o
 .rela.text.metal.init.enter
                0x000000002002799c        0x0 /tmp/ccvgj8C1.o
 .rela.text.metal.init.scrub
                0x000000002002799c        0x0 /tmp/ccvgj8C1.o
 .rela.text.libgloss.start
                0x000000002002799c        0x0 /tmp/ccvgj8C1.o
 .rela.text._sbrk
                0x000000002002799c        0x0 /tmp/ccvgj8C1.o
 .rela.sdata.__brk
                0x000000002002799c        0x0 /tmp/ccvgj8C1.o
 .rela.text.__libc_fini_array
                0x000000002002799c        0x0 /tmp/ccvgj8C1.o
 .rela.text.__libc_init_array
                0x000000002002799c        0x0 /tmp/ccvgj8C1.o
 .rela.text.__register_exitproc
                0x000000002002799c        0x0 /tmp/ccvgj8C1.o
 .rela.text.metal_init_run
                0x000000002002799c        0x0 /tmp/ccvgj8C1.o
 .rela.text.metal_fini_run
                0x000000002002799c        0x0 /tmp/ccvgj8C1.o
 .rela.text     0x000000002002799c        0x0 /tmp/ccvgj8C1.o

.data           0x0000000080000000      0xffc load address 0x00000000200279a0
 *(.data .data.*)
 .data.zetas    0x0000000080000000      0x100 /tmp/cc6lmgeF.o
                0x0000000080000000                zetas
 .data.zetas_asm
                0x0000000080000100      0x200 /tmp/cc6lmgeF.o
                0x0000000080000100                zetas_asm
 .data.zetas_inv_asm
                0x0000000080000300      0x200 /tmp/cc6lmgeF.o
                0x0000000080000300                zetas_inv_asm
 .data.impure_data
                0x0000000080000500       0x60 /home/hjh/RISC-V/riscv64-unknown-elf-gcc-8.3.0-2020.04.0-x86_64-linux-ubuntu14/bin/../lib/gcc/riscv64-unknown-elf/8.3.0/../../../../riscv64-unknown-elf/lib/rv32imac/ilp32/libc_nano.a(lib_a-impure.o)
 .data.__metal_dt_clock_0
                0x0000000080000560        0xc /home/hjh/Documents/Kyber_RV_M3/RISC-V/common//libmetal.a(inline.o)
                0x0000000080000560                __metal_dt_clock_0
 .data.__metal_dt_clock_1
                0x000000008000056c        0xc /home/hjh/Documents/Kyber_RV_M3/RISC-V/common//libmetal.a(inline.o)
                0x000000008000056c                __metal_dt_clock_1
 .data.__metal_dt_clock_2
                0x0000000080000578        0xc /home/hjh/Documents/Kyber_RV_M3/RISC-V/common//libmetal.a(inline.o)
                0x0000000080000578                __metal_dt_clock_2
 .data.__metal_dt_clock_3
                0x0000000080000584        0xc /home/hjh/Documents/Kyber_RV_M3/RISC-V/common//libmetal.a(inline.o)
                0x0000000080000584                __metal_dt_clock_3
 .data.__metal_dt_clock_4
                0x0000000080000590        0xc /home/hjh/Documents/Kyber_RV_M3/RISC-V/common//libmetal.a(inline.o)
                0x0000000080000590                __metal_dt_clock_4
 .data.__metal_dt_clock_5
                0x000000008000059c        0xc /home/hjh/Documents/Kyber_RV_M3/RISC-V/common//libmetal.a(inline.o)
                0x000000008000059c                __metal_dt_clock_5
 .data.__metal_dt_clock_6
                0x00000000800005a8        0xc /home/hjh/Documents/Kyber_RV_M3/RISC-V/common//libmetal.a(inline.o)
                0x00000000800005a8                __metal_dt_clock_6
 *fill*         0x00000000800005b4        0x4 
 .data.__metal_dt_cpu_0_interrupt_controller
                0x00000000800005b8      0x3d0 /home/hjh/Documents/Kyber_RV_M3/RISC-V/common//libmetal.a(inline.o)
                0x00000000800005b8                __metal_dt_cpu_0_interrupt_controller
 .data.__metal_dt_interrupt_controller_c000000
                0x0000000080000988      0x5d8 /home/hjh/Documents/Kyber_RV_M3/RISC-V/common//libmetal.a(inline.o)
                0x0000000080000988                __metal_dt_interrupt_controller_c000000
 .data.__metal_dt_serial_10013000
                0x0000000080000f60       0x20 /home/hjh/Documents/Kyber_RV_M3/RISC-V/common//libmetal.a(inline.o)
                0x0000000080000f60                __metal_dt_serial_10013000
 .data.__metal_dt_serial_10023000
                0x0000000080000f80       0x20 /home/hjh/Documents/Kyber_RV_M3/RISC-V/common//libmetal.a(inline.o)
                0x0000000080000f80                __metal_dt_serial_10023000
 *(.gnu.linkonce.d.*)
                0x0000000080000fa0                . = ALIGN (0x8)
                0x00000000800017a0                PROVIDE (__global_pointer$ = (. + 0x800))
 *(.sdata .sdata.* .sdata2.*)
 .sdata.canary  0x0000000080000fa0        0x1 /tmp/ccvgj8C1.o
                0x0000000080000fa0                canary
 *fill*         0x0000000080000fa1        0x3 
 .sdata.canary_size
                0x0000000080000fa4        0x4 /tmp/ccvgj8C1.o
                0x0000000080000fa4                canary_size
 .sdata.ct      0x0000000080000fa8        0x4 /tmp/ccvgj8C1.o
                0x0000000080000fa8                ct
 .sdata.pk      0x0000000080000fac        0x4 /tmp/ccvgj8C1.o
                0x0000000080000fac                pk
 .sdata._impure_ptr
                0x0000000080000fb0        0x4 /home/hjh/RISC-V/riscv64-unknown-elf-gcc-8.3.0-2020.04.0-x86_64-linux-ubuntu14/bin/../lib/gcc/riscv64-unknown-elf/8.3.0/../../../../riscv64-unknown-elf/lib/rv32imac/ilp32/libc_nano.a(lib_a-impure.o)
                0x0000000080000fb0                _impure_ptr
 .sdata2._global_impure_ptr
                0x0000000080000fb4        0x4 /home/hjh/RISC-V/riscv64-unknown-elf-gcc-8.3.0-2020.04.0-x86_64-linux-ubuntu14/bin/../lib/gcc/riscv64-unknown-elf/8.3.0/../../../../riscv64-unknown-elf/lib/rv32imac/ilp32/libc_nano.a(lib_a-impure.o)
                0x0000000080000fb4                _global_impure_ptr
 .sdata.__brk   0x0000000080000fb8        0x4 /home/hjh/Documents/Kyber_RV_M3/RISC-V/common//libmetal-gloss.a(sys_sbrk.o)
 .sdata.__metal_dt_clint_2000000
                0x0000000080000fbc        0x8 /home/hjh/Documents/Kyber_RV_M3/RISC-V/common//libmetal.a(inline.o)
                0x0000000080000fbc                __metal_dt_clint_2000000
 .sdata.__metal_dt_cpu_0
                0x0000000080000fc4        0x8 /home/hjh/Documents/Kyber_RV_M3/RISC-V/common//libmetal.a(inline.o)
                0x0000000080000fc4                __metal_dt_cpu_0
 .sdata.__metal_dt_gpio_10012000
                0x0000000080000fcc        0x4 /home/hjh/Documents/Kyber_RV_M3/RISC-V/common//libmetal.a(inline.o)
                0x0000000080000fcc                __metal_dt_gpio_10012000
 .sdata.__metal_dt_prci_10008000
                0x0000000080000fd0        0x4 /home/hjh/Documents/Kyber_RV_M3/RISC-V/common//libmetal.a(inline.o)
                0x0000000080000fd0                __metal_dt_prci_10008000
 .sdata.__metal_cpu_table
                0x0000000080000fd4        0x4 /home/hjh/Documents/Kyber_RV_M3/RISC-V/common//libmetal.a(riscv_cpu.o)
 .sdata2.__metal_driver_vtable_sifive_fe310_g000_hfrosc
                0x0000000080000fd8        0x8 /home/hjh/Documents/Kyber_RV_M3/RISC-V/common//libmetal.a(sifive_fe310-g000_hfrosc.o)
                0x0000000080000fd8                __metal_driver_vtable_sifive_fe310_g000_hfrosc
 .sdata2.__metal_driver_vtable_sifive_fe310_g000_hfxosc
                0x0000000080000fe0        0x8 /home/hjh/Documents/Kyber_RV_M3/RISC-V/common//libmetal.a(sifive_fe310-g000_hfxosc.o)
                0x0000000080000fe0                __metal_driver_vtable_sifive_fe310_g000_hfxosc
 .sdata2.__metal_driver_vtable_sifive_fe310_g000_prci
                0x0000000080000fe8        0x8 /home/hjh/Documents/Kyber_RV_M3/RISC-V/common//libmetal.a(sifive_fe310-g000_prci.o)
                0x0000000080000fe8                __metal_driver_vtable_sifive_fe310_g000_prci
 .sdata.__metal_cpu_table
                0x0000000080000ff0        0x4 /home/hjh/Documents/Kyber_RV_M3/RISC-V/common//libmetal.a(cpu.o)
 .sdata2.__metal_driver_vtable_fixed_clock
                0x0000000080000ff4        0x8 /home/hjh/Documents/Kyber_RV_M3/RISC-V/common//libmetal.a(fixed-clock.o)
                0x0000000080000ff4                __metal_driver_vtable_fixed_clock
 *(.gnu.linkonce.s.*)

.tdata          0x0000000080001000        0x0 load address 0x00000000200289a0
                0x0000000080001000                PROVIDE (__tls_base = .)
 *(.tdata .tdata.* .gnu.linkonce.td.*)
                [!provide]                        PROVIDE (__tdata_source = LOADADDR (.tdata))
                [!provide]                        PROVIDE (__tdata_size = SIZEOF (.tdata))
                0x00000000200279a0                PROVIDE (metal_segment_data_source_start = LOADADDR (.data))
                0x0000000080000000                PROVIDE (metal_segment_data_target_start = ADDR (.data))
                0x0000000080001000                PROVIDE (metal_segment_data_target_end = (ADDR (.tdata) + SIZEOF (.tdata)))

.tbss           0x0000000080001000        0x0
 *(.tbss .tbss.* .gnu.linkonce.tb.*)
 *(.tcommon .tcommon.*)
                [!provide]                        PROVIDE (__tls_end = .)
                0x0000000000000000                PROVIDE (__tbss_size = SIZEOF (.tbss))
                [!provide]                        PROVIDE (__tls_size = (__tls_end - __tls_base))

.tbss_space     0x0000000080001000        0x0
                0x0000000080001000                . = (. + __tbss_size)

.bss            0x0000000080001000      0x7c0
 *(.sbss*)
 .sbss.outleft  0x0000000080001000        0x4 /tmp/cch13cv3.o
 .sbss.__malloc_free_list
                0x0000000080001004        0x4 /home/hjh/RISC-V/riscv64-unknown-elf-gcc-8.3.0-2020.04.0-x86_64-linux-ubuntu14/bin/../lib/gcc/riscv64-unknown-elf/8.3.0/../../../../riscv64-unknown-elf/lib/rv32imac/ilp32/libc_nano.a(lib_a-nano-mallocr.o)
                0x0000000080001004                __malloc_free_list
 .sbss.__malloc_sbrk_start
                0x0000000080001008        0x4 /home/hjh/RISC-V/riscv64-unknown-elf-gcc-8.3.0-2020.04.0-x86_64-linux-ubuntu14/bin/../lib/gcc/riscv64-unknown-elf/8.3.0/../../../../riscv64-unknown-elf/lib/rv32imac/ilp32/libc_nano.a(lib_a-nano-mallocr.o)
                0x0000000080001008                __malloc_sbrk_start
 .sbss._global_atexit
                0x000000008000100c        0x4 /home/hjh/RISC-V/riscv64-unknown-elf-gcc-8.3.0-2020.04.0-x86_64-linux-ubuntu14/bin/../lib/gcc/riscv64-unknown-elf/8.3.0/../../../../riscv64-unknown-elf/lib/rv32imac/ilp32/libc_nano.a(lib_a-__call_atexit.o)
                0x000000008000100c                _global_atexit
 .sbss.fini_done.1540
                0x0000000080001010        0x4 /home/hjh/Documents/Kyber_RV_M3/RISC-V/common//libmetal.a(init.o)
 .sbss.init_done.1531
                0x0000000080001014        0x4 /home/hjh/Documents/Kyber_RV_M3/RISC-V/common//libmetal.a(init.o)
 *(.gnu.linkonce.sb.*)
 *(.bss .bss.*)
 .bss.in        0x0000000080001018       0x30 /tmp/cch13cv3.o
 .bss.out       0x0000000080001048       0x20 /tmp/cch13cv3.o
 .bss._global_atexit0
                0x0000000080001068       0x8c /home/hjh/RISC-V/riscv64-unknown-elf-gcc-8.3.0-2020.04.0-x86_64-linux-ubuntu14/bin/../lib/gcc/riscv64-unknown-elf/8.3.0/../../../../riscv64-unknown-elf/lib/rv32imac/ilp32/libc_nano.a(lib_a-__atexit.o)
 *(.gnu.linkonce.b.*)
 *(COMMON)
 COMMON         0x00000000800010f4      0x6c8 /tmp/ccvgj8C1.o
                0x00000000800010f4                outs
                0x0000000080001114                p
                0x0000000080001118                ss_b
                0x0000000080001138                c
                0x000000008000113c                sk
                0x000000008000179c                ss_a
 COMMON         0x00000000800017bc        0x4 /home/hjh/RISC-V/riscv64-unknown-elf-gcc-8.3.0-2020.04.0-x86_64-linux-ubuntu14/bin/../lib/gcc/riscv64-unknown-elf/8.3.0/../../../../riscv64-unknown-elf/lib/rv32imac/ilp32/libc_nano.a(lib_a-reent.o)
                0x00000000800017bc                errno
                [!provide]                        PROVIDE (metal_segment_bss_source_start = LOADADDR (.tbss))
                0x0000000080001000                PROVIDE (metal_segment_bss_target_start = ADDR (.tbss))
                0x00000000800017c0                PROVIDE (metal_segment_bss_target_end = (ADDR (.bss) + SIZEOF (.bss)))

.stack          0x00000000800017c0     0x1a00
                [!provide]                        PROVIDE (metal_segment_stack_begin = .)
                0x00000000800031c0                . = (. + __stack_size)
 *fill*         0x00000000800017c0     0x1a00 
                0x00000000800031c0                PROVIDE (_sp = .)
                [!provide]                        PROVIDE (metal_segment_stack_end = .)

.heap           0x00000000800031c0      0xe40
                [!provide]                        PROVIDE (__end = .)
                [!provide]                        PROVIDE (__heap_start = .)
                0x00000000800031c0                PROVIDE (metal_segment_heap_target_start = .)
                0x0000000000000e40                . = DEFINED (__heap_max)?MIN ((LENGTH (ram) - (. - ORIGIN (ram))), 0x10000000):__heap_size
 *fill*         0x00000000800031c0      0xe40 
                0x0000000080004000                PROVIDE (metal_segment_heap_target_end = .)
                [!provide]                        PROVIDE (_heap_end = .)
                [!provide]                        PROVIDE (__heap_end = .)

/DISCARD/
 *(.eh_frame .eh_frame.*)
OUTPUT(elf/crypto_kem_kyber512-90s_fspeed_stack.elf elf32-littleriscv)

.comment        0x0000000000000000       0x28
 .comment       0x0000000000000000       0x28 /tmp/ccvgj8C1.o
                                         0x29 (size before relaxing)
 .comment       0x0000000000000028       0x29 /tmp/ccLaxjX7.o
 .comment       0x0000000000000028       0x29 /tmp/cciKXLt7.o
 .comment       0x0000000000000028       0x29 /tmp/cch13cv3.o
 .comment       0x0000000000000028       0x29 /tmp/ccCSeqHS.o
 .comment       0x0000000000000028       0x29 /tmp/cc6CNjH6.o
 .comment       0x0000000000000028       0x29 /tmp/ccPgv7ZE.o
 .comment       0x0000000000000028       0x29 /tmp/ccZhLNtf.o
 .comment       0x0000000000000028       0x29 /tmp/cc6lmgeF.o
 .comment       0x0000000000000028       0x29 /tmp/cc9hjcpl.o
 .comment       0x0000000000000028       0x29 /tmp/cch7PkyG.o
 .comment       0x0000000000000028       0x29 /tmp/cc2uAuZo.o
 .comment       0x0000000000000028       0x29 /tmp/ccMk37Mk.o
 .comment       0x0000000000000028       0x29 /home/hjh/RISC-V/riscv64-unknown-elf-gcc-8.3.0-2020.04.0-x86_64-linux-ubuntu14/bin/../lib/gcc/riscv64-unknown-elf/8.3.0/../../../../riscv64-unknown-elf/lib/rv32imac/ilp32/libc_nano.a(lib_a-exit.o)
 .comment       0x0000000000000028       0x29 /home/hjh/RISC-V/riscv64-unknown-elf-gcc-8.3.0-2020.04.0-x86_64-linux-ubuntu14/bin/../lib/gcc/riscv64-unknown-elf/8.3.0/../../../../riscv64-unknown-elf/lib/rv32imac/ilp32/libc_nano.a(lib_a-impure.o)
 .comment       0x0000000000000028       0x29 /home/hjh/RISC-V/riscv64-unknown-elf-gcc-8.3.0-2020.04.0-x86_64-linux-ubuntu14/bin/../lib/gcc/riscv64-unknown-elf/8.3.0/../../../../riscv64-unknown-elf/lib/rv32imac/ilp32/libc_nano.a(lib_a-malloc.o)
 .comment       0x0000000000000028       0x29 /home/hjh/RISC-V/riscv64-unknown-elf-gcc-8.3.0-2020.04.0-x86_64-linux-ubuntu14/bin/../lib/gcc/riscv64-unknown-elf/8.3.0/../../../../riscv64-unknown-elf/lib/rv32imac/ilp32/libc_nano.a(lib_a-nano-freer.o)
 .comment       0x0000000000000028       0x29 /home/hjh/RISC-V/riscv64-unknown-elf-gcc-8.3.0-2020.04.0-x86_64-linux-ubuntu14/bin/../lib/gcc/riscv64-unknown-elf/8.3.0/../../../../riscv64-unknown-elf/lib/rv32imac/ilp32/libc_nano.a(lib_a-nano-mallocr.o)
 .comment       0x0000000000000028       0x29 /home/hjh/RISC-V/riscv64-unknown-elf-gcc-8.3.0-2020.04.0-x86_64-linux-ubuntu14/bin/../lib/gcc/riscv64-unknown-elf/8.3.0/../../../../riscv64-unknown-elf/lib/rv32imac/ilp32/libc_nano.a(lib_a-printf.o)
 .comment       0x0000000000000028       0x29 /home/hjh/RISC-V/riscv64-unknown-elf-gcc-8.3.0-2020.04.0-x86_64-linux-ubuntu14/bin/../lib/gcc/riscv64-unknown-elf/8.3.0/../../../../riscv64-unknown-elf/lib/rv32imac/ilp32/libc_nano.a(lib_a-putchar.o)
 .comment       0x0000000000000028       0x29 /home/hjh/RISC-V/riscv64-unknown-elf-gcc-8.3.0-2020.04.0-x86_64-linux-ubuntu14/bin/../lib/gcc/riscv64-unknown-elf/8.3.0/../../../../riscv64-unknown-elf/lib/rv32imac/ilp32/libc_nano.a(lib_a-putc.o)
 .comment       0x0000000000000028       0x29 /home/hjh/RISC-V/riscv64-unknown-elf-gcc-8.3.0-2020.04.0-x86_64-linux-ubuntu14/bin/../lib/gcc/riscv64-unknown-elf/8.3.0/../../../../riscv64-unknown-elf/lib/rv32imac/ilp32/libc_nano.a(lib_a-puts.o)
 .comment       0x0000000000000028       0x29 /home/hjh/RISC-V/riscv64-unknown-elf-gcc-8.3.0-2020.04.0-x86_64-linux-ubuntu14/bin/../lib/gcc/riscv64-unknown-elf/8.3.0/../../../../riscv64-unknown-elf/lib/rv32imac/ilp32/libc_nano.a(lib_a-sbrkr.o)