Archive member included to satisfy reference by file (symbol)

/home/hjh/RISC-V/riscv64-unknown-elf-gcc-8.3.0-2020.04.0-x86_64-linux-ubuntu14/bin/../lib/gcc/riscv64-unknown-elf/8.3.0/../../../../riscv64-unknown-elf/lib/rv32imac/ilp32/libc_nano.a(lib_a-exit.o)
                              /tmp/ccnWj5qs.o (exit)
/home/hjh/RISC-V/riscv64-unknown-elf-gcc-8.3.0-2020.04.0-x86_64-linux-ubuntu14/bin/../lib/gcc/riscv64-unknown-elf/8.3.0/../../../../riscv64-unknown-elf/lib/rv32imac/ilp32/libc_nano.a(lib_a-impure.o)
                              /home/hjh/RISC-V/riscv64-unknown-elf-gcc-8.3.0-2020.04.0-x86_64-linux-ubuntu14/bin/../lib/gcc/riscv64-unknown-elf/8.3.0/../../../../riscv64-unknown-elf/lib/rv32imac/ilp32/libc_nano.a(lib_a-exit.o) (_global_impure_ptr)
/home/hjh/RISC-V/riscv64-unknown-elf-gcc-8.3.0-2020.04.0-x86_64-linux-ubuntu14/bin/../lib/gcc/riscv64-unknown-elf/8.3.0/../../../../riscv64-unknown-elf/lib/rv32imac/ilp32/libc_nano.a(lib_a-malloc.o)
                              /tmp/ccnWj5qs.o (malloc)
/home/hjh/RISC-V/riscv64-unknown-elf-gcc-8.3.0-2020.04.0-x86_64-linux-ubuntu14/bin/../lib/gcc/riscv64-unknown-elf/8.3.0/../../../../riscv64-unknown-elf/lib/rv32imac/ilp32/libc_nano.a(lib_a-memcpy-asm.o)
                              /tmp/ccnWj5qs.o (memcpy)
/home/hjh/RISC-V/riscv64-unknown-elf-gcc-8.3.0-2020.04.0-x86_64-linux-ubuntu14/bin/../lib/gcc/riscv64-unknown-elf/8.3.0/../../../../riscv64-unknown-elf/lib/rv32imac/ilp32/libc_nano.a(lib_a-memset.o)
                              /tmp/ccnWj5qs.o (memset)
/home/hjh/RISC-V/riscv64-unknown-elf-gcc-8.3.0-2020.04.0-x86_64-linux-ubuntu14/bin/../lib/gcc/riscv64-unknown-elf/8.3.0/../../../../riscv64-unknown-elf/lib/rv32imac/ilp32/libc_nano.a(lib_a-nano-freer.o)
                              /home/hjh/RISC-V/riscv64-unknown-elf-gcc-8.3.0-2020.04.0-x86_64-linux-ubuntu14/bin/../lib/gcc/riscv64-unknown-elf/8.3.0/../../../../riscv64-unknown-elf/lib/rv32imac/ilp32/libc_nano.a(lib_a-malloc.o) (_free_r)
/home/hjh/RISC-V/riscv64-unknown-elf-gcc-8.3.0-2020.04.0-x86_64-linux-ubuntu14/bin/../lib/gcc/riscv64-unknown-elf/8.3.0/../../../../riscv64-unknown-elf/lib/rv32imac/ilp32/libc_nano.a(lib_a-nano-mallocr.o)
                              /home/hjh/RISC-V/riscv64-unknown-elf-gcc-8.3.0-2020.04.0-x86_64-linux-ubuntu14/bin/../lib/gcc/riscv64-unknown-elf/8.3.0/../../../../riscv64-unknown-elf/lib/rv32imac/ilp32/libc_nano.a(lib_a-malloc.o) (_malloc_r)
/home/hjh/RISC-V/riscv64-unknown-elf-gcc-8.3.0-2020.04.0-x86_64-linux-ubuntu14/bin/../lib/gcc/riscv64-unknown-elf/8.3.0/../../../../riscv64-unknown-elf/lib/rv32imac/ilp32/libc_nano.a(lib_a-printf.o)
                              /tmp/ccxjSNoP.o (printf)
/home/hjh/RISC-V/riscv64-unknown-elf-gcc-8.3.0-2020.04.0-x86_64-linux-ubuntu14/bin/../lib/gcc/riscv64-unknown-elf/8.3.0/../../../../riscv64-unknown-elf/lib/rv32imac/ilp32/libc_nano.a(lib_a-puts.o)
                              /tmp/ccxjSNoP.o (puts)
/home/hjh/RISC-V/riscv64-unknown-elf-gcc-8.3.0-2020.04.0-x86_64-linux-ubuntu14/bin/../lib/gcc/riscv64-unknown-elf/8.3.0/../../../../riscv64-unknown-elf/lib/rv32imac/ilp32/libc_nano.a(lib_a-sbrkr.o)
                              /home/hjh/RISC-V/riscv64-unknown-elf-gcc-8.3.0-2020.04.0-x86_64-linux-ubuntu14/bin/../lib/gcc/riscv64-unknown-elf/8.3.0/../../../../riscv64-unknown-elf/lib/rv32imac/ilp32/libc_nano.a(lib_a-nano-mallocr.o) (_sbrk_r)
/home/hjh/RISC-V/riscv64-unknown-elf-gcc-8.3.0-2020.04.0-x86_64-linux-ubuntu14/bin/../lib/gcc/riscv64-unknown-elf/8.3.0/../../../../riscv64-unknown-elf/lib/rv32imac/ilp32/libc_nano.a(lib_a-wbuf.o)
                              /home/hjh/RISC-V/riscv64-unknown-elf-gcc-8.3.0-2020.04.0-x86_64-linux-ubuntu14/bin/../lib/gcc/riscv64-unknown-elf/8.3.0/../../../../riscv64-unknown-elf/lib/rv32imac/ilp32/libc_nano.a(lib_a-puts.o) (__swbuf_r)
/home/hjh/RISC-V/riscv64-unknown-elf-gcc-8.3.0-2020.04.0-x86_64-linux-ubuntu14/bin/../lib/gcc/riscv64-unknown-elf/8.3.0/../../../../riscv64-unknown-elf/lib/rv32imac/ilp32/libc_nano.a(lib_a-wsetup.o)
                              /home/hjh/RISC-V/riscv64-unknown-elf-gcc-8.3.0-2020.04.0-x86_64-linux-ubuntu14/bin/../lib/gcc/riscv64-unknown-elf/8.3.0/../../../../riscv64-unknown-elf/lib/rv32imac/ilp32/libc_nano.a(lib_a-puts.o) (__swsetup_r)
/home/hjh/RISC-V/riscv64-unknown-elf-gcc-8.3.0-2020.04.0-x86_64-linux-ubuntu14/bin/../lib/gcc/riscv64-unknown-elf/8.3.0/../../../../riscv64-unknown-elf/lib/rv32imac/ilp32/libc_nano.a(lib_a-fflush.o)
                              /home/hjh/RISC-V/riscv64-unknown-elf-gcc-8.3.0-2020.04.0-x86_64-linux-ubuntu14/bin/../lib/gcc/riscv64-unknown-elf/8.3.0/../../../../riscv64-unknown-elf/lib/rv32imac/ilp32/libc_nano.a(lib_a-wbuf.o) (_fflush_r)
/home/hjh/RISC-V/riscv64-unknown-elf-gcc-8.3.0-2020.04.0-x86_64-linux-ubuntu14/bin/../lib/gcc/riscv64-unknown-elf/8.3.0/../../../../riscv64-unknown-elf/lib/rv32imac/ilp32/libc_nano.a(lib_a-findfp.o)
[...]
Memory Configuration

Name             Origin             Length             Attributes
itim             0x0000000008000000 0x0000000000002000 axrwl
ram              0x0000000080000000 0x0000000000004000 arw !xl
rom              0x0000000020010000 0x000000000006a120 xrl !aw
*default*        0x0000000000000000 0xffffffffffffffff

Linker script and memory map

                0x0000000000002000                __stack_size = 0x2000
                0x0000000000000001                __heap_max = 0x1
LOAD /tmp/ccxjSNoP.o
LOAD /tmp/ccnWj5qs.o
LOAD /tmp/cc0yhaT9.o
LOAD /tmp/cc4wuR55.o
LOAD /tmp/ccstmsor.o
LOAD /tmp/cc7i77Bx.o
LOAD /tmp/cccrkX47.o
LOAD /tmp/ccksrVC3.o
LOAD /tmp/ccj12swQ.o
LOAD /tmp/cciEfV6x.o
LOAD /tmp/ccK7N73a.o
LOAD /tmp/cc2QDmwG.o
LOAD /tmp/ccgrfiAt.o
LOAD /tmp/ccA5dn9g.o
LOAD /tmp/ccPScLmz.o
LOAD /tmp/cc0bB38U.o
LOAD /tmp/ccokBIHH.o
LOAD /tmp/ccJwjzHX.o
LOAD /tmp/ccecXVMr.o
LOAD /tmp/cc4zBgYY.o
LOAD /tmp/ccaAHA9r.o
LOAD /tmp/ccopQrQp.o
LOAD /tmp/cczMV6gw.o
START GROUP
LOAD /home/hjh/RISC-V/riscv64-unknown-elf-gcc-8.3.0-2020.04.0-x86_64-linux-ubuntu14/bin/../lib/gcc/riscv64-unknown-elf/8.3.0/../../../../riscv64-unknown-elf/lib/rv32imac/ilp32/libc_nano.a
LOAD /home/hjh/RISC-V/riscv64-unknown-elf-gcc-8.3.0-2020.04.0-x86_64-linux-ubuntu14/bin/../lib/gcc/riscv64-unknown-elf/8.3.0/rv32imac/ilp32/libgcc.a
LOAD /home/hjh/RISC-V/riscv64-unknown-elf-gcc-8.3.0-2020.04.0-x86_64-linux-ubuntu14/bin/../lib/gcc/riscv64-unknown-elf/8.3.0/../../../../riscv64-unknown-elf/lib/rv32imac/ilp32/libm.a
LOAD /home/hjh/Documents/Kyber_RV_M3/RISC-V/common//libmetal.a
LOAD /home/hjh/Documents/Kyber_RV_M3/RISC-V/common//libmetal-gloss.a
END GROUP
                0x0000000000002000                __stack_size = DEFINED (__stack_size)?__stack_size:0x400
                [!provide]                        PROVIDE (__stack_size = __stack_size)
                0x0000000000000800                __heap_size = DEFINED (__heap_size)?__heap_size:0x800
                0x0000000000000000                PROVIDE (__metal_boot_hart = 0x0)
                0x0000000000000001                PROVIDE (__metal_chicken_bit = 0x1)
                0x0000000000000000                PROVIDE (__metal_eccscrub_bit = 0x0)
                [!provide]                        PROVIDE (metal_dtim_0_memory_start = 0x80000000)
                [!provide]                        PROVIDE (metal_dtim_0_memory_end = 0x80004000)
                [!provide]                        PROVIDE (metal_itim_0_memory_start = 0x8000000)
                [!provide]                        PROVIDE (metal_itim_0_memory_end = 0x8002000)

.init           0x0000000020010000      0x2e2
 *(.text.metal.init.enter)
 .text.metal.init.enter
                0x0000000020010000       0x98 /home/hjh/Documents/Kyber_RV_M3/RISC-V/common//libmetal.a(entry.o)
                0x0000000020010000                _enter
 *(.text.metal.init.*)
 .text.metal.init.__register_frame_info
                0x0000000020010098        0x2 /home/hjh/Documents/Kyber_RV_M3/RISC-V/common//libmetal.a(entry.o)
                0x0000000020010098                __register_frame_info
 .text.metal.init.scrub
                0x000000002001009a       0xaa /home/hjh/Documents/Kyber_RV_M3/RISC-V/common//libmetal.a(scrub.o)
                0x000000002001009a                metal_mem_scrub
                0x00000000200100de                __metal_before_start
 *fill*         0x0000000020010144        0x0 
 .text.metal.init.trapvec
                0x0000000020010144        0xe /home/hjh/Documents/Kyber_RV_M3/RISC-V/common//libmetal.a(trap.o)
                0x0000000020010144                early_trap_vector
 *(SORT_NONE(.init))
 .init          0x0000000020010152        0x2 /home/hjh/Documents/Kyber_RV_M3/RISC-V/common//libmetal.a(synchronize_harts.o)
                0x0000000020010152                __metal_synchronize_harts
 *(.text.libgloss.start)
 .text.libgloss.start
                0x0000000020010154      0x18e /home/hjh/Documents/Kyber_RV_M3/RISC-V/common//libmetal-gloss.a(crt0.o)
                0x0000000020010154                _start
                0x00000000200102c0                _init
                0x00000000200102c0                _fini
                0x00000000200102c2                secondary_main

.fini
 *(SORT_NONE(.fini))

.preinit_array  0x00000000200102e8        0x0
                0x00000000200102e8                PROVIDE (__preinit_array_start = .)
 *(.preinit_array)
                0x00000000200102e8                PROVIDE (__preinit_array_end = .)

.init_array     0x00000000200102e8        0xc
                0x00000000200102e8                PROVIDE (__init_array_start = .)
 *(SORT_BY_INIT_PRIORITY(.init_array.*) SORT_BY_INIT_PRIORITY(.ctors.*))
 *(.init_array EXCLUDE_FILE(*crtend?.o *crtend.o *crtbegin?.o *crtbegin.o) .ctors)
                0x00000000200102e8                PROVIDE (__init_array_end = .)
                0x00000000200102e8                PROVIDE (metal_constructors_start = .)
 *(SORT_BY_INIT_PRIORITY(.metal.init_array.*))
 .metal.init_array.5000
                0x00000000200102e8        0x4 /home/hjh/Documents/Kyber_RV_M3/RISC-V/common//libmetal.a(tty.o)
                0x00000000200102e8                _metal_tty_init_ptr
 .metal.init_array.5000
                0x00000000200102ec        0x8 /home/hjh/Documents/Kyber_RV_M3/RISC-V/common//libmetal.a(sifive_fe310-g000_pll.o)
                0x00000000200102ec                _use_hfxosc_ptr
                0x00000000200102f0                _metal_sifive_fe310_g000_pll_init_ptr
 *(.metal.init_array)
                0x00000000200102f4                PROVIDE (metal_constructors_end = .)

.fini_array     0x00000000200102f8        0x0
                0x00000000200102f8                PROVIDE (__fini_array_start = .)
 *(SORT_BY_INIT_PRIORITY(.fini_array.*) SORT_BY_INIT_PRIORITY(.dtors.*))
 *(.fini_array EXCLUDE_FILE(*crtend?.o *crtend.o *crtbegin?.o *crtbegin.o) .dtors)
                0x00000000200102f8                PROVIDE (__fini_array_end = .)
                0x00000000200102f8                PROVIDE (metal_destructors_start = .)
 *(SORT_BY_INIT_PRIORITY(.metal.fini_array.*))
 *(.metal.fini_array)
                0x00000000200102f8                PROVIDE (metal_destructors_end = .)

.ctors          0x00000000200102f4       0x70
 *crtbegin.o(.ctors)
 *crtbegin?.o(.ctors)
 *(EXCLUDE_FILE(*crtend?.o *crtend.o) .ctors)
 *(SORT_BY_NAME(.ctors.*))
 *(.ctors)
 *(.metal.ctors .metal.ctors.*)
 .metal.ctors   0x00000000200102f4       0x18 /home/hjh/Documents/Kyber_RV_M3/RISC-V/common//libmetal.a(tty.o)
                0x00000000200102f4                metal_tty_init
 .metal.ctors   0x000000002001030c       0x58 /home/hjh/Documents/Kyber_RV_M3/RISC-V/common//libmetal.a(sifive_fe310-g000_pll.o)
                0x000000002001030c                metal_sifive_fe310_g000_pll_init
                0x0000000020010318                use_hfxosc

.dtors
 *crtbegin.o(.dtors)
 *crtbegin?.o(.dtors)
 *(EXCLUDE_FILE(*crtend?.o *crtend.o) .dtors)
 *(SORT_BY_NAME(.dtors.*))
 *(.dtors)
 *(.metal.dtors .metal.dtors.*)

.rodata         0x0000000020010368     0x1258
 *(.rdata)
 *(.rodata .rodata.*)
 .rodata.main.str1.4
                0x0000000020010368       0x1e /tmp/ccxjSNoP.o
 *fill*         0x0000000020010386        0x2 
 .rodata.speedKEM.str1.4
                0x0000000020010388       0x36 /tmp/ccxjSNoP.o
 *fill*         0x00000000200103be        0x2 
 .rodata.speedNTT.str1.4
                0x00000000200103c0       0x82 /tmp/ccxjSNoP.o
 *fill*         0x0000000020010442        0x2 
 .rodata.ullu.str1.4
                0x0000000020010444        0xb /tmp/ccxjSNoP.o
 *fill*         0x000000002001044f        0x1 
 .rodata.aes256_ecb_keyexp.str1.4
                0x0000000020010450       0x1c /tmp/ccnWj5qs.o
 .rodata.br_Rcon
                0x000000002001046c        0xa /tmp/ccnWj5qs.o
 *fill*         0x0000000020010476        0x2 
 .rodata.crypto_hashblocks_sha512.cst8
                0x0000000020010478      0x280 /tmp/cc0yhaT9.o
 .rodata.iv_256
                0x00000000200106f8       0x20 /tmp/cc0yhaT9.o
 .rodata.iv_512
                0x0000000020010718       0x40 /tmp/cc0yhaT9.o
 .rodata.seed   0x0000000020010758       0x80 /tmp/cc7i77Bx.o
 .rodata.__sf_fake_stderr
                0x00000000200107d8       0x20 /home/hjh/RISC-V/riscv64-unknown-elf-gcc-8.3.0-2020.04.0-x86_64-linux-ubuntu14/bin/../lib/gcc/riscv64-unknown-elf/8.3.0/../../../../riscv64-unknown-elf/lib/rv32imac/ilp32/libc_nano.a(lib_a-findfp.o)
                0x00000000200107d8                __sf_fake_stderr
 .rodata.__sf_fake_stdin
                0x00000000200107f8       0x20 /home/hjh/RISC-V/riscv64-unknown-elf-gcc-8.3.0-2020.04.0-x86_64-linux-ubuntu14/bin/../lib/gcc/riscv64-unknown-elf/8.3.0/../../../../riscv64-unknown-elf/lib/rv32imac/ilp32/libc_nano.a(lib_a-findfp.o)
                0x00000000200107f8                __sf_fake_stdin
 .rodata.__sf_fake_stdout
                0x0000000020010818       0x20 /home/hjh/RISC-V/riscv64-unknown-elf-gcc-8.3.0-2020.04.0-x86_64-linux-ubuntu14/bin/../lib/gcc/riscv64-unknown-elf/8.3.0/../../../../riscv64-unknown-elf/lib/rv32imac/ilp32/libc_nano.a(lib_a-findfp.o)
                0x0000000020010818                __sf_fake_stdout
 .rodata._vfprintf_r.str1.4
                0x0000000020010838       0x13 /home/hjh/RISC-V/riscv64-unknown-elf-gcc-8.3.0-2020.04.0-x86_64-linux-ubuntu14/bin/../lib/gcc/riscv64-unknown-elf/8.3.0/../../../../riscv64-unknown-elf/lib/rv32imac/ilp32/libc_nano.a(lib_a-nano-vfprintf.o)
 *fill*         0x000000002001084b        0x1 
 .rodata._printf_i.str1.4
                0x000000002001084c       0x28 /home/hjh/RISC-V/riscv64-unknown-elf-gcc-8.3.0-2020.04.0-x86_64-linux-ubuntu14/bin/../lib/gcc/riscv64-unknown-elf/8.3.0/../../../../riscv64-unknown-elf/lib/rv32imac/ilp32/libc_nano.a(lib_a-nano-vfprintf_i.o)
                                         0x25 (size before relaxing)
 .rodata        0x0000000020010874      0x100 /home/hjh/RISC-V/riscv64-unknown-elf-gcc-8.3.0-2020.04.0-x86_64-linux-ubuntu14/bin/../lib/gcc/riscv64-unknown-elf/8.3.0/rv32imac/ilp32/libgcc.a(_clz.o)
                0x0000000020010874                __clz_tab
 .rodata.libgloss.start
                0x0000000020010974       0x11 /home/hjh/Documents/Kyber_RV_M3/RISC-V/common//libmetal-gloss.a(crt0.o)
 *fill*         0x0000000020010985        0x3 
 .rodata.__metal_driver_vtable_riscv_clint0
                0x0000000020010988       0x64 /home/hjh/Documents/Kyber_RV_M3/RISC-V/common//libmetal.a(riscv_clint0.o)
                0x0000000020010988                __metal_driver_vtable_riscv_clint0
 .rodata.__metal_driver_riscv_cpu_controller_interrupt_register
                0x00000000200109ec       0x74 /home/hjh/Documents/Kyber_RV_M3/RISC-V/common//libmetal.a(riscv_cpu.o)
 .rodata.__metal_driver_riscv_cpu_controller_interrupt_disable
                0x0000000020010a60       0x80 /home/hjh/Documents/Kyber_RV_M3/RISC-V/common//libmetal.a(riscv_cpu.o)
 .rodata.__metal_driver_riscv_cpu_controller_interrupt_enable
                0x0000000020010ae0       0x80 /home/hjh/Documents/Kyber_RV_M3/RISC-V/common//libmetal.a(riscv_cpu.o)
 .rodata.CSWTCH.18
                0x0000000020010b60        0xc /home/hjh/Documents/Kyber_RV_M3/RISC-V/common//libmetal.a(riscv_cpu.o)
 .rodata.__metal_driver_vtable_cpu
                0x0000000020010b6c       0x44 /home/hjh/Documents/Kyber_RV_M3/RISC-V/common//libmetal.a(riscv_cpu.o)
                0x0000000020010b6c                __metal_driver_vtable_cpu
 .rodata.__metal_driver_vtable_riscv_cpu_intc
                0x0000000020010bb0       0x64 /home/hjh/Documents/Kyber_RV_M3/RISC-V/common//libmetal.a(riscv_cpu.o)
                0x0000000020010bb0                __metal_driver_vtable_riscv_cpu_intc
 .rodata.__metal_driver_vtable_riscv_plic0
                0x0000000020010c14       0x64 /home/hjh/Documents/Kyber_RV_M3/RISC-V/common//libmetal.a(riscv_plic0.o)
                0x0000000020010c14                __metal_driver_vtable_riscv_plic0
 .rodata.__metal_driver_vtable_sifive_fe310_g000_pll
                0x0000000020010c78        0xc /home/hjh/Documents/Kyber_RV_M3/RISC-V/common//libmetal.a(sifive_fe310-g000_pll.o)
                0x0000000020010c78                __metal_driver_vtable_sifive_fe310_g000_pll
 .rodata.pll_configs
                0x0000000020010c84      0x880 /home/hjh/Documents/Kyber_RV_M3/RISC-V/common//libmetal.a(sifive_fe310-g000_pll.o)
 .rodata.__metal_driver_sifive_gpio0_config_int
                0x0000000020011504       0x20 /home/hjh/Documents/Kyber_RV_M3/RISC-V/common//libmetal.a(sifive_gpio0.o)
 .rodata.__metal_driver_sifive_gpio0_clear_int
                0x0000000020011524       0x20 /home/hjh/Documents/Kyber_RV_M3/RISC-V/common//libmetal.a(sifive_gpio0.o)
 .rodata.__metal_driver_vtable_sifive_gpio0
                0x0000000020011544       0x3c /home/hjh/Documents/Kyber_RV_M3/RISC-V/common//libmetal.a(sifive_gpio0.o)
                0x0000000020011544                __metal_driver_vtable_sifive_gpio0
 .rodata.__metal_driver_vtable_sifive_uart0
                0x0000000020011580       0x40 /home/hjh/Documents/Kyber_RV_M3/RISC-V/common//libmetal.a(sifive_uart0.o)
                0x0000000020011580                __metal_driver_vtable_sifive_uart0
 *(.gnu.linkonce.r.*)
                0x00000000200115c0                . = ALIGN (0x8)
 *(.srodata.cst16)
 *(.srodata.cst8)
 *(.srodata.cst4)
 *(.srodata.cst2)
 *(.srodata .srodata.*)

.itim           0x0000000008000000        0x0 load address 0x00000000200115c0
 *(.itim .itim.*)
                0x00000000200115c0                PROVIDE (metal_segment_itim_source_start = LOADADDR (.itim))
                0x0000000008000000                PROVIDE (metal_segment_itim_target_start = ADDR (.itim))
                0x0000000008000000                PROVIDE (metal_segment_itim_target_end = (ADDR (.itim) + SIZEOF (.itim)))

.lim            0x0000000080000000        0x0 load address 0x00000000200115c0
 *(.lim .lim.*)
                0x00000000200115c0                PROVIDE (metal_segment_lim_source_start = LOADADDR (.lim))
                0x0000000080000000                PROVIDE (metal_segment_lim_target_start = ADDR (.lim))
                0x0000000080000000                PROVIDE (metal_segment_lim_target_end = (ADDR (.lim) + SIZEOF (.lim)))

.text           0x0000000020011600    0x1691c
 *(.text.unlikely .text.unlikely.*)
 *(.text.startup .text.startup.*)
 .text.startup.main
                0x0000000020011600       0x2c /tmp/ccxjSNoP.o
                0x0000000020011600                main
 *(.text .text.*)
 .text.ullu     0x000000002001162c       0x76 /tmp/ccxjSNoP.o
 .text.speedKEM
                0x00000000200116a2      0x152 /tmp/ccxjSNoP.o
                0x00000000200116a2                speedKEM
 .text.speedNTT
                0x00000000200117f4      0x290 /tmp/ccxjSNoP.o
                0x00000000200117f4                speedNTT
 .text.br_range_dec32le
                0x0000000020011a84       0x34 /tmp/ccnWj5qs.o
 .text.br_aes_ct64_bitslice_Sbox
                0x0000000020011ab8      0x55e /tmp/ccnWj5qs.o
 .text.br_aes_ct64_ortho
                0x0000000020012016      0x446 /tmp/ccnWj5qs.o
 .text.br_aes_ct64_interleave_in
                0x000000002001245c      0x11a /tmp/ccnWj5qs.o
 .text.br_aes_ct64_skey_expand
                0x0000000020012576      0x10c /tmp/ccnWj5qs.o
 .text.br_add_round_key
                0x0000000020012682       0x82 /tmp/ccnWj5qs.o
 .text.br_shift_rows
                0x0000000020012704       0x80 /tmp/ccnWj5qs.o
 .text.br_sub_word
                0x0000000020012784       0x34 /tmp/ccnWj5qs.o
 .text.br_aes_ct64_keysched
                0x00000000200127b8      0x1d4 /tmp/ccnWj5qs.o
 .text.aes_ecb4x
                0x000000002001298c      0x3f6 /tmp/ccnWj5qs.o
 .text.aes_ecb  0x0000000020012d82       0x9a /tmp/ccnWj5qs.o
 .text.br_inc4_be
                0x0000000020012e1c       0x44 /tmp/ccnWj5qs.o
 .text.aes_ctr  0x0000000020012e60       0xc6 /tmp/ccnWj5qs.o
 .text.aes256_ecb_keyexp
                0x0000000020012f26       0x50 /tmp/ccnWj5qs.o
                0x0000000020012f26                aes256_ecb_keyexp
 .text.aes256_ctr_keyexp
                0x0000000020012f76        0x2 /tmp/ccnWj5qs.o
                0x0000000020012f76                aes256_ctr_keyexp
 .text.aes256_ecb
                0x0000000020012f78        0x6 /tmp/ccnWj5qs.o
                0x0000000020012f78                aes256_ecb
 .text.aes256_ctr
                0x0000000020012f7e        0x6 /tmp/ccnWj5qs.o
                0x0000000020012f7e                aes256_ctr
 .text.aes256_ctx_release
                0x0000000020012f84        0x6 /tmp/ccnWj5qs.o
                0x0000000020012f84                aes256_ctx_release
 .text.load_bigendian_32
                0x0000000020012f8a       0x1e /tmp/cc0yhaT9.o
 .text.load_bigendian_64
                0x0000000020012fa8       0x3c /tmp/cc0yhaT9.o
 .text.store_bigendian_64
                0x0000000020012fe4       0x36 /tmp/cc0yhaT9.o
 .text.crypto_hashblocks_sha512
                0x000000002001301a     0xa300 /tmp/cc0yhaT9.o
 .text.crypto_hashblocks_sha256
                0x000000002001d31a     0x3536 /tmp/cc0yhaT9.o
 .text.sha256_inc_init
                0x0000000020020850       0x46 /tmp/cc0yhaT9.o
                0x0000000020020850                sha256_inc_init
 .text.sha512_inc_init
                0x0000000020020896       0x46 /tmp/cc0yhaT9.o
                0x0000000020020896                sha512_inc_init
 .text.sha256_inc_finalize
                0x00000000200208dc      0x158 /tmp/cc0yhaT9.o
                0x00000000200208dc                sha256_inc_finalize
 .text.sha512_inc_finalize
                0x0000000020020a34      0x186 /tmp/cc0yhaT9.o
                0x0000000020020a34                sha512_inc_finalize
 .text.sha256   0x0000000020020bba       0x24 /tmp/cc0yhaT9.o
                0x0000000020020bba                sha256
 .text.sha512   0x0000000020020bde       0x24 /tmp/cc0yhaT9.o
                0x0000000020020bde                sha512
 .text.randombytes
                0x0000000020020c02      0x288 /tmp/cc7i77Bx.o
                0x0000000020020c02                randombytes
 .text.cbd_eta1
                0x0000000020020e8a       0x72 /tmp/cccrkX47.o
                0x0000000020020e8a                cbd_eta1
 .text.cbd_eta2
                0x0000000020020efc       0x84 /tmp/cccrkX47.o
                0x0000000020020efc                cbd_eta2
 .text.indcpa_keypair
                0x0000000020020f80      0x130 /tmp/ccksrVC3.o
                0x0000000020020f80                indcpa_keypair
 .text.indcpa_enc
                0x00000000200210b0      0x190 /tmp/ccksrVC3.o
                0x00000000200210b0                indcpa_enc
 .text.indcpa_enc_cmp
                0x0000000020021240      0x1a8 /tmp/ccksrVC3.o
                0x0000000020021240                indcpa_enc_cmp
 .text.indcpa_dec
                0x00000000200213e8       0x90 /tmp/ccksrVC3.o
                0x00000000200213e8                indcpa_dec
 .text.crypto_kem_keypair
                0x0000000020021478       0x52 /tmp/ccj12swQ.o
                0x0000000020021478                crypto_kem_keypair
 .text.crypto_kem_enc
                0x00000000200214ca       0x70 /tmp/ccj12swQ.o
                0x00000000200214ca                crypto_kem_enc
 .text.crypto_kem_dec
                0x000000002002153a       0x86 /tmp/ccj12swQ.o
                0x000000002002153a                crypto_kem_dec
 .text.matacc_cache_32
                0x00000000200215c0      0x19a /tmp/cciEfV6x.o
                0x00000000200215c0                matacc_cache_32
 .text.matacc_opt_32
                0x000000002002175a      0x18a /tmp/cciEfV6x.o
                0x000000002002175a                matacc_opt_32
 .text.matacc_cache32
                0x00000000200218e4       0xc0 /tmp/cciEfV6x.o
                0x00000000200218e4                matacc_cache32
 .text.matacc_opt32
                0x00000000200219a4       0xa0 /tmp/cciEfV6x.o
                0x00000000200219a4                matacc_opt32
 .text.ntt      0x0000000020021a44        0xc /tmp/ccK7N73a.o
                0x0000000020021a44                ntt
 .text.invntt   0x0000000020021a50        0xc /tmp/ccK7N73a.o
                0x0000000020021a50                invntt
 .text.poly_compress
                0x0000000020021a5c       0x80 /tmp/cc2QDmwG.o
                0x0000000020021a5c                poly_compress
 .text.poly_decompress
                0x0000000020021adc       0xa4 /tmp/cc2QDmwG.o
                0x0000000020021adc                poly_decompress
 .text.poly_packcompress
                0x0000000020021b80       0x90 /tmp/cc2QDmwG.o
                0x0000000020021b80                poly_packcompress
 .text.poly_unpackdecompress
                0x0000000020021c10       0x98 /tmp/cc2QDmwG.o
                0x0000000020021c10                poly_unpackdecompress
 .text.cmp_poly_compress
                0x0000000020021ca8       0x9c /tmp/cc2QDmwG.o
                0x0000000020021ca8                cmp_poly_compress
 .text.cmp_poly_packcompress
                0x0000000020021d44       0xb4 /tmp/cc2QDmwG.o
                0x0000000020021d44                cmp_poly_packcompress
 .text.poly_tobytes
                0x0000000020021df8       0x4a /tmp/cc2QDmwG.o
                0x0000000020021df8                poly_tobytes
 .text.poly_frombytes
                0x0000000020021e42       0x3a /tmp/cc2QDmwG.o
                0x0000000020021e42                poly_frombytes
 .text.poly_frombytes_mul
                0x0000000020021e7c       0x92 /tmp/cc2QDmwG.o
                0x0000000020021e7c                poly_frombytes_mul
 .text.poly_noise_eta1
                0x0000000020021f0e       0x2c /tmp/cc2QDmwG.o
                0x0000000020021f0e                poly_noise_eta1
 .text.poly_noise_eta2
                0x0000000020021f3a       0x2c /tmp/cc2QDmwG.o
                0x0000000020021f3a                poly_noise_eta2
 .text.poly_ntt
                0x0000000020021f66        0x4 /tmp/cc2QDmwG.o
                0x0000000020021f66                poly_ntt
 .text.poly_invntt
                0x0000000020021f6a        0x4 /tmp/cc2QDmwG.o
                0x0000000020021f6a                poly_invntt
 .text.poly_basemul_opt_16_32
                0x0000000020021f6e        0x2 /tmp/cc2QDmwG.o
                0x0000000020021f6e                poly_basemul_opt_16_32
 .text.poly_basemul_acc_opt_32_32
                0x0000000020021f70        0x2 /tmp/cc2QDmwG.o
                0x0000000020021f70                poly_basemul_acc_opt_32_32
 .text.poly_basemul_acc_opt_32_16
                0x0000000020021f72        0x2 /tmp/cc2QDmwG.o
                0x0000000020021f72                poly_basemul_acc_opt_32_16
 .text.poly_reduce
                0x0000000020021f74        0x4 /tmp/cc2QDmwG.o
                0x0000000020021f74                poly_reduce
 .text.poly_add
                0x0000000020021f78        0x2 /tmp/cc2QDmwG.o
                0x0000000020021f78                poly_add
 .text.poly_sub
                0x0000000020021f7a        0x2 /tmp/cc2QDmwG.o
                0x0000000020021f7a                poly_sub
 .text.poly_frommsg
                0x0000000020021f7c       0x32 /tmp/cc2QDmwG.o
                0x0000000020021f7c                poly_frommsg
 .text.poly_tomsg
                0x0000000020021fae       0x46 /tmp/cc2QDmwG.o
                0x0000000020021fae                poly_tomsg
 .text.polyvec_tobytes
                0x0000000020021ff4       0x20 /tmp/ccgrfiAt.o
                0x0000000020021ff4                polyvec_tobytes
 .text.polyvec_ntt
                0x0000000020022014       0x16 /tmp/ccgrfiAt.o
                0x0000000020022014                polyvec_ntt
 .text.aes256ctr_prf
                0x000000002002202a       0x46 /tmp/ccA5dn9g.o
                0x000000002002202a                aes256ctr_prf
 .text.aes256xof_absorb
                0x0000000020022070       0x3a /tmp/ccA5dn9g.o
                0x0000000020022070                aes256xof_absorb
 .text.aes256xof_squeezeblocks
                0x00000000200220aa       0xda /tmp/ccA5dn9g.o
                0x00000000200220aa                aes256xof_squeezeblocks
 .text.aes256xof_ctx_release
                0x0000000020022184        0x4 /tmp/ccA5dn9g.o
                0x0000000020022184                aes256xof_ctx_release
 .text.cmov     0x0000000020022188       0x32 /tmp/ccPScLmz.o
                0x0000000020022188                cmov
 *fill*         0x00000000200221ba        0x2 
 .text          0x00000000200221bc       0x12 /tmp/cc0bB38U.o
                0x00000000200221bc                cpucycles
 *fill*         0x00000000200221ce        0x2 
 .text          0x00000000200221d0      0x33a /tmp/ccokBIHH.o
                0x00000000200221d0                pointwise_sub
                0x0000000020022380                pointwise_add
 *fill*         0x000000002002250a        0x2 
 .text          0x000000002002250c      0x1da /tmp/ccJwjzHX.o
                0x000000002002250c                basemul_asm_opt_16_32
                0x0000000020022584                basemul_asm_acc_opt_32_32
                0x0000000020022614                basemul_asm_acc_opt_32_16
 *fill*         0x00000000200226e6        0x2 
 .text          0x00000000200226e8      0x66a /tmp/ccecXVMr.o
                0x00000000200226e8                invntt_fast
 *fill*         0x0000000020022d52        0x2 
 .text          0x0000000020022d54      0x626 /tmp/cc4zBgYY.o
                0x0000000020022d54                ntt_fast
 *fill*         0x000000002002337a        0x2 
 .text          0x000000002002337c      0x196 /tmp/ccaAHA9r.o
                0x000000002002337c                doublebasemul_asm
                0x000000002002343c                doublebasemul_asm_acc
 *fill*         0x0000000020023512        0x2 
 .text          0x0000000020023514      0x3ae /tmp/ccopQrQp.o
                0x0000000020023514                doublebasemul_asm_cache_16_32
                0x000000002002359c                doublebasemul_asm_acc_cache_32_32
                0x000000002002363c                doublebasemul_asm_acc_cache_32_16
                0x000000002002371c                doublebasemul_asm_opt_16_32
                0x0000000020023784                doublebasemul_asm_acc_opt_32_32
                0x0000000020023804                doublebasemul_asm_acc_opt_32_16
 *fill*         0x00000000200238c2        0x2 
 .text          0x00000000200238c4      0x34e /tmp/cczMV6gw.o
                0x00000000200238c4                asm_barrett_reduce
 .text.exit     0x0000000020023c12       0x2e /home/hjh/RISC-V/riscv64-unknown-elf-gcc-8.3.0-2020.04.0-x86_64-linux-ubuntu14/bin/../lib/gcc/riscv64-unknown-elf/8.3.0/../../../../riscv64-unknown-elf/lib/rv32imac/ilp32/libc_nano.a(lib_a-exit.o)
                0x0000000020023c12                exit
 .text.malloc   0x0000000020023c40        0xe /home/hjh/RISC-V/riscv64-unknown-elf-gcc-8.3.0-2020.04.0-x86_64-linux-ubuntu14/bin/../lib/gcc/riscv64-unknown-elf/8.3.0/../../../../riscv64-unknown-elf/lib/rv32imac/ilp32/libc_nano.a(lib_a-malloc.o)
                0x0000000020023c40                malloc
 .text.free     0x0000000020023c4e        0xe /home/hjh/RISC-V/riscv64-unknown-elf-gcc-8.3.0-2020.04.0-x86_64-linux-ubuntu14/bin/../lib/gcc/riscv64-unknown-elf/8.3.0/../../../../riscv64-unknown-elf/lib/rv32imac/ilp32/libc_nano.a(lib_a-malloc.o)
                0x0000000020023c4e                free
 .text          0x0000000020023c5c       0x16 /home/hjh/RISC-V/riscv64-unknown-elf-gcc-8.3.0-2020.04.0-x86_64-linux-ubuntu14/bin/../lib/gcc/riscv64-unknown-elf/8.3.0/../../../../riscv64-unknown-elf/lib/rv32imac/ilp32/libc_nano.a(lib_a-memcpy-asm.o)
                0x0000000020023c5c                memcpy
 .text          0x0000000020023c72       0x10 /home/hjh/RISC-V/riscv64-unknown-elf-gcc-8.3.0-2020.04.0-x86_64-linux-ubuntu14/bin/../lib/gcc/riscv64-unknown-elf/8.3.0/../../../../riscv64-unknown-elf/lib/rv32imac/ilp32/libc_nano.a(lib_a-memset.o)
                0x0000000020023c72                memset
 .text._free_r  0x0000000020023c82       0xb0 /home/hjh/RISC-V/riscv64-unknown-elf-gcc-8.3.0-2020.04.0-x86_64-linux-ubuntu14/bin/../lib/gcc/riscv64-unknown-elf/8.3.0/../../../../riscv64-unknown-elf/lib/rv32imac/ilp32/libc_nano.a(lib_a-nano-freer.o)
                0x0000000020023c82                _free_r
 .text._malloc_r
                0x0000000020023d32       0xe4 /home/hjh/RISC-V/riscv64-unknown-elf-gcc-8.3.0-2020.04.0-x86_64-linux-ubuntu14/bin/../lib/gcc/riscv64-unknown-elf/8.3.0/../../../../riscv64-unknown-elf/lib/rv32imac/ilp32/libc_nano.a(lib_a-nano-mallocr.o)
                0x0000000020023d32                _malloc_r
 .text.printf   0x0000000020023e16       0x44 /home/hjh/RISC-V/riscv64-unknown-elf-gcc-8.3.0-2020.04.0-x86_64-linux-ubuntu14/bin/../lib/gcc/riscv64-unknown-elf/8.3.0/../../../../riscv64-unknown-elf/lib/rv32imac/ilp32/libc_nano.a(lib_a-printf.o)
                0x0000000020023e16                printf
                0x0000000020023e16                iprintf
 .text._puts_r  0x0000000020023e5a       0xda /home/hjh/RISC-V/riscv64-unknown-elf-gcc-8.3.0-2020.04.0-x86_64-linux-ubuntu14/bin/../lib/gcc/riscv64-unknown-elf/8.3.0/../../../../riscv64-unknown-elf/lib/rv32imac/ilp32/libc_nano.a(lib_a-puts.o)
                0x0000000020023e5a                _puts_r
 .text.puts     0x0000000020023f34        0xe /home/hjh/RISC-V/riscv64-unknown-elf-gcc-8.3.0-2020.04.0-x86_64-linux-ubuntu14/bin/../lib/gcc/riscv64-unknown-elf/8.3.0/../../../../riscv64-unknown-elf/lib/rv32imac/ilp32/libc_nano.a(lib_a-puts.o)
                0x0000000020023f34                puts
 .text._sbrk_r  0x0000000020023f42       0x2a /home/hjh/RISC-V/riscv64-unknown-elf-gcc-8.3.0-2020.04.0-x86_64-linux-ubuntu14/bin/../lib/gcc/riscv64-unknown-elf/8.3.0/../../../../riscv64-unknown-elf/lib/rv32imac/ilp32/libc_nano.a(lib_a-sbrkr.o)
                0x0000000020023f42                _sbrk_r
 .text.__swbuf_r
                0x0000000020023f6c       0xc0 /home/hjh/RISC-V/riscv64-unknown-elf-gcc-8.3.0-2020.04.0-x86_64-linux-ubuntu14/bin/../lib/gcc/riscv64-unknown-elf/8.3.0/../../../../riscv64-unknown-elf/lib/rv32imac/ilp32/libc_nano.a(lib_a-wbuf.o)
                0x0000000020023f6c                __swbuf_r
 .text.__swsetup_r
                0x000000002002402c      0x112 /home/hjh/RISC-V/riscv64-unknown-elf-gcc-8.3.0-2020.04.0-x86_64-linux-ubuntu14/bin/../lib/gcc/riscv64-unknown-elf/8.3.0/../../../../riscv64-unknown-elf/lib/rv32imac/ilp32/libc_nano.a(lib_a-wsetup.o)
                0x000000002002402c                __swsetup_r
 .text.__sflush_r
                0x000000002002413e      0x14c /home/hjh/RISC-V/riscv64-unknown-elf-gcc-8.3.0-2020.04.0-x86_64-linux-ubuntu14/bin/../lib/gcc/riscv64-unknown-elf/8.3.0/../../../../riscv64-unknown-elf/lib/rv32imac/ilp32/libc_nano.a(lib_a-fflush.o)
                0x000000002002413e                __sflush_r
 .text._fflush_r
                0x000000002002428a       0x64 /home/hjh/RISC-V/riscv64-unknown-elf-gcc-8.3.0-2020.04.0-x86_64-linux-ubuntu14/bin/../lib/gcc/riscv64-unknown-elf/8.3.0/../../../../riscv64-unknown-elf/lib/rv32imac/ilp32/libc_nano.a(lib_a-fflush.o)
                0x000000002002428a                _fflush_r
 .text.std      0x00000000200242ee       0x6a /home/hjh/RISC-V/riscv64-unknown-elf-gcc-8.3.0-2020.04.0-x86_64-linux-ubuntu14/bin/../lib/gcc/riscv64-unknown-elf/8.3.0/../../../../riscv64-unknown-elf/lib/rv32imac/ilp32/libc_nano.a(lib_a-findfp.o)
 .text._cleanup_r
                0x0000000020024358        0xa /home/hjh/RISC-V/riscv64-unknown-elf-gcc-8.3.0-2020.04.0-x86_64-linux-ubuntu14/bin/../lib/gcc/riscv64-unknown-elf/8.3.0/../../../../riscv64-unknown-elf/lib/rv32imac/ilp32/libc_nano.a(lib_a-findfp.o)
                0x0000000020024358                _cleanup_r
 .text.__sfmoreglue
                0x0000000020024362       0x48 /home/hjh/RISC-V/riscv64-unknown-elf-gcc-8.3.0-2020.04.0-x86_64-linux-ubuntu14/bin/../lib/gcc/riscv64-unknown-elf/8.3.0/../../../../riscv64-unknown-elf/lib/rv32imac/ilp32/libc_nano.a(lib_a-findfp.o)
                0x0000000020024362                __sfmoreglue
 .text.__sinit  0x00000000200243aa       0x6a /home/hjh/RISC-V/riscv64-unknown-elf-gcc-8.3.0-2020.04.0-x86_64-linux-ubuntu14/bin/../lib/gcc/riscv64-unknown-elf/8.3.0/../../../../riscv64-unknown-elf/lib/rv32imac/ilp32/libc_nano.a(lib_a-findfp.o)
                0x00000000200243aa                __sinit
 .text.__sfp    0x0000000020024414       0xa0 /home/hjh/RISC-V/riscv64-unknown-elf-gcc-8.3.0-2020.04.0-x86_64-linux-ubuntu14/bin/../lib/gcc/riscv64-unknown-elf/8.3.0/../../../../riscv64-unknown-elf/lib/rv32imac/ilp32/libc_nano.a(lib_a-findfp.o)
                0x0000000020024414                __sfp
 .text._fwalk_reent
                0x00000000200244b4       0x6c /home/hjh/RISC-V/riscv64-unknown-elf-gcc-8.3.0-2020.04.0-x86_64-linux-ubuntu14/bin/../lib/gcc/riscv64-unknown-elf/8.3.0/../../../../riscv64-unknown-elf/lib/rv32imac/ilp32/libc_nano.a(lib_a-fwalk.o)
                0x00000000200244b4                _fwalk_reent
 .text.__swhatbuf_r
                0x0000000020024520       0x58 /home/hjh/RISC-V/riscv64-unknown-elf-gcc-8.3.0-2020.04.0-x86_64-linux-ubuntu14/bin/../lib/gcc/riscv64-unknown-elf/8.3.0/../../../../riscv64-unknown-elf/lib/rv32imac/ilp32/libc_nano.a(lib_a-makebuf.o)
                0x0000000020024520                __swhatbuf_r
 .text.__smakebuf_r
                0x0000000020024578       0x9e /home/hjh/RISC-V/riscv64-unknown-elf-gcc-8.3.0-2020.04.0-x86_64-linux-ubuntu14/bin/../lib/gcc/riscv64-unknown-elf/8.3.0/../../../../riscv64-unknown-elf/lib/rv32imac/ilp32/libc_nano.a(lib_a-makebuf.o)
                0x0000000020024578                __smakebuf_r
 .text.__malloc_lock
                0x0000000020024616        0x2 /home/hjh/RISC-V/riscv64-unknown-elf-gcc-8.3.0-2020.04.0-x86_64-linux-ubuntu14/bin/../lib/gcc/riscv64-unknown-elf/8.3.0/../../../../riscv64-unknown-elf/lib/rv32imac/ilp32/libc_nano.a(lib_a-mlock.o)
                0x0000000020024616                __malloc_lock
 .text.__malloc_unlock
                0x0000000020024618        0x2 /home/hjh/RISC-V/riscv64-unknown-elf-gcc-8.3.0-2020.04.0-x86_64-linux-ubuntu14/bin/../lib/gcc/riscv64-unknown-elf/8.3.0/../../../../riscv64-unknown-elf/lib/rv32imac/ilp32/libc_nano.a(lib_a-mlock.o)
                0x0000000020024618                __malloc_unlock
 .text.__sfputc_r
                0x000000002002461a       0x2a /home/hjh/RISC-V/riscv64-unknown-elf-gcc-8.3.0-2020.04.0-x86_64-linux-ubuntu14/bin/../lib/gcc/riscv64-unknown-elf/8.3.0/../../../../riscv64-unknown-elf/lib/rv32imac/ilp32/libc_nano.a(lib_a-nano-vfprintf.o)
 .text.__sfputs_r
                0x0000000020024644       0x42 /home/hjh/RISC-V/riscv64-unknown-elf-gcc-8.3.0-2020.04.0-x86_64-linux-ubuntu14/bin/../lib/gcc/riscv64-unknown-elf/8.3.0/../../../../riscv64-unknown-elf/lib/rv32imac/ilp32/libc_nano.a(lib_a-nano-vfprintf.o)
                0x0000000020024644                __sfputs_r
 .text._vfprintf_r
                0x0000000020024686      0x29a /home/hjh/RISC-V/riscv64-unknown-elf-gcc-8.3.0-2020.04.0-x86_64-linux-ubuntu14/bin/../lib/gcc/riscv64-unknown-elf/8.3.0/../../../../riscv64-unknown-elf/lib/rv32imac/ilp32/libc_nano.a(lib_a-nano-vfprintf.o)
                0x0000000020024686                _vfiprintf_r
                0x0000000020024686                _vfprintf_r
 .text.__sread  0x0000000020024920       0x30 /home/hjh/RISC-V/riscv64-unknown-elf-gcc-8.3.0-2020.04.0-x86_64-linux-ubuntu14/bin/../lib/gcc/riscv64-unknown-elf/8.3.0/../../../../riscv64-unknown-elf/lib/rv32imac/ilp32/libc_nano.a(lib_a-stdio.o)
                0x0000000020024920                __sread
 .text.__swrite
                0x0000000020024950       0x4e /home/hjh/RISC-V/riscv64-unknown-elf-gcc-8.3.0-2020.04.0-x86_64-linux-ubuntu14/bin/../lib/gcc/riscv64-unknown-elf/8.3.0/../../../../riscv64-unknown-elf/lib/rv32imac/ilp32/libc_nano.a(lib_a-stdio.o)
                0x0000000020024950                __swrite
 .text.__sseek  0x000000002002499e       0x36 /home/hjh/RISC-V/riscv64-unknown-elf-gcc-8.3.0-2020.04.0-x86_64-linux-ubuntu14/bin/../lib/gcc/riscv64-unknown-elf/8.3.0/../../../../riscv64-unknown-elf/lib/rv32imac/ilp32/libc_nano.a(lib_a-stdio.o)
                0x000000002002499e                __sseek
 .text.__sclose
                0x00000000200249d4        0x6 /home/hjh/RISC-V/riscv64-unknown-elf-gcc-8.3.0-2020.04.0-x86_64-linux-ubuntu14/bin/../lib/gcc/riscv64-unknown-elf/8.3.0/../../../../riscv64-unknown-elf/lib/rv32imac/ilp32/libc_nano.a(lib_a-stdio.o)
                0x00000000200249d4                __sclose
 .text._write_r
                0x00000000200249da       0x2e /home/hjh/RISC-V/riscv64-unknown-elf-gcc-8.3.0-2020.04.0-x86_64-linux-ubuntu14/bin/../lib/gcc/riscv64-unknown-elf/8.3.0/../../../../riscv64-unknown-elf/lib/rv32imac/ilp32/libc_nano.a(lib_a-writer.o)
                0x00000000200249da                _write_r
 .text._close_r
                0x0000000020024a08       0x2a /home/hjh/RISC-V/riscv64-unknown-elf-gcc-8.3.0-2020.04.0-x86_64-linux-ubuntu14/bin/../lib/gcc/riscv64-unknown-elf/8.3.0/../../../../riscv64-unknown-elf/lib/rv32imac/ilp32/libc_nano.a(lib_a-closer.o)
                0x0000000020024a08                _close_r
 .text._fstat_r
                0x0000000020024a32       0x2c /home/hjh/RISC-V/riscv64-unknown-elf-gcc-8.3.0-2020.04.0-x86_64-linux-ubuntu14/bin/../lib/gcc/riscv64-unknown-elf/8.3.0/../../../../riscv64-unknown-elf/lib/rv32imac/ilp32/libc_nano.a(lib_a-fstatr.o)
                0x0000000020024a32                _fstat_r
 .text._isatty_r
                0x0000000020024a5e       0x2a /home/hjh/RISC-V/riscv64-unknown-elf-gcc-8.3.0-2020.04.0-x86_64-linux-ubuntu14/bin/../lib/gcc/riscv64-unknown-elf/8.3.0/../../../../riscv64-unknown-elf/lib/rv32imac/ilp32/libc_nano.a(lib_a-isattyr.o)
                0x0000000020024a5e                _isatty_r
 .text._lseek_r
                0x0000000020024a88       0x2e /home/hjh/RISC-V/riscv64-unknown-elf-gcc-8.3.0-2020.04.0-x86_64-linux-ubuntu14/bin/../lib/gcc/riscv64-unknown-elf/8.3.0/../../../../riscv64-unknown-elf/lib/rv32imac/ilp32/libc_nano.a(lib_a-lseekr.o)
                0x0000000020024a88                _lseek_r
 .text.memchr   0x0000000020024ab6       0x1a /home/hjh/RISC-V/riscv64-unknown-elf-gcc-8.3.0-2020.04.0-x86_64-linux-ubuntu14/bin/../lib/gcc/riscv64-unknown-elf/8.3.0/../../../../riscv64-unknown-elf/lib/rv32imac/ilp32/libc_nano.a(lib_a-memchr.o)
                0x0000000020024ab6                memchr
 .text._printf_common
                0x0000000020024ad0      0x10c /home/hjh/RISC-V/riscv64-unknown-elf-gcc-8.3.0-2020.04.0-x86_64-linux-ubuntu14/bin/../lib/gcc/riscv64-unknown-elf/8.3.0/../../../../riscv64-unknown-elf/lib/rv32imac/ilp32/libc_nano.a(lib_a-nano-vfprintf_i.o)
                0x0000000020024ad0                _printf_common
 .text._printf_i
                0x0000000020024bdc      0x2a6 /home/hjh/RISC-V/riscv64-unknown-elf-gcc-8.3.0-2020.04.0-x86_64-linux-ubuntu14/bin/../lib/gcc/riscv64-unknown-elf/8.3.0/../../../../riscv64-unknown-elf/lib/rv32imac/ilp32/libc_nano.a(lib_a-nano-vfprintf_i.o)
                0x0000000020024bdc                _printf_i
 .text._read_r  0x0000000020024e82       0x2c /home/hjh/RISC-V/riscv64-unknown-elf-gcc-8.3.0-2020.04.0-x86_64-linux-ubuntu14/bin/../lib/gcc/riscv64-unknown-elf/8.3.0/../../../../riscv64-unknown-elf/lib/rv32imac/ilp32/libc_nano.a(lib_a-readr.o)
                0x0000000020024e82                _read_r
 .text          0x0000000020024eae      0x35e /home/hjh/RISC-V/riscv64-unknown-elf-gcc-8.3.0-2020.04.0-x86_64-linux-ubuntu14/bin/../lib/gcc/riscv64-unknown-elf/8.3.0/rv32imac/ilp32/libgcc.a(_udivdi3.o)
                0x0000000020024eae                __udivdi3
 .text          0x000000002002520c      0x352 /home/hjh/RISC-V/riscv64-unknown-elf-gcc-8.3.0-2020.04.0-x86_64-linux-ubuntu14/bin/../lib/gcc/riscv64-unknown-elf/8.3.0/rv32imac/ilp32/libgcc.a(_umoddi3.o)
                0x000000002002520c                __umoddi3
 .text._close   0x000000002002555e       0x14 /home/hjh/Documents/Kyber_RV_M3/RISC-V/common//libmetal-gloss.a(sys_close.o)
                0x000000002002555e                _close
 .text._exit    0x0000000020025572        0x6 /home/hjh/Documents/Kyber_RV_M3/RISC-V/common//libmetal-gloss.a(sys_exit.o)
                0x0000000020025572                _exit
 .text._fstat   0x0000000020025578       0x14 /home/hjh/Documents/Kyber_RV_M3/RISC-V/common//libmetal-gloss.a(sys_fstat.o)
                0x0000000020025578                _fstat
 .text._isatty  0x000000002002558c        0x8 /home/hjh/Documents/Kyber_RV_M3/RISC-V/common//libmetal-gloss.a(sys_isatty.o)
                0x000000002002558c                _isatty
 .text._lseek   0x0000000020025594       0x14 /home/hjh/Documents/Kyber_RV_M3/RISC-V/common//libmetal-gloss.a(sys_lseek.o)
                0x0000000020025594                _lseek
 .text._read    0x00000000200255a8       0x14 /home/hjh/Documents/Kyber_RV_M3/RISC-V/common//libmetal-gloss.a(sys_read.o)
                0x00000000200255a8                _read
 .text._sbrk    0x00000000200255bc       0x56 /home/hjh/Documents/Kyber_RV_M3/RISC-V/common//libmetal-gloss.a(sys_sbrk.o)
                0x00000000200255bc                _sbrk
 .text._write   0x0000000020025612       0x3a /home/hjh/Documents/Kyber_RV_M3/RISC-V/common//libmetal-gloss.a(sys_write.o)
                0x0000000020025612                write
                0x0000000020025612                _write
 .text.atexit   0x000000002002564c        0xa /home/hjh/RISC-V/riscv64-unknown-elf-gcc-8.3.0-2020.04.0-x86_64-linux-ubuntu14/bin/../lib/gcc/riscv64-unknown-elf/8.3.0/../../../../riscv64-unknown-elf/lib/rv32imac/ilp32/libc_nano.a(lib_a-atexit.o)
                0x000000002002564c                atexit
 .text.__errno  0x0000000020025656        0xc /home/hjh/RISC-V/riscv64-unknown-elf-gcc-8.3.0-2020.04.0-x86_64-linux-ubuntu14/bin/../lib/gcc/riscv64-unknown-elf/8.3.0/../../../../riscv64-unknown-elf/lib/rv32imac/ilp32/libc_nano.a(lib_a-errno.o)
                0x0000000020025656                __errno
 .text.__libc_fini_array
                0x0000000020025662       0x38 /home/hjh/RISC-V/riscv64-unknown-elf-gcc-8.3.0-2020.04.0-x86_64-linux-ubuntu14/bin/../lib/gcc/riscv64-unknown-elf/8.3.0/../../../../riscv64-unknown-elf/lib/rv32imac/ilp32/libc_nano.a(lib_a-fini.o)
                0x0000000020025662                __libc_fini_array
 .text.__libc_init_array
                0x000000002002569a       0x6a /home/hjh/RISC-V/riscv64-unknown-elf-gcc-8.3.0-2020.04.0-x86_64-linux-ubuntu14/bin/../lib/gcc/riscv64-unknown-elf/8.3.0/../../../../riscv64-unknown-elf/lib/rv32imac/ilp32/libc_nano.a(lib_a-init.o)
                0x000000002002569a                __libc_init_array
 .text.__register_exitproc
                0x0000000020025704       0x84 /home/hjh/RISC-V/riscv64-unknown-elf-gcc-8.3.0-2020.04.0-x86_64-linux-ubuntu14/bin/../lib/gcc/riscv64-unknown-elf/8.3.0/../../../../riscv64-unknown-elf/lib/rv32imac/ilp32/libc_nano.a(lib_a-__atexit.o)
                0x0000000020025704                __register_exitproc
 .text.__call_exitprocs
                0x0000000020025788       0xc8 /home/hjh/RISC-V/riscv64-unknown-elf-gcc-8.3.0-2020.04.0-x86_64-linux-ubuntu14/bin/../lib/gcc/riscv64-unknown-elf/8.3.0/../../../../riscv64-unknown-elf/lib/rv32imac/ilp32/libc_nano.a(lib_a-__call_atexit.o)
                0x0000000020025788                __call_exitprocs
 .text.metal_init_run
                0x0000000020025850       0x4a /home/hjh/Documents/Kyber_RV_M3/RISC-V/common//libmetal.a(init.o)
                0x0000000020025850                metal_init_run
 .text.metal_fini_run
                0x000000002002589a       0x4a /home/hjh/Documents/Kyber_RV_M3/RISC-V/common//libmetal.a(init.o)
                0x000000002002589a                metal_fini_run
 .text.metal_shutdown
                0x00000000200258e4        0x4 /home/hjh/Documents/Kyber_RV_M3/RISC-V/common//libmetal.a(shutdown.o)
                0x00000000200258e4                metal_shutdown
 .text.metal_tty_putc
                0x00000000200258e8       0x14 /home/hjh/Documents/Kyber_RV_M3/RISC-V/common//libmetal.a(tty.o)
                0x00000000200258e8                metal_tty_putc
 .text.__metal_driver_riscv_clint0_mtimecmp_set
                0x00000000200258fc       0x2a /home/hjh/Documents/Kyber_RV_M3/RISC-V/common//libmetal.a(riscv_clint0.o)
                0x00000000200258fc                __metal_driver_riscv_clint0_mtimecmp_set
 .text.__metal_driver_riscv_clint0_init
                0x0000000020025926       0x66 /home/hjh/Documents/Kyber_RV_M3/RISC-V/common//libmetal.a(riscv_clint0.o)
                0x0000000020025926                __metal_driver_riscv_clint0_init
 .text.__metal_driver_riscv_clint0_vector_register
                0x000000002002598c        0x4 /home/hjh/Documents/Kyber_RV_M3/RISC-V/common//libmetal.a(riscv_clint0.o)
                0x000000002002598c                __metal_driver_riscv_clint0_vector_register
 .text.__metal_driver_riscv_clint0_command_request
                0x0000000020025990       0x92 /home/hjh/Documents/Kyber_RV_M3/RISC-V/common//libmetal.a(riscv_clint0.o)
                0x0000000020025990                __metal_driver_riscv_clint0_command_request
 .text.__metal_driver_riscv_clint0_get_vector_mode
                0x0000000020025a22        0x4 /home/hjh/Documents/Kyber_RV_M3/RISC-V/common//libmetal.a(riscv_clint0.o)
                0x0000000020025a22                __metal_driver_riscv_clint0_get_vector_mode
 .text.__metal_driver_riscv_clint0_register
                0x0000000020025a26       0x86 /home/hjh/Documents/Kyber_RV_M3/RISC-V/common//libmetal.a(riscv_clint0.o)
                0x0000000020025a26                __metal_driver_riscv_clint0_register
 .text.__metal_driver_riscv_clint0_clear_interrupt
                0x0000000020025aac       0x30 /home/hjh/Documents/Kyber_RV_M3/RISC-V/common//libmetal.a(riscv_clint0.o)
                0x0000000020025aac                __metal_driver_riscv_clint0_clear_interrupt
 .text.__metal_driver_riscv_clint0_set_interrupt
                0x0000000020025adc       0x36 /home/hjh/Documents/Kyber_RV_M3/RISC-V/common//libmetal.a(riscv_clint0.o)
                0x0000000020025adc                __metal_driver_riscv_clint0_set_interrupt
 .text.__metal_driver_riscv_clint0_set_vector_mode
                0x0000000020025b12       0x38 /home/hjh/Documents/Kyber_RV_M3/RISC-V/common//libmetal.a(riscv_clint0.o)
                0x0000000020025b12                __metal_driver_riscv_clint0_set_vector_mode
 .text.__metal_driver_riscv_clint0_enable
                0x0000000020025b4a       0x66 /home/hjh/Documents/Kyber_RV_M3/RISC-V/common//libmetal.a(riscv_clint0.o)
                0x0000000020025b4a                __metal_driver_riscv_clint0_enable
 .text.__metal_driver_riscv_clint0_disable
                0x0000000020025bb0       0x66 /home/hjh/Documents/Kyber_RV_M3/RISC-V/common//libmetal.a(riscv_clint0.o)
                0x0000000020025bb0                __metal_driver_riscv_clint0_disable
 .text.__metal_default_sw_handler
                0x0000000020025c16       0x44 /home/hjh/Documents/Kyber_RV_M3/RISC-V/common//libmetal.a(riscv_cpu.o)
                0x0000000020025c16                __metal_default_sw_handler
 .text.__metal_default_beu_handler
                0x0000000020025c5a        0x2 /home/hjh/Documents/Kyber_RV_M3/RISC-V/common//libmetal.a(riscv_cpu.o)
                0x0000000020025c5a                __metal_default_beu_handler
 *fill*         0x0000000020025c5c       0x24 
 .text.__metal_exception_handler
                0x0000000020025c80       0xfa /home/hjh/Documents/Kyber_RV_M3/RISC-V/common//libmetal.a(riscv_cpu.o)
                0x0000000020025c80                __metal_exception_handler
 .text.__metal_driver_riscv_cpu_controller_get_vector_mode
                0x0000000020025d7a       0x22 /home/hjh/Documents/Kyber_RV_M3/RISC-V/common//libmetal.a(riscv_cpu.o)
                0x0000000020025d7a                __metal_driver_riscv_cpu_controller_get_vector_mode
 .text.__metal_driver_riscv_cpu_controller_command_request
                0x0000000020025d9c        0x4 /home/hjh/Documents/Kyber_RV_M3/RISC-V/common//libmetal.a(riscv_cpu.o)
                0x0000000020025d9c                __metal_driver_riscv_cpu_controller_command_request
 .text.__metal_driver_cpu_mcycle_get
                0x0000000020025da0       0x12 /home/hjh/Documents/Kyber_RV_M3/RISC-V/common//libmetal.a(riscv_cpu.o)
                0x0000000020025da0                __metal_driver_cpu_mcycle_get
 .text.__metal_driver_cpu_timebase_get
                0x0000000020025db2       0x1c /home/hjh/Documents/Kyber_RV_M3/RISC-V/common//libmetal.a(riscv_cpu.o)
                0x0000000020025db2                __metal_driver_cpu_timebase_get
 .text.__metal_driver_cpu_mtime_get
                0x0000000020025dce       0x42 /home/hjh/Documents/Kyber_RV_M3/RISC-V/common//libmetal.a(riscv_cpu.o)
                0x0000000020025dce                __metal_driver_cpu_mtime_get
 .text.__metal_driver_cpu_timer_controller_interrupt
                0x0000000020025e10        0xa /home/hjh/Documents/Kyber_RV_M3/RISC-V/common//libmetal.a(riscv_cpu.o)
                0x0000000020025e10                __metal_driver_cpu_timer_controller_interrupt
 .text.__metal_driver_cpu_get_timer_interrupt_id
                0x0000000020025e1a        0x4 /home/hjh/Documents/Kyber_RV_M3/RISC-V/common//libmetal.a(riscv_cpu.o)
                0x0000000020025e1a                __metal_driver_cpu_get_timer_interrupt_id
 .text.__metal_driver_cpu_get_sw_interrupt_id
                0x0000000020025e1e        0x4 /home/hjh/Documents/Kyber_RV_M3/RISC-V/common//libmetal.a(riscv_cpu.o)
                0x0000000020025e1e                __metal_driver_cpu_get_sw_interrupt_id
 .text.__metal_driver_cpu_set_sw_ipi
                0x0000000020025e22       0x30 /home/hjh/Documents/Kyber_RV_M3/RISC-V/common//libmetal.a(riscv_cpu.o)
                0x0000000020025e22                __metal_driver_cpu_set_sw_ipi
 .text.__metal_driver_cpu_clear_sw_ipi
                0x0000000020025e52       0x30 /home/hjh/Documents/Kyber_RV_M3/RISC-V/common//libmetal.a(riscv_cpu.o)
                0x0000000020025e52                __metal_driver_cpu_clear_sw_ipi
 .text.__metal_driver_cpu_get_msip
                0x0000000020025e82       0x34 /home/hjh/Documents/Kyber_RV_M3/RISC-V/common//libmetal.a(riscv_cpu.o)
                0x0000000020025e82                __metal_driver_cpu_get_msip
 .text.__metal_driver_cpu_controller_interrupt
                0x0000000020025eb6       0x16 /home/hjh/Documents/Kyber_RV_M3/RISC-V/common//libmetal.a(riscv_cpu.o)
                0x0000000020025eb6                __metal_driver_cpu_controller_interrupt
 .text.__metal_driver_cpu_get_instruction_length
                0x0000000020025ecc       0x12 /home/hjh/Documents/Kyber_RV_M3/RISC-V/common//libmetal.a(riscv_cpu.o)
                0x0000000020025ecc                __metal_driver_cpu_get_instruction_length
 .text.__metal_driver_cpu_get_exception_pc
                0x0000000020025ede        0x6 /home/hjh/Documents/Kyber_RV_M3/RISC-V/common//libmetal.a(riscv_cpu.o)
                0x0000000020025ede                __metal_driver_cpu_get_exception_pc
 .text.__metal_driver_cpu_set_exception_pc
                0x0000000020025ee4        0x8 /home/hjh/Documents/Kyber_RV_M3/RISC-V/common//libmetal.a(riscv_cpu.o)
                0x0000000020025ee4                __metal_driver_cpu_set_exception_pc
 .text.__metal_driver_cpu_get_buserror
                0x0000000020025eec        0x4 /home/hjh/Documents/Kyber_RV_M3/RISC-V/common//libmetal.a(riscv_cpu.o)
                0x0000000020025eec                __metal_driver_cpu_get_buserror
 .text.__metal_default_exception_handler
                0x0000000020025ef0        0xc /home/hjh/Documents/Kyber_RV_M3/RISC-V/common//libmetal.a(riscv_cpu.o)
                0x0000000020025ef0                __metal_default_exception_handler
 .text.__metal_default_interrupt_handler
                0x0000000020025efc        0xc /home/hjh/Documents/Kyber_RV_M3/RISC-V/common//libmetal.a(riscv_cpu.o)
                0x0000000020025efc                __metal_default_interrupt_handler
 .text.__metal_default_timer_handler
                0x0000000020025f08       0x66 /home/hjh/Documents/Kyber_RV_M3/RISC-V/common//libmetal.a(riscv_cpu.o)
                0x0000000020025f08                __metal_default_timer_handler
 .text.__metal_driver_riscv_cpu_controller_interrupt_init
                0x0000000020025f6e       0x84 /home/hjh/Documents/Kyber_RV_M3/RISC-V/common//libmetal.a(riscv_cpu.o)
                0x0000000020025f6e                __metal_driver_riscv_cpu_controller_interrupt_init
 .text.__metal_driver_riscv_cpu_controller_interrupt_register
                0x0000000020025ff2      0x100 /home/hjh/Documents/Kyber_RV_M3/RISC-V/common//libmetal.a(riscv_cpu.o)
                0x0000000020025ff2                __metal_driver_riscv_cpu_controller_interrupt_register
 .text.__metal_driver_cpu_exception_register
                0x00000000200260f2       0x2a /home/hjh/Documents/Kyber_RV_M3/RISC-V/common//libmetal.a(riscv_cpu.o)
                0x00000000200260f2                __metal_driver_cpu_exception_register
 .text.__metal_driver_cpu_sw_controller_interrupt
                0x000000002002611c        0xa /home/hjh/Documents/Kyber_RV_M3/RISC-V/common//libmetal.a(riscv_cpu.o)
                0x000000002002611c                __metal_driver_cpu_sw_controller_interrupt
 .text.__metal_driver_riscv_cpu_controller_set_vector_mode
                0x0000000020026126       0x3a /home/hjh/Documents/Kyber_RV_M3/RISC-V/common//libmetal.a(riscv_cpu.o)
                0x0000000020026126                __metal_driver_riscv_cpu_controller_set_vector_mode
 .text.__metal_driver_cpu_mtimecmp_set
                0x0000000020026160       0x24 /home/hjh/Documents/Kyber_RV_M3/RISC-V/common//libmetal.a(riscv_cpu.o)
                0x0000000020026160                __metal_driver_cpu_mtimecmp_set
 .text.__metal_driver_riscv_cpu_controller_interrupt_disable
                0x0000000020026184       0x5a /home/hjh/Documents/Kyber_RV_M3/RISC-V/common//libmetal.a(riscv_cpu.o)
                0x0000000020026184                __metal_driver_riscv_cpu_controller_interrupt_disable
 .text.__metal_driver_riscv_cpu_controller_interrupt_enable
                0x00000000200261de       0x5a /home/hjh/Documents/Kyber_RV_M3/RISC-V/common//libmetal.a(riscv_cpu.o)
                0x00000000200261de                __metal_driver_riscv_cpu_controller_interrupt_enable
 .text.__metal_myhart_id
                0x0000000020026238        0x6 /home/hjh/Documents/Kyber_RV_M3/RISC-V/common//libmetal.a(riscv_cpu.o)
                0x0000000020026238                __metal_myhart_id
 .text.metal_interrupt_vector_handler
                0x000000002002623e       0x2a /home/hjh/Documents/Kyber_RV_M3/RISC-V/common//libmetal.a(riscv_cpu.o)
                0x000000002002623e                metal_interrupt_vector_handler
 .text.metal_software_interrupt_vector_handler
                0x0000000020026268       0x7c /home/hjh/Documents/Kyber_RV_M3/RISC-V/common//libmetal.a(riscv_cpu.o)
                0x0000000020026268                metal_software_interrupt_vector_handler
 .text.metal_timer_interrupt_vector_handler
                0x00000000200262e4       0x7c /home/hjh/Documents/Kyber_RV_M3/RISC-V/common//libmetal.a(riscv_cpu.o)
                0x00000000200262e4                metal_timer_interrupt_vector_handler
 .text.metal_lc0_interrupt_vector_handler
                0x0000000020026360       0x7c /home/hjh/Documents/Kyber_RV_M3/RISC-V/common//libmetal.a(riscv_cpu.o)
                0x0000000020026360                metal_lc0_interrupt_vector_handler
 .text.metal_lc1_interrupt_vector_handler
                0x00000000200263dc       0x7c /home/hjh/Documents/Kyber_RV_M3/RISC-V/common//libmetal.a(riscv_cpu.o)
                0x00000000200263dc                metal_lc1_interrupt_vector_handler
 .text.metal_lc2_interrupt_vector_handler
                0x0000000020026458       0x7c /home/hjh/Documents/Kyber_RV_M3/RISC-V/common//libmetal.a(riscv_cpu.o)
                0x0000000020026458                metal_lc2_interrupt_vector_handler
 .text.metal_lc3_interrupt_vector_handler
                0x00000000200264d4       0x7c /home/hjh/Documents/Kyber_RV_M3/RISC-V/common//libmetal.a(riscv_cpu.o)
                0x00000000200264d4                metal_lc3_interrupt_vector_handler
 .text.metal_lc4_interrupt_vector_handler
                0x0000000020026550       0x7c /home/hjh/Documents/Kyber_RV_M3/RISC-V/common//libmetal.a(riscv_cpu.o)
                0x0000000020026550                metal_lc4_interrupt_vector_handler
 .text.metal_lc5_interrupt_vector_handler
                0x00000000200265cc       0x7c /home/hjh/Documents/Kyber_RV_M3/RISC-V/common//libmetal.a(riscv_cpu.o)
                0x00000000200265cc                metal_lc5_interrupt_vector_handler
 .text.metal_lc6_interrupt_vector_handler
                0x0000000020026648       0x7c /home/hjh/Documents/Kyber_RV_M3/RISC-V/common//libmetal.a(riscv_cpu.o)
                0x0000000020026648                metal_lc6_interrupt_vector_handler
 .text.metal_lc7_interrupt_vector_handler
                0x00000000200266c4       0x7c /home/hjh/Documents/Kyber_RV_M3/RISC-V/common//libmetal.a(riscv_cpu.o)
                0x00000000200266c4                metal_lc7_interrupt_vector_handler
 .text.metal_lc8_interrupt_vector_handler
                0x0000000020026740       0x7c /home/hjh/Documents/Kyber_RV_M3/RISC-V/common//libmetal.a(riscv_cpu.o)
                0x0000000020026740                metal_lc8_interrupt_vector_handler
 .text.metal_lc9_interrupt_vector_handler
                0x00000000200267bc       0x7c /home/hjh/Documents/Kyber_RV_M3/RISC-V/common//libmetal.a(riscv_cpu.o)
                0x00000000200267bc                metal_lc9_interrupt_vector_handler
 .text.metal_lc10_interrupt_vector_handler
                0x0000000020026838       0x7c /home/hjh/Documents/Kyber_RV_M3/RISC-V/common//libmetal.a(riscv_cpu.o)
                0x0000000020026838                metal_lc10_interrupt_vector_handler
 .text.metal_lc11_interrupt_vector_handler
                0x00000000200268b4       0x7c /home/hjh/Documents/Kyber_RV_M3/RISC-V/common//libmetal.a(riscv_cpu.o)
                0x00000000200268b4                metal_lc11_interrupt_vector_handler
 .text.metal_lc12_interrupt_vector_handler
                0x0000000020026930       0x7c /home/hjh/Documents/Kyber_RV_M3/RISC-V/common//libmetal.a(riscv_cpu.o)
                0x0000000020026930                metal_lc12_interrupt_vector_handler
 .text.metal_lc13_interrupt_vector_handler
                0x00000000200269ac       0x7c /home/hjh/Documents/Kyber_RV_M3/RISC-V/common//libmetal.a(riscv_cpu.o)
                0x00000000200269ac                metal_lc13_interrupt_vector_handler
 .text.metal_lc14_interrupt_vector_handler
                0x0000000020026a28       0x7c /home/hjh/Documents/Kyber_RV_M3/RISC-V/common//libmetal.a(riscv_cpu.o)
                0x0000000020026a28                metal_lc14_interrupt_vector_handler
 .text.metal_lc15_interrupt_vector_handler
                0x0000000020026aa4       0x7c /home/hjh/Documents/Kyber_RV_M3/RISC-V/common//libmetal.a(riscv_cpu.o)
                0x0000000020026aa4                metal_lc15_interrupt_vector_handler
 .text.__metal_controller_interrupt_vector_mode
                0x0000000020026b20       0x22 /home/hjh/Documents/Kyber_RV_M3/RISC-V/common//libmetal.a(riscv_cpu.o)
                0x0000000020026b20                __metal_controller_interrupt_vector_mode
 .text.__metal_driver_riscv_plic0_set_priority
                0x0000000020026b42       0x24 /home/hjh/Documents/Kyber_RV_M3/RISC-V/common//libmetal.a(riscv_plic0.o)
                0x0000000020026b42                __metal_driver_riscv_plic0_set_priority
 .text.__metal_driver_riscv_plic0_get_priority
                0x0000000020026b66       0x22 /home/hjh/Documents/Kyber_RV_M3/RISC-V/common//libmetal.a(riscv_plic0.o)
                0x0000000020026b66                __metal_driver_riscv_plic0_get_priority
 .text.__metal_driver_riscv_plic0_register
                0x0000000020026b88       0x7a /home/hjh/Documents/Kyber_RV_M3/RISC-V/common//libmetal.a(riscv_plic0.o)
                0x0000000020026b88                __metal_driver_riscv_plic0_register
 .text.__metal_driver_riscv_plic0_affinity_enable
                0x0000000020026c02       0x5e /home/hjh/Documents/Kyber_RV_M3/RISC-V/common//libmetal.a(riscv_plic0.o)
                0x0000000020026c02                __metal_driver_riscv_plic0_affinity_enable
 .text.__metal_driver_riscv_plic0_affinity_disable
                0x0000000020026c60       0x60 /home/hjh/Documents/Kyber_RV_M3/RISC-V/common//libmetal.a(riscv_plic0.o)
                0x0000000020026c60                __metal_driver_riscv_plic0_affinity_disable
 .text.__metal_driver_riscv_plic0_affinity_set_threshold
                0x0000000020026cc0       0x2e /home/hjh/Documents/Kyber_RV_M3/RISC-V/common//libmetal.a(riscv_plic0.o)
                0x0000000020026cc0                __metal_driver_riscv_plic0_affinity_set_threshold
 .text.__metal_driver_riscv_plic0_affinity_get_threshold
                0x0000000020026cee       0x28 /home/hjh/Documents/Kyber_RV_M3/RISC-V/common//libmetal.a(riscv_plic0.o)
                0x0000000020026cee                __metal_driver_riscv_plic0_affinity_get_threshold
 .text.__metal_plic0_default_handler
                0x0000000020026d16        0xc /home/hjh/Documents/Kyber_RV_M3/RISC-V/common//libmetal.a(riscv_plic0.o)
                0x0000000020026d16                __metal_plic0_default_handler
 .text.__metal_plic0_handler
                0x0000000020026d22       0x7a /home/hjh/Documents/Kyber_RV_M3/RISC-V/common//libmetal.a(riscv_plic0.o)
                0x0000000020026d22                __metal_plic0_handler
 .text.__metal_driver_riscv_plic0_set_threshold
                0x0000000020026d9c       0x40 /home/hjh/Documents/Kyber_RV_M3/RISC-V/common//libmetal.a(riscv_plic0.o)
                0x0000000020026d9c                __metal_driver_riscv_plic0_set_threshold
 .text.__metal_driver_riscv_plic0_get_threshold
                0x0000000020026ddc       0x34 /home/hjh/Documents/Kyber_RV_M3/RISC-V/common//libmetal.a(riscv_plic0.o)
                0x0000000020026ddc                __metal_driver_riscv_plic0_get_threshold
 .text.__metal_driver_riscv_plic0_enable
                0x0000000020026e10       0x5a /home/hjh/Documents/Kyber_RV_M3/RISC-V/common//libmetal.a(riscv_plic0.o)
                0x0000000020026e10                __metal_driver_riscv_plic0_enable
 .text.__metal_driver_riscv_plic0_disable
                0x0000000020026e6a       0x5e /home/hjh/Documents/Kyber_RV_M3/RISC-V/common//libmetal.a(riscv_plic0.o)
                0x0000000020026e6a                __metal_driver_riscv_plic0_disable
 .text.__metal_driver_riscv_plic0_init
                0x0000000020026ec8      0x112 /home/hjh/Documents/Kyber_RV_M3/RISC-V/common//libmetal.a(riscv_plic0.o)
                0x0000000020026ec8                __metal_driver_riscv_plic0_init
 .text.__metal_driver_sifive_fe310_g000_hfrosc_get_rate_hz
                0x0000000020026fda       0x46 /home/hjh/Documents/Kyber_RV_M3/RISC-V/common//libmetal.a(sifive_fe310-g000_hfrosc.o)
                0x0000000020026fda                __metal_driver_sifive_fe310_g000_hfrosc_get_rate_hz
 .text.__metal_driver_sifive_fe310_g000_hfrosc_set_rate_hz
                0x0000000020027020       0x46 /home/hjh/Documents/Kyber_RV_M3/RISC-V/common//libmetal.a(sifive_fe310-g000_hfrosc.o)
                0x0000000020027020                __metal_driver_sifive_fe310_g000_hfrosc_set_rate_hz
 .text.__metal_driver_sifive_fe310_g000_hfxosc_get_rate_hz
                0x0000000020027066       0x3a /home/hjh/Documents/Kyber_RV_M3/RISC-V/common//libmetal.a(sifive_fe310-g000_hfxosc.o)
                0x0000000020027066                __metal_driver_sifive_fe310_g000_hfxosc_get_rate_hz
 .text.__metal_driver_sifive_fe310_g000_hfxosc_set_rate_hz
                0x00000000200270a0       0x3a /home/hjh/Documents/Kyber_RV_M3/RISC-V/common//libmetal.a(sifive_fe310-g000_hfxosc.o)
                0x00000000200270a0                __metal_driver_sifive_fe310_g000_hfxosc_set_rate_hz
 .text.__metal_driver_sifive_fe310_g000_pll_config_base
                0x00000000200270da        0x6 /home/hjh/Documents/Kyber_RV_M3/RISC-V/common//libmetal.a(sifive_fe310-g000_pll.o)
 .text.__metal_driver_sifive_fe310_g000_pll_config_offset
                0x00000000200270e0        0x4 /home/hjh/Documents/Kyber_RV_M3/RISC-V/common//libmetal.a(sifive_fe310-g000_pll.o)
 .text.__metal_driver_sifive_fe310_g000_pll_init
                0x00000000200270e4       0x66 /home/hjh/Documents/Kyber_RV_M3/RISC-V/common//libmetal.a(sifive_fe310-g000_pll.o)
                0x00000000200270e4                __metal_driver_sifive_fe310_g000_pll_init
 .text.__metal_driver_sifive_fe310_g000_pll_get_rate_hz
                0x000000002002714a       0xca /home/hjh/Documents/Kyber_RV_M3/RISC-V/common//libmetal.a(sifive_fe310-g000_pll.o)
                0x000000002002714a                __metal_driver_sifive_fe310_g000_pll_get_rate_hz
 .text.__metal_driver_sifive_fe310_g000_pll_set_rate_hz
                0x0000000020027214      0x1f8 /home/hjh/Documents/Kyber_RV_M3/RISC-V/common//libmetal.a(sifive_fe310-g000_pll.o)
                0x0000000020027214                __metal_driver_sifive_fe310_g000_pll_set_rate_hz
 .text.__metal_driver_sifive_fe310_g000_prci_get_reg
                0x000000002002740c        0xa /home/hjh/Documents/Kyber_RV_M3/RISC-V/common//libmetal.a(sifive_fe310-g000_prci.o)
                0x000000002002740c                __metal_driver_sifive_fe310_g000_prci_get_reg
 .text.__metal_driver_sifive_fe310_g000_prci_set_reg
                0x0000000020027416        0xc /home/hjh/Documents/Kyber_RV_M3/RISC-V/common//libmetal.a(sifive_fe310-g000_prci.o)
                0x0000000020027416                __metal_driver_sifive_fe310_g000_prci_set_reg
 .text.__metal_driver_sifive_gpio0_enable_input
                0x0000000020027422       0x24 /home/hjh/Documents/Kyber_RV_M3/RISC-V/common//libmetal.a(sifive_gpio0.o)
                0x0000000020027422                __metal_driver_sifive_gpio0_enable_input
 .text.__metal_driver_sifive_gpio0_disable_input
                0x0000000020027446       0x2c /home/hjh/Documents/Kyber_RV_M3/RISC-V/common//libmetal.a(sifive_gpio0.o)
                0x0000000020027446                __metal_driver_sifive_gpio0_disable_input
 .text.__metal_driver_sifive_gpio0_input
                0x0000000020027472       0x16 /home/hjh/Documents/Kyber_RV_M3/RISC-V/common//libmetal.a(sifive_gpio0.o)
                0x0000000020027472                __metal_driver_sifive_gpio0_input
 .text.__metal_driver_sifive_gpio0_output
                0x0000000020027488       0x18 /home/hjh/Documents/Kyber_RV_M3/RISC-V/common//libmetal.a(sifive_gpio0.o)
                0x0000000020027488                __metal_driver_sifive_gpio0_output
 .text.__metal_driver_sifive_gpio0_disable_output
                0x00000000200274a0       0x2c /home/hjh/Documents/Kyber_RV_M3/RISC-V/common//libmetal.a(sifive_gpio0.o)
                0x00000000200274a0                __metal_driver_sifive_gpio0_disable_output
 .text.__metal_driver_sifive_gpio0_enable_output
                0x00000000200274cc       0x24 /home/hjh/Documents/Kyber_RV_M3/RISC-V/common//libmetal.a(sifive_gpio0.o)
                0x00000000200274cc                __metal_driver_sifive_gpio0_enable_output
 .text.__metal_driver_sifive_gpio0_output_set
                0x00000000200274f0       0x24 /home/hjh/Documents/Kyber_RV_M3/RISC-V/common//libmetal.a(sifive_gpio0.o)
                0x00000000200274f0                __metal_driver_sifive_gpio0_output_set
 .text.__metal_driver_sifive_gpio0_output_clear
                0x0000000020027514       0x2c /home/hjh/Documents/Kyber_RV_M3/RISC-V/common//libmetal.a(sifive_gpio0.o)
                0x0000000020027514                __metal_driver_sifive_gpio0_output_clear
 .text.__metal_driver_sifive_gpio0_output_toggle
                0x0000000020027540       0x24 /home/hjh/Documents/Kyber_RV_M3/RISC-V/common//libmetal.a(sifive_gpio0.o)
                0x0000000020027540                __metal_driver_sifive_gpio0_output_toggle
 .text.__metal_driver_sifive_gpio0_enable_io
                0x0000000020027564       0x3c /home/hjh/Documents/Kyber_RV_M3/RISC-V/common//libmetal.a(sifive_gpio0.o)
                0x0000000020027564                __metal_driver_sifive_gpio0_enable_io
 .text.__metal_driver_sifive_gpio0_disable_io
                0x00000000200275a0       0x30 /home/hjh/Documents/Kyber_RV_M3/RISC-V/common//libmetal.a(sifive_gpio0.o)
                0x00000000200275a0                __metal_driver_sifive_gpio0_disable_io
 .text.__metal_driver_sifive_gpio0_config_int
                0x00000000200275d0       0xa8 /home/hjh/Documents/Kyber_RV_M3/RISC-V/common//libmetal.a(sifive_gpio0.o)
                0x00000000200275d0                __metal_driver_sifive_gpio0_config_int
 .text.__metal_driver_sifive_gpio0_clear_int
                0x0000000020027678       0x88 /home/hjh/Documents/Kyber_RV_M3/RISC-V/common//libmetal.a(sifive_gpio0.o)
                0x0000000020027678                __metal_driver_sifive_gpio0_clear_int
 .text.__metal_driver_gpio_interrupt_controller
                0x0000000020027700       0x16 /home/hjh/Documents/Kyber_RV_M3/RISC-V/common//libmetal.a(sifive_gpio0.o)
                0x0000000020027700                __metal_driver_gpio_interrupt_controller
 .text.__metal_driver_gpio_get_interrupt_id
                0x0000000020027716      0x146 /home/hjh/Documents/Kyber_RV_M3/RISC-V/common//libmetal.a(sifive_gpio0.o)
                0x0000000020027716                __metal_driver_gpio_get_interrupt_id
 .text.__metal_driver_sifive_uart0_interrupt_controller
                0x000000002002785c       0x26 /home/hjh/Documents/Kyber_RV_M3/RISC-V/common//libmetal.a(sifive_uart0.o)
                0x000000002002785c                __metal_driver_sifive_uart0_interrupt_controller
 .text.__metal_driver_sifive_uart0_get_interrupt_id
                0x0000000020027882       0x22 /home/hjh/Documents/Kyber_RV_M3/RISC-V/common//libmetal.a(sifive_uart0.o)
                0x0000000020027882                __metal_driver_sifive_uart0_get_interrupt_id
 .text.__metal_driver_sifive_uart0_tx_interrupt_enable
                0x00000000200278a4       0x4a /home/hjh/Documents/Kyber_RV_M3/RISC-V/common//libmetal.a(sifive_uart0.o)
                0x00000000200278a4                __metal_driver_sifive_uart0_tx_interrupt_enable
 .text.__metal_driver_sifive_uart0_tx_interrupt_disable
                0x00000000200278ee       0x44 /home/hjh/Documents/Kyber_RV_M3/RISC-V/common//libmetal.a(sifive_uart0.o)
                0x00000000200278ee                __metal_driver_sifive_uart0_tx_interrupt_disable
 .text.__metal_driver_sifive_uart0_rx_interrupt_enable
                0x0000000020027932       0x4a /home/hjh/Documents/Kyber_RV_M3/RISC-V/common//libmetal.a(sifive_uart0.o)
                0x0000000020027932                __metal_driver_sifive_uart0_rx_interrupt_enable
 .text.__metal_driver_sifive_uart0_rx_interrupt_disable
                0x000000002002797c       0x44 /home/hjh/Documents/Kyber_RV_M3/RISC-V/common//libmetal.a(sifive_uart0.o)
                0x000000002002797c                __metal_driver_sifive_uart0_rx_interrupt_disable
 .text.__metal_driver_sifive_uart0_txready
                0x00000000200279c0       0x34 /home/hjh/Documents/Kyber_RV_M3/RISC-V/common//libmetal.a(sifive_uart0.o)
                0x00000000200279c0                __metal_driver_sifive_uart0_txready
 .text.__metal_driver_sifive_uart0_set_tx_watermark
                0x00000000200279f4       0x5c /home/hjh/Documents/Kyber_RV_M3/RISC-V/common//libmetal.a(sifive_uart0.o)
                0x00000000200279f4                __metal_driver_sifive_uart0_set_tx_watermark
 .text.__metal_driver_sifive_uart0_get_tx_watermark
                0x0000000020027a50       0x3e /home/hjh/Documents/Kyber_RV_M3/RISC-V/common//libmetal.a(sifive_uart0.o)
                0x0000000020027a50                __metal_driver_sifive_uart0_get_tx_watermark
 .text.__metal_driver_sifive_uart0_set_rx_watermark
                0x0000000020027a8e       0x5c /home/hjh/Documents/Kyber_RV_M3/RISC-V/common//libmetal.a(sifive_uart0.o)
                0x0000000020027a8e                __metal_driver_sifive_uart0_set_rx_watermark
 .text.__metal_driver_sifive_uart0_get_rx_watermark
                0x0000000020027aea       0x3e /home/hjh/Documents/Kyber_RV_M3/RISC-V/common//libmetal.a(sifive_uart0.o)
                0x0000000020027aea                __metal_driver_sifive_uart0_get_rx_watermark
 .text.__metal_driver_sifive_uart0_putc
                0x0000000020027b28       0x50 /home/hjh/Documents/Kyber_RV_M3/RISC-V/common//libmetal.a(sifive_uart0.o)
                0x0000000020027b28                __metal_driver_sifive_uart0_putc
 .text.__metal_driver_sifive_uart0_getc
                0x0000000020027b78       0x3c /home/hjh/Documents/Kyber_RV_M3/RISC-V/common//libmetal.a(sifive_uart0.o)
                0x0000000020027b78                __metal_driver_sifive_uart0_getc
 .text.__metal_driver_sifive_uart0_get_baud_rate
                0x0000000020027bb4        0x4 /home/hjh/Documents/Kyber_RV_M3/RISC-V/common//libmetal.a(sifive_uart0.o)
                0x0000000020027bb4                __metal_driver_sifive_uart0_get_baud_rate
 .text.__metal_driver_sifive_uart0_set_baud_rate
                0x0000000020027bb8       0x98 /home/hjh/Documents/Kyber_RV_M3/RISC-V/common//libmetal.a(sifive_uart0.o)
                0x0000000020027bb8                __metal_driver_sifive_uart0_set_baud_rate
 .text.pre_rate_change_callback_func
                0x0000000020027c50       0xa4 /home/hjh/Documents/Kyber_RV_M3/RISC-V/common//libmetal.a(sifive_uart0.o)
 .text.post_rate_change_callback_func
                0x0000000020027cf4        0xa /home/hjh/Documents/Kyber_RV_M3/RISC-V/common//libmetal.a(sifive_uart0.o)
 .text.__metal_driver_sifive_uart0_init
                0x0000000020027cfe       0xd2 /home/hjh/Documents/Kyber_RV_M3/RISC-V/common//libmetal.a(sifive_uart0.o)
                0x0000000020027cfe                __metal_driver_sifive_uart0_init
 .text.metal_cpu_get
                0x0000000020027dd0        0xc /home/hjh/Documents/Kyber_RV_M3/RISC-V/common//libmetal.a(cpu.o)
                0x0000000020027dd0                metal_cpu_get
 .text.metal_cpu_get_current_hartid
                0x0000000020027ddc        0x6 /home/hjh/Documents/Kyber_RV_M3/RISC-V/common//libmetal.a(cpu.o)
                0x0000000020027ddc                metal_cpu_get_current_hartid
 *fill*         0x0000000020027de2       0x1e 
 .text          0x0000000020027e00       0x80 /home/hjh/Documents/Kyber_RV_M3/RISC-V/common//libmetal.a(vector.o)
                0x0000000020027e00                __metal_vector_table
 .text.__metal_driver_fixed_clock_get_rate_hz
                0x0000000020027e80       0x4e /home/hjh/Documents/Kyber_RV_M3/RISC-V/common//libmetal.a(fixed-clock.o)
                0x0000000020027e80                __metal_driver_fixed_clock_get_rate_hz
 .text.__metal_driver_fixed_clock_set_rate_hz
                0x0000000020027ece       0x4e /home/hjh/Documents/Kyber_RV_M3/RISC-V/common//libmetal.a(fixed-clock.o)
                0x0000000020027ece                __metal_driver_fixed_clock_set_rate_hz
 *(.gnu.linkonce.t.*)

.rela.dyn       0x0000000020027f1c        0x0
 .rela.text._sbrk_r
                0x0000000020027f1c        0x0 /tmp/ccxjSNoP.o
 .rela.text._vfprintf_r
                0x0000000020027f1c        0x0 /tmp/ccxjSNoP.o
 .rela.text._write_r
                0x0000000020027f1c        0x0 /tmp/ccxjSNoP.o
 .rela.text._close_r
                0x0000000020027f1c        0x0 /tmp/ccxjSNoP.o
 .rela.text._fstat_r
                0x0000000020027f1c        0x0 /tmp/ccxjSNoP.o
 .rela.text._isatty_r
                0x0000000020027f1c        0x0 /tmp/ccxjSNoP.o
 .rela.text._lseek_r
                0x0000000020027f1c        0x0 /tmp/ccxjSNoP.o
 .rela.text._read_r
                0x0000000020027f1c        0x0 /tmp/ccxjSNoP.o
 .rela.text.metal.init.enter
                0x0000000020027f1c        0x0 /tmp/ccxjSNoP.o
 .rela.text.metal.init.scrub
                0x0000000020027f1c        0x0 /tmp/ccxjSNoP.o
 .rela.text.libgloss.start
                0x0000000020027f1c        0x0 /tmp/ccxjSNoP.o
 .rela.text._sbrk
                0x0000000020027f1c        0x0 /tmp/ccxjSNoP.o
 .rela.sdata.__brk
                0x0000000020027f1c        0x0 /tmp/ccxjSNoP.o
 .rela.text.__libc_fini_array
                0x0000000020027f1c        0x0 /tmp/ccxjSNoP.o
 .rela.text.__libc_init_array
                0x0000000020027f1c        0x0 /tmp/ccxjSNoP.o
 .rela.text.__register_exitproc
                0x0000000020027f1c        0x0 /tmp/ccxjSNoP.o
 .rela.text.metal_init_run
                0x0000000020027f1c        0x0 /tmp/ccxjSNoP.o
 .rela.text.metal_fini_run
                0x0000000020027f1c        0x0 /tmp/ccxjSNoP.o
 .rela.text     0x0000000020027f1c        0x0 /tmp/ccxjSNoP.o

.data           0x0000000080000000      0xfec load address 0x0000000020027f20
 *(.data .data.*)
 .data.zetas    0x0000000080000000      0x100 /tmp/ccK7N73a.o
                0x0000000080000000                zetas
 .data.zetas_asm
                0x0000000080000100      0x200 /tmp/ccK7N73a.o
                0x0000000080000100                zetas_asm
 .data.zetas_inv_asm
                0x0000000080000300      0x200 /tmp/ccK7N73a.o
                0x0000000080000300                zetas_inv_asm
 .data.impure_data
                0x0000000080000500       0x60 /home/hjh/RISC-V/riscv64-unknown-elf-gcc-8.3.0-2020.04.0-x86_64-linux-ubuntu14/bin/../lib/gcc/riscv64-unknown-elf/8.3.0/../../../../riscv64-unknown-elf/lib/rv32imac/ilp32/libc_nano.a(lib_a-impure.o)
 .data.__metal_dt_clock_0
                0x0000000080000560        0xc /home/hjh/Documents/Kyber_RV_M3/RISC-V/common//libmetal.a(inline.o)
                0x0000000080000560                __metal_dt_clock_0
 .data.__metal_dt_clock_1
                0x000000008000056c        0xc /home/hjh/Documents/Kyber_RV_M3/RISC-V/common//libmetal.a(inline.o)
                0x000000008000056c                __metal_dt_clock_1
 .data.__metal_dt_clock_2
                0x0000000080000578        0xc /home/hjh/Documents/Kyber_RV_M3/RISC-V/common//libmetal.a(inline.o)
                0x0000000080000578                __metal_dt_clock_2
 .data.__metal_dt_clock_3
                0x0000000080000584        0xc /home/hjh/Documents/Kyber_RV_M3/RISC-V/common//libmetal.a(inline.o)
                0x0000000080000584                __metal_dt_clock_3
 .data.__metal_dt_clock_4
                0x0000000080000590        0xc /home/hjh/Documents/Kyber_RV_M3/RISC-V/common//libmetal.a(inline.o)
                0x0000000080000590                __metal_dt_clock_4
 .data.__metal_dt_clock_5
                0x000000008000059c        0xc /home/hjh/Documents/Kyber_RV_M3/RISC-V/common//libmetal.a(inline.o)
                0x000000008000059c                __metal_dt_clock_5
 .data.__metal_dt_clock_6
                0x00000000800005a8        0xc /home/hjh/Documents/Kyber_RV_M3/RISC-V/common//libmetal.a(inline.o)
                0x00000000800005a8                __metal_dt_clock_6
 *fill*         0x00000000800005b4        0x4 
 .data.__metal_dt_cpu_0_interrupt_controller
                0x00000000800005b8      0x3d0 /home/hjh/Documents/Kyber_RV_M3/RISC-V/common//libmetal.a(inline.o)
                0x00000000800005b8                __metal_dt_cpu_0_interrupt_controller
 .data.__metal_dt_interrupt_controller_c000000
                0x0000000080000988      0x5d8 /home/hjh/Documents/Kyber_RV_M3/RISC-V/common//libmetal.a(inline.o)
                0x0000000080000988                __metal_dt_interrupt_controller_c000000
 .data.__metal_dt_serial_10013000
                0x0000000080000f60       0x20 /home/hjh/Documents/Kyber_RV_M3/RISC-V/common//libmetal.a(inline.o)
                0x0000000080000f60                __metal_dt_serial_10013000
 .data.__metal_dt_serial_10023000
                0x0000000080000f80       0x20 /home/hjh/Documents/Kyber_RV_M3/RISC-V/common//libmetal.a(inline.o)
                0x0000000080000f80                __metal_dt_serial_10023000
 *(.gnu.linkonce.d.*)
                0x0000000080000fa0                . = ALIGN (0x8)
                0x00000000800017a0                PROVIDE (__global_pointer$ = (. + 0x800))
 *(.sdata .sdata.* .sdata2.*)
 .sdata._impure_ptr
                0x0000000080000fa0        0x4 /home/hjh/RISC-V/riscv64-unknown-elf-gcc-8.3.0-2020.04.0-x86_64-linux-ubuntu14/bin/../lib/gcc/riscv64-unknown-elf/8.3.0/../../../../riscv64-unknown-elf/lib/rv32imac/ilp32/libc_nano.a(lib_a-impure.o)
                0x0000000080000fa0                _impure_ptr
 .sdata2._global_impure_ptr
                0x0000000080000fa4        0x4 /home/hjh/RISC-V/riscv64-unknown-elf-gcc-8.3.0-2020.04.0-x86_64-linux-ubuntu14/bin/../lib/gcc/riscv64-unknown-elf/8.3.0/../../../../riscv64-unknown-elf/lib/rv32imac/ilp32/libc_nano.a(lib_a-impure.o)
                0x0000000080000fa4                _global_impure_ptr
 .sdata.__brk   0x0000000080000fa8        0x4 /home/hjh/Documents/Kyber_RV_M3/RISC-V/common//libmetal-gloss.a(sys_sbrk.o)
 .sdata.__metal_dt_clint_2000000
                0x0000000080000fac        0x8 /home/hjh/Documents/Kyber_RV_M3/RISC-V/common//libmetal.a(inline.o)
                0x0000000080000fac                __metal_dt_clint_2000000
 .sdata.__metal_dt_cpu_0
                0x0000000080000fb4        0x8 /home/hjh/Documents/Kyber_RV_M3/RISC-V/common//libmetal.a(inline.o)
                0x0000000080000fb4                __metal_dt_cpu_0
 .sdata.__metal_dt_gpio_10012000
                0x0000000080000fbc        0x4 /home/hjh/Documents/Kyber_RV_M3/RISC-V/common//libmetal.a(inline.o)
                0x0000000080000fbc                __metal_dt_gpio_10012000
 .sdata.__metal_dt_prci_10008000
                0x0000000080000fc0        0x4 /home/hjh/Documents/Kyber_RV_M3/RISC-V/common//libmetal.a(inline.o)
                0x0000000080000fc0                __metal_dt_prci_10008000
 .sdata.__metal_cpu_table
                0x0000000080000fc4        0x4 /home/hjh/Documents/Kyber_RV_M3/RISC-V/common//libmetal.a(riscv_cpu.o)
 .sdata2.__metal_driver_vtable_sifive_fe310_g000_hfrosc
                0x0000000080000fc8        0x8 /home/hjh/Documents/Kyber_RV_M3/RISC-V/common//libmetal.a(sifive_fe310-g000_hfrosc.o)
                0x0000000080000fc8                __metal_driver_vtable_sifive_fe310_g000_hfrosc
 .sdata2.__metal_driver_vtable_sifive_fe310_g000_hfxosc
                0x0000000080000fd0        0x8 /home/hjh/Documents/Kyber_RV_M3/RISC-V/common//libmetal.a(sifive_fe310-g000_hfxosc.o)
                0x0000000080000fd0                __metal_driver_vtable_sifive_fe310_g000_hfxosc
 .sdata2.__metal_driver_vtable_sifive_fe310_g000_prci
                0x0000000080000fd8        0x8 /home/hjh/Documents/Kyber_RV_M3/RISC-V/common//libmetal.a(sifive_fe310-g000_prci.o)
                0x0000000080000fd8                __metal_driver_vtable_sifive_fe310_g000_prci
 .sdata.__metal_cpu_table
                0x0000000080000fe0        0x4 /home/hjh/Documents/Kyber_RV_M3/RISC-V/common//libmetal.a(cpu.o)
 .sdata2.__metal_driver_vtable_fixed_clock
                0x0000000080000fe4        0x8 /home/hjh/Documents/Kyber_RV_M3/RISC-V/common//libmetal.a(fixed-clock.o)
                0x0000000080000fe4                __metal_driver_vtable_fixed_clock
 *(.gnu.linkonce.s.*)

.tdata          0x0000000080000ff0        0x0 load address 0x0000000020028f10
                0x0000000080000ff0                PROVIDE (__tls_base = .)
 *(.tdata .tdata.* .gnu.linkonce.td.*)
                [!provide]                        PROVIDE (__tdata_source = LOADADDR (.tdata))
                [!provide]                        PROVIDE (__tdata_size = SIZEOF (.tdata))
                0x0000000020027f20                PROVIDE (metal_segment_data_source_start = LOADADDR (.data))
                0x0000000080000000                PROVIDE (metal_segment_data_target_start = ADDR (.data))
                0x0000000080000ff0                PROVIDE (metal_segment_data_target_end = (ADDR (.tdata) + SIZEOF (.tdata)))

.tbss           0x0000000080000ff0        0x0
 *(.tbss .tbss.* .gnu.linkonce.tb.*)
 *(.tcommon .tcommon.*)
                [!provide]                        PROVIDE (__tls_end = .)
                0x0000000000000000                PROVIDE (__tbss_size = SIZEOF (.tbss))
                [!provide]                        PROVIDE (__tls_size = (__tls_end - __tls_base))

.tbss_space     0x0000000080000ff0        0x0
                0x0000000080000ff0                . = (. + __tbss_size)

.bss            0x0000000080000ff0      0x110
 *(.sbss*)
 .sbss.outleft  0x0000000080000ff0        0x4 /tmp/cc7i77Bx.o
 .sbss.__malloc_free_list
                0x0000000080000ff4        0x4 /home/hjh/RISC-V/riscv64-unknown-elf-gcc-8.3.0-2020.04.0-x86_64-linux-ubuntu14/bin/../lib/gcc/riscv64-unknown-elf/8.3.0/../../../../riscv64-unknown-elf/lib/rv32imac/ilp32/libc_nano.a(lib_a-nano-mallocr.o)
                0x0000000080000ff4                __malloc_free_list
 .sbss.__malloc_sbrk_start
                0x0000000080000ff8        0x4 /home/hjh/RISC-V/riscv64-unknown-elf-gcc-8.3.0-2020.04.0-x86_64-linux-ubuntu14/bin/../lib/gcc/riscv64-unknown-elf/8.3.0/../../../../riscv64-unknown-elf/lib/rv32imac/ilp32/libc_nano.a(lib_a-nano-mallocr.o)
                0x0000000080000ff8                __malloc_sbrk_start
 .sbss._global_atexit
                0x0000000080000ffc        0x4 /home/hjh/RISC-V/riscv64-unknown-elf-gcc-8.3.0-2020.04.0-x86_64-linux-ubuntu14/bin/../lib/gcc/riscv64-unknown-elf/8.3.0/../../../../riscv64-unknown-elf/lib/rv32imac/ilp32/libc_nano.a(lib_a-__call_atexit.o)
                0x0000000080000ffc                _global_atexit
 .sbss.fini_done.1540
                0x0000000080001000        0x4 /home/hjh/Documents/Kyber_RV_M3/RISC-V/common//libmetal.a(init.o)
 .sbss.init_done.1531
                0x0000000080001004        0x4 /home/hjh/Documents/Kyber_RV_M3/RISC-V/common//libmetal.a(init.o)
 *(.gnu.linkonce.sb.*)
 *(.bss .bss.*)
 .bss.buf.3195  0x0000000080001008       0x15 /tmp/ccxjSNoP.o
 *fill*         0x000000008000101d        0x3 
 .bss.in        0x0000000080001020       0x30 /tmp/cc7i77Bx.o
 .bss.out       0x0000000080001050       0x20 /tmp/cc7i77Bx.o
 .bss._global_atexit0
                0x0000000080001070       0x8c /home/hjh/RISC-V/riscv64-unknown-elf-gcc-8.3.0-2020.04.0-x86_64-linux-ubuntu14/bin/../lib/gcc/riscv64-unknown-elf/8.3.0/../../../../riscv64-unknown-elf/lib/rv32imac/ilp32/libc_nano.a(lib_a-__atexit.o)
 *(.gnu.linkonce.b.*)
 *(COMMON)
 COMMON         0x00000000800010fc        0x4 /home/hjh/RISC-V/riscv64-unknown-elf-gcc-8.3.0-2020.04.0-x86_64-linux-ubuntu14/bin/../lib/gcc/riscv64-unknown-elf/8.3.0/../../../../riscv64-unknown-elf/lib/rv32imac/ilp32/libc_nano.a(lib_a-reent.o)
                0x00000000800010fc                errno
                [!provide]                        PROVIDE (metal_segment_bss_source_start = LOADADDR (.tbss))
                0x0000000080000ff0                PROVIDE (metal_segment_bss_target_start = ADDR (.tbss))
                0x0000000080001100                PROVIDE (metal_segment_bss_target_end = (ADDR (.bss) + SIZEOF (.bss)))

.stack          0x0000000080001100     0x2000
                [!provide]                        PROVIDE (metal_segment_stack_begin = .)
                0x0000000080003100                . = (. + __stack_size)
 *fill*         0x0000000080001100     0x2000 
                0x0000000080003100                PROVIDE (_sp = .)
                [!provide]                        PROVIDE (metal_segment_stack_end = .)

.heap           0x0000000080003100      0xf00
                [!provide]                        PROVIDE (__end = .)
                [!provide]                        PROVIDE (__heap_start = .)
                0x0000000080003100                PROVIDE (metal_segment_heap_target_start = .)
                0x0000000000000f00                . = DEFINED (__heap_max)?MIN ((LENGTH (ram) - (. - ORIGIN (ram))), 0x10000000):__heap_size
 *fill*         0x0000000080003100      0xf00 
                0x0000000080004000                PROVIDE (metal_segment_heap_target_end = .)
                [!provide]                        PROVIDE (_heap_end = .)
                [!provide]                        PROVIDE (__heap_end = .)

/DISCARD/
 *(.eh_frame .eh_frame.*)
OUTPUT(elf/crypto_kem_kyber512-90s_fspeed_speed.elf elf32-littleriscv)

.comment        0x0000000000000000       0x28
 .comment       0x0000000000000000       0x28 /tmp/ccxjSNoP.o
                                         0x29 (size before relaxing)
 .comment       0x0000000000000028       0x29 /tmp/ccnWj5qs.o
 .comment       0x0000000000000028       0x29 /tmp/cc0yhaT9.o
 .comment       0x0000000000000028       0x29 /tmp/cc7i77Bx.o
 .comment       0x0000000000000028       0x29 /tmp/cccrkX47.o
 .comment       0x0000000000000028       0x29 /tmp/ccksrVC3.o
 .comment       0x0000000000000028       0x29 /tmp/ccj12swQ.o
 .comment       0x0000000000000028       0x29 /tmp/cciEfV6x.o
 .comment       0x0000000000000028       0x29 /tmp/ccK7N73a.o
 .comment       0x0000000000000028       0x29 /tmp/cc2QDmwG.o
 .comment       0x0000000000000028       0x29 /tmp/ccgrfiAt.o
 .comment       0x0000000000000028       0x29 /tmp/ccA5dn9g.o
 .comment       0x0000000000000028       0x29 /tmp/ccPScLmz.o
 .comment       0x0000000000000028       0x29 /home/hjh/RISC-V/riscv64-unknown-elf-gcc-8.3.0-2020.04.0-x86_64-linux-ubuntu14/bin/../lib/gcc/riscv64-unknown-elf/8.3.0/../../../../riscv64-unknown-elf/lib/rv32imac/ilp32/libc_nano.a(lib_a-exit.o)
 .comment       0x0000000000000028       0x29 /home/hjh/RISC-V/riscv64-unknown-elf-gcc-8.3.0-2020.04.0-x86_64-linux-ubuntu14/bin/../lib/gcc/riscv64-unknown-elf/8.3.0/../../../../riscv64-unknown-elf/lib/rv32imac/ilp32/libc_nano.a(lib_a-impure.o)
 .comment       0x0000000000000028       0x29 /home/hjh/RISC-V/riscv64-unknown-elf-gcc-8.3.0-2020.04.0-x86_64-linux-ubuntu14/bin/../lib/gcc/riscv64-unknown-elf/8.3.0/../../../../riscv64-unknown-elf/lib/rv32imac/ilp32/libc_nano.a(lib_a-malloc.o)
 .comment       0x0000000000000028       0x29 /home/hjh/RISC-V/riscv64-unknown-elf-gcc-8.3.0-2020.04.0-x86_64-linux-ubuntu14/bin/../lib/gcc/riscv64-unknown-elf/8.3.0/../../../../riscv64-unknown-elf/lib/rv32imac/ilp32/libc_nano.a(lib_a-nano-freer.o)
 .comment       0x0000000000000028       0x29 /home/hjh/RISC-V/riscv64-unknown-elf-gcc-8.3.0-2020.04.0-x86_64-linux-ubuntu14/bin/../lib/gcc/riscv64-unknown-elf/8.3.0/../../../../riscv64-unknown-elf/lib/rv32imac/ilp32/libc_nano.a(lib_a-nano-mallocr.o)
 .comment       0x0000000000000028       0x29 /home/hjh/RISC-V/riscv64-unknown-elf-gcc-8.3.0-2020.04.0-x86_64-linux-ubuntu14/bin/../lib/gcc/riscv64-unknown-elf/8.3.0/../../../../riscv64-unknown-elf/lib/rv32imac/ilp32/libc_nano.a(lib_a-printf.o)
 .comment       0x0000000000000028       0x29 /home/hjh/RISC-V/riscv64-unknown-elf-gcc-8.3.0-2020.04.0-x86_64-linux-ubuntu14/bin/../lib/gcc/riscv64-unknown-elf/8.3.0/../../../../riscv64-unknown-elf/lib/rv32imac/ilp32/libc_nano.a(lib_a-puts.o)
 .comment       0x0000000000000028       0x29 /home/hjh/RISC-V/riscv64-unknown-elf-gcc-8.3.0-2020.04.0-x86_64-linux-ubuntu14/bin/../lib/gcc/riscv64-unknown-elf/8.3.0/../../../../riscv64-unknown-elf/lib/rv32imac/ilp32/libc_nano.a(lib_a-sbrkr.o)
 .comment       0x0000000000000028       0x29 /home/hjh/RISC-V/riscv64-unknown-elf-gcc-8.3.0-2020.04.0-x86_64-linux-ubuntu14/bin/../lib/gcc/riscv64-unknown-elf/8.3.0/../../../../riscv64-unknown-elf/lib/rv32imac/ilp32/libc_nano.a(lib_a-wbuf.o)
 .comment       0x0000000000000028       0x29 /home/hjh/RISC-V/riscv64-unknown-elf-gcc-8.3.0-2020.04.0-x86_64-linux-ubuntu14/bin/../lib/gcc/riscv64-unknown-elf/8.3.0/../../../../riscv64-unknown-elf/lib/rv32imac/ilp32/libc_nano.a(lib_a-wsetup.o)
 .comment       0x0000000000000028       0x29 /home/hjh/RISC-V/riscv64-unknown-elf-gcc-8.3.0-2020.04.0-x86_64-linux-ubuntu14/bin/../lib/gcc/riscv64-unknown-elf/8.3.0/../../../../riscv64-unknown-elf/lib/rv32imac/ilp32/libc_nano.a(lib_a-fflush.o)
 .comment       0x0000000000000028       0x29 /home/hjh/RISC-V/riscv64-unknown-elf-gcc-8.3.0-2020.04.0-x86_64-linux-ubuntu14/bin/../lib/gcc/riscv64-unknown-elf/8.3.0/../../../../riscv64-unknown-elf/lib/rv32imac/ilp32/libc_nano.a(lib_a-findfp.o)
 .comment       0x0000000000000028       0x29 /home/hjh/RISC-V/riscv64-unknown-elf-gcc-8.3.0-2020.04.0-x86_64-linux-ubuntu14/bin/../lib/gcc/riscv64-unknown-elf/8.3.0/../../../../riscv64-unknown-elf/lib/rv32imac/ilp32/libc_nano.a(lib_a-fwalk.o)
 .comment       0x0000000000000028       0x29 /home/hjh/RISC-V/riscv64-unknown-elf-gcc-8.3.0-2020.04.0-x86_64-linux-ubuntu14/bin/../lib/gcc/riscv64-unknown-elf/8.3.0/../../../../riscv64-unknown-elf/lib/rv32imac/ilp32/libc_nano.a(lib_a-makebuf.o)
 .comment       0x0000000000000028       0x29 /home/hjh/RISC-V/riscv64-unknown-elf-gcc-8.3.0-2020.04.0-x86_64-linux-ubuntu14/bin/../lib/gcc/riscv64-unknown-elf/8.3.0/../../../../riscv64-unknown-elf/lib/rv32imac/ilp32/libc_nano.a(lib_a-mlock.o)
 .comment       0x0000000000000028       0x29 /home/hjh/RISC-V/riscv64-unknown-elf-gcc-8.3.0-2020.04.0-x86_64-linux-ubuntu14/bin/../lib/gcc/riscv64-unknown-elf/8.3.0/../../../../riscv64-unknown-elf/lib/rv32imac/ilp32/libc_nano.a(lib_a-nano-vfprintf.o)
 .comment       0x0000000000000028       0x29 /home/hjh/RISC-V/riscv64-unknown-elf-gcc-8.3.0-2020.04.0-x86_64-linux-ubuntu14/bin/../lib/gcc/riscv64-unknown-elf/8.3.0/../../../../riscv64-unknown-elf/lib/rv32imac/ilp32/libc_nano.a(lib_a-reent.o)
 .comment       0x0000000000000028       0x29 /home/hjh/RISC-V/riscv64-unknown-elf-gcc-8.3.0-2020.04.0-x86_64-linux-ubuntu14/bin/../lib/gcc/riscv64-unknown-elf/8.3.0/../../../../riscv64-unknown-elf/lib/rv32imac/ilp32/libc_nano.a(lib_a-stdio.o)
 .comment       0x0000000000000028       0x29 /home/hjh/RISC-V/riscv64-unknown-elf-gcc-8.3.0-2020.04.0-x86_64-linux-ubuntu14/bin/../lib/gcc/riscv64-unknown-elf/8.3.0/../../../../riscv64-unknown-elf/lib/rv32imac/ilp32/libc_nano.a(lib_a-writer.o)